[18:36:10.120] +00:00.007 [SYSTEM      ] ═══════════════════════════════════════
[18:36:10.120] +00:00.009 [SYSTEM      ] YDrive — Oturum Başladı
[18:36:10.120] +00:00.009 [SYSTEM      ] Zaman       : 2026-08-01 18:36:10
[18:36:10.120] +00:00.009 [SYSTEM      ] Log Dosyası : C:\Users\Yiğit\Desktop\YDrive first\bin\Release\logs\diag_20260801_183610.log
[18:36:10.120] +00:00.009 [SYSTEM      ] OS          : Microsoft Windows NT 10.0.26200.0
[18:36:10.121] +00:00.009 [SYSTEM      ] 64-bit      : True
[18:36:10.121] +00:00.009 [SYSTEM      ] .NET Sürümü : 8.0.29
[18:36:10.121] +00:00.009 [SYSTEM      ] ═══════════════════════════════════════
[18:36:10.121] +00:00.010 [CORE        ] Callback'ler kaydedildi (Init öncesi) — Environment, Video, AudioSample, AudioBatch, Input
[18:36:10.121] +00:00.010 [ENV         ] GET_LOG_INTERFACE → log callback kaydedildi
[18:36:10.121] +00:00.010 [CORE        ] retro_init() tamamlandı
[18:36:10.122] +00:00.010 [CORE        ] Yüklendi: Genesis Plus GX vv1.7.4 ca93fec | NeedFullPath: True
[18:36:13.261] +00:03.149 [AUDIO       ] ══ Initialize sampleRate=44100 ══
[18:36:13.261] +00:03.149 [AUDIO       ] BufferedWaveProvider: 44100Hz 16bit 2ch, bufLen=352800
[18:36:13.718] +00:03.607 [AUDIO       ] ✓ WaveOutEvent başlatıldı, PlaybackState=Playing
[18:36:13.720] +00:03.609 [AUDIO       ] Volume başlangıç seviyesi: 1,000
[18:36:13.722] +00:03.611 [CORE        ] Kısa yol üretildi: C:\Users\Public\SONICT~1\SONICT~1.MD
[18:36:13.722] +00:03.611 [CORE        ] Tüm callback'ler yeniden kaydedildi — Env=True, Video=True, AudioSample=True, AudioBatch=True, InputPoll=True, InputState=True
[18:36:13.722] +00:03.611 [CORE        ] retro_load_game çağrılıyor — NeedFullPath=True, Size=524288 bytes
[18:36:13.723] +00:03.611 [CORE_INFO   ] Frontend supports RGB565 - will use that instead of XRGB1555.
[18:36:13.723] +00:03.612 [GET_VAR     ] Key: genesis_plus_gx_system_bram → null
[18:36:13.723] +00:03.612 [GET_VAR     ] Key: genesis_plus_gx_cart_size → null
[18:36:13.723] +00:03.612 [GET_VAR     ] Key: genesis_plus_gx_cart_bram → null
[18:36:13.723] +00:03.612 [GET_VAR     ] Key: genesis_plus_gx_system_hw → auto
[18:36:13.723] +00:03.612 [GET_VAR     ] Key: genesis_plus_gx_bios → disabled
[18:36:13.723] +00:03.612 [GET_VAR     ] Key: genesis_plus_gx_region_detect → auto
[18:36:13.723] +00:03.612 [GET_VAR     ] Key: genesis_plus_gx_vdp_mode → null
[18:36:13.723] +00:03.612 [GET_VAR     ] Key: genesis_plus_gx_force_dtack → enabled
[18:36:13.723] +00:03.612 [GET_VAR     ] Key: genesis_plus_gx_addr_error → enabled
[18:36:13.723] +00:03.612 [GET_VAR     ] Key: genesis_plus_gx_cd_latency → null
[18:36:13.723] +00:03.612 [GET_VAR     ] Key: genesis_plus_gx_cd_precache → null
[18:36:13.723] +00:03.612 [GET_VAR     ] Key: genesis_plus_gx_add_on → null
[18:36:13.723] +00:03.612 [GET_VAR     ] Key: genesis_plus_gx_lock_on → null
[18:36:13.723] +00:03.612 [GET_VAR_AUDIO] KEY=genesis_plus_gx_ym2413 → VALUE=enabled
[18:36:13.723] +00:03.612 [GET_VAR_AUDIO] KEY=genesis_plus_gx_ym2413_core → VALUE=null (unhandled!)
[18:36:13.723] +00:03.612 [GET_VAR_AUDIO] KEY=genesis_plus_gx_sound_output → VALUE=stereo
[18:36:13.723] +00:03.612 [GET_VAR_AUDIO] KEY=genesis_plus_gx_psg_preamp → VALUE=150
[18:36:13.723] +00:03.612 [GET_VAR_AUDIO] KEY=genesis_plus_gx_fm_preamp → VALUE=150
[18:36:13.723] +00:03.612 [GET_VAR     ] Key: genesis_plus_gx_cdda_volume → 100
[18:36:13.723] +00:03.612 [GET_VAR     ] Key: genesis_plus_gx_pcm_volume → 100
[18:36:13.723] +00:03.612 [GET_VAR_AUDIO] KEY=genesis_plus_gx_audio_filter → VALUE=disabled
[18:36:13.723] +00:03.612 [GET_VAR     ] Key: genesis_plus_gx_lowpass_range → 60
[18:36:13.723] +00:03.612 [GET_VAR_AUDIO] KEY=genesis_plus_gx_audio_eq_low → VALUE=null (unhandled!)
[18:36:13.723] +00:03.612 [GET_VAR_AUDIO] KEY=genesis_plus_gx_audio_eq_mid → VALUE=null (unhandled!)
[18:36:13.723] +00:03.612 [GET_VAR_AUDIO] KEY=genesis_plus_gx_audio_eq_high → VALUE=null (unhandled!)
[18:36:13.723] +00:03.612 [GET_VAR_AUDIO] KEY=genesis_plus_gx_ym2612 → VALUE=nuked
[18:36:13.723] +00:03.612 [GET_VAR     ] Key: genesis_plus_gx_frameskip → disabled
[18:36:13.723] +00:03.612 [GET_VAR     ] Key: genesis_plus_gx_frameskip_threshold → null
[18:36:13.723] +00:03.612 [GET_VAR     ] Key: genesis_plus_gx_blargg_ntsc_filter → null
[18:36:13.723] +00:03.612 [GET_VAR     ] Key: genesis_plus_gx_lcd_filter → null
[18:36:13.723] +00:03.612 [GET_VAR     ] Key: genesis_plus_gx_overscan → disabled
[18:36:13.723] +00:03.612 [GET_VAR     ] Key: genesis_plus_gx_gg_extra → disabled
[18:36:13.723] +00:03.612 [GET_VAR     ] Key: genesis_plus_gx_aspect_ratio → null
[18:36:13.723] +00:03.612 [GET_VAR     ] Key: genesis_plus_gx_render → single field
[18:36:13.723] +00:03.612 [GET_VAR     ] Key: genesis_plus_gx_gun_cursor → no
[18:36:13.723] +00:03.612 [GET_VAR     ] Key: genesis_plus_gx_gun_input → null
[18:36:13.723] +00:03.612 [GET_VAR     ] Key: genesis_plus_gx_invert_mouse → no
[18:36:13.723] +00:03.612 [GET_VAR     ] Key: genesis_plus_gx_left_border → null
[18:36:13.723] +00:03.612 [GET_VAR     ] Key: genesis_plus_gx_overclock → 100%
[18:36:13.723] +00:03.612 [GET_VAR     ] Key: genesis_plus_gx_no_sprite_limit → disabled
[18:36:13.723] +00:03.612 [GET_VAR     ] Key: genesis_plus_gx_enhanced_vscroll → null
[18:36:13.723] +00:03.612 [GET_VAR     ] Key: genesis_plus_gx_enhanced_vscroll_limit → null
[18:36:13.723] +00:03.612 [GET_VAR_AUDIO] KEY=genesis_plus_gx_psg_channel_0_volume → VALUE=null (unhandled!)
[18:36:13.723] +00:03.612 [GET_VAR_AUDIO] KEY=genesis_plus_gx_psg_channel_1_volume → VALUE=null (unhandled!)
[18:36:13.723] +00:03.612 [GET_VAR_AUDIO] KEY=genesis_plus_gx_psg_channel_2_volume → VALUE=null (unhandled!)
[18:36:13.723] +00:03.612 [GET_VAR_AUDIO] KEY=genesis_plus_gx_psg_channel_3_volume → VALUE=null (unhandled!)
[18:36:13.723] +00:03.612 [GET_VAR     ] Key: genesis_plus_gx_md_channel_0_volume → null
[18:36:13.723] +00:03.612 [GET_VAR     ] Key: genesis_plus_gx_md_channel_1_volume → null
[18:36:13.723] +00:03.612 [GET_VAR     ] Key: genesis_plus_gx_md_channel_2_volume → null
[18:36:13.723] +00:03.612 [GET_VAR     ] Key: genesis_plus_gx_md_channel_3_volume → null
[18:36:13.723] +00:03.612 [GET_VAR     ] Key: genesis_plus_gx_md_channel_4_volume → null
[18:36:13.723] +00:03.612 [GET_VAR     ] Key: genesis_plus_gx_md_channel_5_volume → null
[18:36:13.723] +00:03.612 [GET_VAR     ] Key: genesis_plus_gx_sms_fm_channel_0_volume → null
[18:36:13.723] +00:03.612 [GET_VAR     ] Key: genesis_plus_gx_sms_fm_channel_1_volume → null
[18:36:13.723] +00:03.612 [GET_VAR     ] Key: genesis_plus_gx_sms_fm_channel_2_volume → null
[18:36:13.723] +00:03.612 [GET_VAR     ] Key: genesis_plus_gx_sms_fm_channel_3_volume → null
[18:36:13.723] +00:03.612 [GET_VAR     ] Key: genesis_plus_gx_sms_fm_channel_4_volume → null
[18:36:13.723] +00:03.612 [GET_VAR     ] Key: genesis_plus_gx_sms_fm_channel_5_volume → null
[18:36:13.723] +00:03.612 [GET_VAR     ] Key: genesis_plus_gx_sms_fm_channel_6_volume → null
[18:36:13.723] +00:03.612 [GET_VAR     ] Key: genesis_plus_gx_sms_fm_channel_7_volume → null
[18:36:13.723] +00:03.612 [GET_VAR     ] Key: genesis_plus_gx_sms_fm_channel_8_volume → null
[18:36:13.723] +00:03.612 [GET_VAR_AUDIO] KEY=genesis_plus_gx_show_advanced_audio_settings → VALUE=null (unhandled!)
[18:36:13.723] +00:03.612 [CORE_DEBUG  ] Game Genie ROM should be located at: C:\Users\YiÄŸit\Desktop\YDrive first\bin\system\ggenie.bin
[18:36:13.723] +00:03.612 [CORE_DEBUG  ] Action Replay (Pro) ROM should be located at: C:\Users\YiÄŸit\Desktop\YDrive first\bin\system\areplay.bin
[18:36:13.723] +00:03.612 [CORE_DEBUG  ] Sonic & Knuckles (2 MB) ROM should be located at: C:\Users\YiÄŸit\Desktop\YDrive first\bin\system\sk.bin
[18:36:13.723] +00:03.612 [CORE_DEBUG  ] Sonic & Knuckles UPMEM (256 KB) ROM should be located at: C:\Users\YiÄŸit\Desktop\YDrive first\bin\system\sk2chip.bin
[18:36:13.723] +00:03.612 [CORE_DEBUG  ] Mega Drive TMSS BOOTROM should be located at: C:\Users\YiÄŸit\Desktop\YDrive first\bin\system\bios_MD.bin
[18:36:13.723] +00:03.612 [CORE_DEBUG  ] Game Gear TMSS BOOTROM should be located at: C:\Users\YiÄŸit\Desktop\YDrive first\bin\system\bios.gg
[18:36:13.723] +00:03.612 [CORE_DEBUG  ] Master System (PAL) BOOTROM should be located at: C:\Users\YiÄŸit\Desktop\YDrive first\bin\system\bios_E.sms
[18:36:13.723] +00:03.612 [CORE_DEBUG  ] Master System (NTSC-U) BOOTROM should be located at: C:\Users\YiÄŸit\Desktop\YDrive first\bin\system\bios_U.sms
[18:36:13.723] +00:03.612 [CORE_DEBUG  ] Master System (NTSC-J) BOOTROM should be located at: C:\Users\YiÄŸit\Desktop\YDrive first\bin\system\bios_J.sms
[18:36:13.723] +00:03.612 [CORE_DEBUG  ] Mega CD (PAL) BIOS should be located at: C:\Users\YiÄŸit\Desktop\YDrive first\bin\system\bios_CD_E.bin
[18:36:13.723] +00:03.612 [CORE_DEBUG  ] Sega CD (NTSC-U) BIOS should be located at: C:\Users\YiÄŸit\Desktop\YDrive first\bin\system\bios_CD_U.bin
[18:36:13.723] +00:03.612 [CORE_DEBUG  ] Mega CD (NTSC-J) BIOS should be located at: C:\Users\YiÄŸit\Desktop\YDrive first\bin\system\bios_CD_J.bin
[18:36:13.723] +00:03.612 [CORE_DEBUG  ] Mega CD (PAL) BRAM is located at: C:\Users\YiÄŸit\Desktop\YDrive first\bin\saves\scd_E.brm
[18:36:13.723] +00:03.612 [CORE_DEBUG  ] Sega CD (NTSC-U) BRAM is located at: C:\Users\YiÄŸit\Desktop\YDrive first\bin\saves\scd_U.brm
[18:36:13.723] +00:03.612 [CORE_DEBUG  ] Mega CD (NTSC-J) BRAM is located at: C:\Users\YiÄŸit\Desktop\YDrive first\bin\saves\scd_J.brm
[18:36:13.723] +00:03.612 [CORE_DEBUG  ] Sega/Mega CD RAM CART is located at: 
[18:36:13.724] +00:03.613 [CORE_INFO   ] Loading 524288 bytes ...
[18:36:13.727] +00:03.616 [CORE        ] AV Bilgisi — FPS: 59,92, SampleRate: 44100, Çözünürlük: 256x192, AspectRatio: 1,524
[18:36:13.734] +00:03.623 [BATCH_RAW   ] #1: frames=735, rawNonZero=False, hex=00-00-00-00-00-00-00-00-00-00-00-00-00-00-00-00-00-00-00-00-00-00-00-00-00-00-00-00-00-00-00-00, ptr=0x7FFA3174DD40, subscribers=1
[18:36:13.735] +00:03.624 [AUDIO_RAW   ] WriteSamples #1: frames=735, rawNonZero=False, rawHex=00-00-00-00-00-00-00-00-00-00-00-00-00-00-00-00-00-00-00-00-00-00-00-00-00-00-00-00-00-00-00-00
[18:36:13.735] +00:03.624 [AUDIO       ] ⚡ WaveOut durmuştu → Play() çağrıldı
[18:36:13.737] +00:03.626 [AUDIO       ] WriteSamples #1: frames=735, sampleCount=1470, nonZero=False, hex=00-00-00-00-00-00-00-00-00-00-00-00-00-00-00-00, volume=1,00, buffered=2940, playState=Playing
[18:36:13.747] +00:03.636 [BATCH_RAW   ] #2: frames=736, rawNonZero=False, hex=00-00-00-00-00-00-00-00-00-00-00-00-00-00-00-00-00-00-00-00-00-00-00-00-00-00-00-00-00-00-00-00, ptr=0x7FFA3174DD40, subscribers=1
[18:36:13.747] +00:03.636 [AUDIO_RAW   ] WriteSamples #2: frames=736, rawNonZero=False, rawHex=00-00-00-00-00-00-00-00-00-00-00-00-00-00-00-00-00-00-00-00-00-00-00-00-00-00-00-00-00-00-00-00
[18:36:13.747] +00:03.636 [AUDIO       ] WriteSamples #2: frames=736, sampleCount=1472, nonZero=False, hex=00-00-00-00-00-00-00-00-00-00-00-00-00-00-00-00, volume=1,00, buffered=2944, playState=Playing
[18:36:13.764] +00:03.653 [BATCH_RAW   ] #3: frames=736, rawNonZero=False, hex=00-00-00-00-00-00-00-00-00-00-00-00-00-00-00-00-00-00-00-00-00-00-00-00-00-00-00-00-00-00-00-00, ptr=0x7FFA3174DD40, subscribers=1
[18:36:13.764] +00:03.653 [AUDIO_RAW   ] WriteSamples #3: frames=736, rawNonZero=False, rawHex=00-00-00-00-00-00-00-00-00-00-00-00-00-00-00-00-00-00-00-00-00-00-00-00-00-00-00-00-00-00-00-00
[18:36:13.764] +00:03.653 [AUDIO       ] WriteSamples #3: frames=736, sampleCount=1472, nonZero=False, hex=00-00-00-00-00-00-00-00-00-00-00-00-00-00-00-00, volume=1,00, buffered=5888, playState=Playing
[18:36:13.781] +00:03.669 [BATCH_RAW   ] #4: frames=736, rawNonZero=False, hex=00-00-00-00-00-00-00-00-00-00-00-00-00-00-00-00-00-00-00-00-00-00-00-00-00-00-00-00-00-00-00-00, ptr=0x7FFA3174DD40, subscribers=1
[18:36:13.781] +00:03.669 [AUDIO_RAW   ] WriteSamples #4: frames=736, rawNonZero=False, rawHex=00-00-00-00-00-00-00-00-00-00-00-00-00-00-00-00-00-00-00-00-00-00-00-00-00-00-00-00-00-00-00-00
[18:36:13.781] +00:03.669 [AUDIO       ] WriteSamples #4: frames=736, sampleCount=1472, nonZero=False, hex=00-00-00-00-00-00-00-00-00-00-00-00-00-00-00-00, volume=1,00, buffered=2944, playState=Playing
[18:36:13.797] +00:03.686 [BATCH_RAW   ] #5: frames=736, rawNonZero=False, hex=00-00-00-00-00-00-00-00-00-00-00-00-00-00-00-00-00-00-00-00-00-00-00-00-00-00-00-00-00-00-00-00, ptr=0x7FFA3174DD40, subscribers=1
[18:36:13.797] +00:03.686 [AUDIO_RAW   ] WriteSamples #5: frames=736, rawNonZero=False, rawHex=00-00-00-00-00-00-00-00-00-00-00-00-00-00-00-00-00-00-00-00-00-00-00-00-00-00-00-00-00-00-00-00
[18:36:13.797] +00:03.686 [AUDIO       ] WriteSamples #5: frames=736, sampleCount=1472, nonZero=False, hex=00-00-00-00-00-00-00-00-00-00-00-00-00-00-00-00, volume=1,00, buffered=5888, playState=Playing
[18:36:13.814] +00:03.703 [AUDIO_RAW   ] WriteSamples #6: frames=736, rawNonZero=False, rawHex=00-00-00-00-00-00-00-00-00-00-00-00-00-00-00-00-00-00-00-00-00-00-00-00-00-00-00-00-00-00-00-00
[18:36:13.814] +00:03.703 [AUDIO       ] WriteSamples #6: frames=736, sampleCount=1472, nonZero=False, hex=00-00-00-00-00-00-00-00-00-00-00-00-00-00-00-00, volume=1,00, buffered=8832, playState=Playing
[18:36:13.830] +00:03.719 [AUDIO_RAW   ] WriteSamples #7: frames=736, rawNonZero=False, rawHex=00-00-00-00-00-00-00-00-00-00-00-00-00-00-00-00-00-00-00-00-00-00-00-00-00-00-00-00-00-00-00-00
[18:36:13.831] +00:03.719 [AUDIO       ] WriteSamples #7: frames=736, sampleCount=1472, nonZero=False, hex=00-00-00-00-00-00-00-00-00-00-00-00-00-00-00-00, volume=1,00, buffered=2944, playState=Playing
[18:36:13.847] +00:03.736 [AUDIO_RAW   ] WriteSamples #8: frames=736, rawNonZero=False, rawHex=00-00-00-00-00-00-00-00-00-00-00-00-00-00-00-00-00-00-00-00-00-00-00-00-00-00-00-00-00-00-00-00
[18:36:13.847] +00:03.736 [AUDIO       ] WriteSamples #8: frames=736, sampleCount=1472, nonZero=False, hex=00-00-00-00-00-00-00-00-00-00-00-00-00-00-00-00, volume=1,00, buffered=2944, playState=Playing
[18:36:13.864] +00:03.752 [AUDIO_RAW   ] WriteSamples #9: frames=736, rawNonZero=False, rawHex=00-00-00-00-00-00-00-00-00-00-00-00-00-00-00-00-00-00-00-00-00-00-00-00-00-00-00-00-00-00-00-00
[18:36:13.864] +00:03.753 [AUDIO       ] WriteSamples #9: frames=736, sampleCount=1472, nonZero=False, hex=00-00-00-00-00-00-00-00-00-00-00-00-00-00-00-00, volume=1,00, buffered=5888, playState=Playing
[18:36:13.881] +00:03.769 [BATCH_RAW   ] #10: frames=736, rawNonZero=False, hex=00-00-00-00-00-00-00-00-00-00-00-00-00-00-00-00-00-00-00-00-00-00-00-00-00-00-00-00-00-00-00-00, ptr=0x7FFA3174DD40, subscribers=1
[18:36:13.881] +00:03.769 [AUDIO_RAW   ] WriteSamples #10: frames=736, rawNonZero=False, rawHex=00-00-00-00-00-00-00-00-00-00-00-00-00-00-00-00-00-00-00-00-00-00-00-00-00-00-00-00-00-00-00-00
[18:36:13.884] +00:03.772 [AUDIO       ] WriteSamples #10: frames=736, sampleCount=1472, nonZero=False, hex=00-00-00-00-00-00-00-00-00-00-00-00-00-00-00-00, volume=1,00, buffered=4068, playState=Playing
[18:36:13.964] +00:03.853 [BATCH_RAW   ] #15: frames=736, rawNonZero=False, hex=00-00-00-00-00-00-00-00-00-00-00-00-00-00-00-00-00-00-00-00-00-00-00-00-00-00-00-00-00-00-00-00, ptr=0x7FFA3174DD40, subscribers=1
[18:36:14.048] +00:03.936 [BATCH_RAW   ] #20: frames=735, rawNonZero=False, hex=00-00-00-00-00-00-00-00-00-00-00-00-00-00-00-00-00-00-00-00-00-00-00-00-00-00-00-00-00-00-00-00, ptr=0x7FFA3174DD40, subscribers=1
[18:36:14.131] +00:04.020 [BATCH_RAW   ] #25: frames=736, rawNonZero=False, hex=00-00-00-00-00-00-00-00-00-00-00-00-00-00-00-00-00-00-00-00-00-00-00-00-00-00-00-00-00-00-00-00, ptr=0x7FFA3174DD40, subscribers=1
[18:36:14.215] +00:04.103 [BATCH_RAW   ] #30: frames=736, rawNonZero=False, hex=00-00-00-00-00-00-00-00-00-00-00-00-00-00-00-00-00-00-00-00-00-00-00-00-00-00-00-00-00-00-00-00, ptr=0x7FFA3174DD40, subscribers=1
[18:36:14.715] +00:04.604 [CALLBACK    ] AudioBatch #60: totalSingle=0, totalBatch=60
[18:36:15.717] +00:05.605 [CALLBACK    ] AudioBatch #120: totalSingle=0, totalBatch=120
[18:36:16.718] +00:06.607 [CALLBACK    ] AudioBatch #180: totalSingle=0, totalBatch=180
[18:36:16.718] +00:06.607 [AUDIO       ] WriteSamples #180: totalFrames=132470, nonZero=14/180, buffered=5212, playState=Playing
[18:36:17.719] +00:07.608 [CALLBACK    ] AudioBatch #240: totalSingle=0, totalBatch=240
[18:36:18.720] +00:08.609 [CALLBACK    ] AudioBatch #300: totalSingle=0, totalBatch=300
[18:36:19.722] +00:09.610 [CALLBACK    ] AudioBatch #360: totalSingle=0, totalBatch=360
[18:36:19.722] +00:09.610 [AUDIO       ] WriteSamples #360: totalFrames=264941, nonZero=111/360, buffered=6404, playState=Playing
[18:36:20.723] +00:10.612 [CALLBACK    ] AudioBatch #420: totalSingle=0, totalBatch=420
[18:36:21.725] +00:11.614 [CALLBACK    ] AudioBatch #480: totalSingle=0, totalBatch=480
[18:36:22.726] +00:12.615 [CALLBACK    ] AudioBatch #540: totalSingle=0, totalBatch=540
[18:36:22.726] +00:12.615 [AUDIO       ] WriteSamples #540: totalFrames=397411, nonZero=129/540, buffered=7528, playState=Playing
[18:36:23.728] +00:13.616 [CALLBACK    ] AudioBatch #600: totalSingle=0, totalBatch=600
[18:36:24.729] +00:14.617 [CALLBACK    ] AudioBatch #660: totalSingle=0, totalBatch=660
[18:36:25.730] +00:15.618 [CALLBACK    ] AudioBatch #720: totalSingle=0, totalBatch=720
[18:36:25.730] +00:15.618 [AUDIO       ] WriteSamples #720: totalFrames=529882, nonZero=307/720, buffered=3844, playState=Playing
[18:36:26.732] +00:16.620 [CALLBACK    ] AudioBatch #780: totalSingle=0, totalBatch=780
[18:36:27.733] +00:17.621 [CALLBACK    ] AudioBatch #840: totalSingle=0, totalBatch=840
[18:36:28.734] +00:18.623 [CALLBACK    ] AudioBatch #900: totalSingle=0, totalBatch=900
[18:36:28.734] +00:18.623 [AUDIO       ] WriteSamples #900: totalFrames=662352, nonZero=487/900, buffered=4920, playState=Playing
[18:36:29.735] +00:19.624 [CALLBACK    ] AudioBatch #960: totalSingle=0, totalBatch=960
[18:36:30.736] +00:20.625 [CALLBACK    ] AudioBatch #1020: totalSingle=0, totalBatch=1020
[18:36:31.737] +00:21.626 [CALLBACK    ] AudioBatch #1080: totalSingle=0, totalBatch=1080
[18:36:31.737] +00:21.626 [AUDIO       ] WriteSamples #1080: totalFrames=794823, nonZero=667/1080, buffered=6000, playState=Playing
[18:36:32.739] +00:22.627 [CALLBACK    ] AudioBatch #1140: totalSingle=0, totalBatch=1140
[18:36:33.741] +00:23.629 [CALLBACK    ] AudioBatch #1200: totalSingle=0, totalBatch=1200
[18:36:34.741] +00:24.630 [CALLBACK    ] AudioBatch #1260: totalSingle=0, totalBatch=1260
[18:36:34.741] +00:24.630 [AUDIO       ] WriteSamples #1260: totalFrames=927293, nonZero=847/1260, buffered=7212, playState=Playing
[18:36:35.743] +00:25.631 [CALLBACK    ] AudioBatch #1320: totalSingle=0, totalBatch=1320
[18:36:36.744] +00:26.632 [CALLBACK    ] AudioBatch #1380: totalSingle=0, totalBatch=1380
[18:36:37.745] +00:27.634 [CALLBACK    ] AudioBatch #1440: totalSingle=0, totalBatch=1440
[18:36:37.745] +00:27.634 [AUDIO       ] WriteSamples #1440: totalFrames=1059764, nonZero=1027/1440, buffered=8292, playState=Playing
[18:36:38.746] +00:28.635 [CALLBACK    ] AudioBatch #1500: totalSingle=0, totalBatch=1500
[18:36:39.748] +00:29.636 [CALLBACK    ] AudioBatch #1560: totalSingle=0, totalBatch=1560
[18:36:40.749] +00:30.638 [CALLBACK    ] AudioBatch #1620: totalSingle=0, totalBatch=1620
[18:36:40.749] +00:30.638 [AUDIO       ] WriteSamples #1620: totalFrames=1192235, nonZero=1207/1620, buffered=4608, playState=Playing
[18:36:41.751] +00:31.640 [CALLBACK    ] AudioBatch #1680: totalSingle=0, totalBatch=1680
[18:36:42.751] +00:32.640 [CALLBACK    ] AudioBatch #1740: totalSingle=0, totalBatch=1740
[18:36:43.753] +00:33.642 [CALLBACK    ] AudioBatch #1800: totalSingle=0, totalBatch=1800
[18:36:43.753] +00:33.642 [AUDIO       ] WriteSamples #1800: totalFrames=1324705, nonZero=1387/1800, buffered=5776, playState=Playing
[18:36:44.754] +00:34.643 [CALLBACK    ] AudioBatch #1860: totalSingle=0, totalBatch=1860
[18:36:45.756] +00:35.644 [CALLBACK    ] AudioBatch #1920: totalSingle=0, totalBatch=1920
[18:36:46.757] +00:36.646 [CALLBACK    ] AudioBatch #1980: totalSingle=0, totalBatch=1980
[18:36:46.757] +00:36.646 [AUDIO       ] WriteSamples #1980: totalFrames=1457176, nonZero=1567/1980, buffered=6856, playState=Playing
[18:36:47.758] +00:37.647 [CALLBACK    ] AudioBatch #2040: totalSingle=0, totalBatch=2040
[18:36:48.759] +00:38.648 [CALLBACK    ] AudioBatch #2100: totalSingle=0, totalBatch=2100
