[23:17:16.430] [SYSTEM] Tanılama başladı — Log: C:\Users\Yiğit\Desktop\SEGA Console Emulatıor\bin\Release\logs\diag_20260730_231716.log
[23:17:16.431] [SYSTEM] OS: Microsoft Windows NT 10.0.26200.0, 64-bit: True
[23:17:16.431] [ENV] GET_LOG_INTERFACE → log callback kaydedildi
[23:17:20.922] [CORE_INFO] Frontend supports RGB565 - will use that instead of XRGB1555.
[23:17:20.922] [GET_VAR] Key: genesis_plus_gx_system_bram → Returned: null
[23:17:20.922] [GET_VAR] Key: genesis_plus_gx_cart_size → Returned: null
[23:17:20.922] [GET_VAR] Key: genesis_plus_gx_cart_bram → Returned: null
[23:17:20.922] [GET_VAR] Key: genesis_plus_gx_system_hw → Returned: auto
[23:17:20.922] [GET_VAR] Key: genesis_plus_gx_bios → Returned: disabled
[23:17:20.922] [GET_VAR] Key: genesis_plus_gx_region_detect → Returned: auto
[23:17:20.922] [GET_VAR] Key: genesis_plus_gx_vdp_mode → Returned: null
[23:17:20.922] [GET_VAR] Key: genesis_plus_gx_force_dtack → Returned: enabled
[23:17:20.922] [GET_VAR] Key: genesis_plus_gx_addr_error → Returned: enabled
[23:17:20.922] [GET_VAR] Key: genesis_plus_gx_cd_latency → Returned: null
[23:17:20.922] [GET_VAR] Key: genesis_plus_gx_cd_precache → Returned: null
[23:17:20.922] [GET_VAR] Key: genesis_plus_gx_add_on → Returned: null
[23:17:20.922] [GET_VAR] Key: genesis_plus_gx_lock_on → Returned: null
[23:17:20.922] [GET_VAR] Key: genesis_plus_gx_ym2413 → Returned: auto
[23:17:20.922] [GET_VAR] Key: genesis_plus_gx_ym2413_core → Returned: null
[23:17:20.922] [GET_VAR] Key: genesis_plus_gx_sound_output → Returned: stereo
[23:17:20.922] [GET_VAR] Key: genesis_plus_gx_psg_preamp → Returned: null
[23:17:20.922] [GET_VAR] Key: genesis_plus_gx_fm_preamp → Returned: null
[23:17:20.922] [GET_VAR] Key: genesis_plus_gx_cdda_volume → Returned: null
[23:17:20.922] [GET_VAR] Key: genesis_plus_gx_pcm_volume → Returned: null
[23:17:20.922] [GET_VAR] Key: genesis_plus_gx_audio_filter → Returned: disabled
[23:17:20.922] [GET_VAR] Key: genesis_plus_gx_lowpass_range → Returned: null
[23:17:20.922] [GET_VAR] Key: genesis_plus_gx_audio_eq_low → Returned: null
[23:17:20.922] [GET_VAR] Key: genesis_plus_gx_audio_eq_mid → Returned: null
[23:17:20.922] [GET_VAR] Key: genesis_plus_gx_audio_eq_high → Returned: null
[23:17:20.922] [GET_VAR] Key: genesis_plus_gx_ym2612 → Returned: nuked
[23:17:20.922] [GET_VAR] Key: genesis_plus_gx_frameskip → Returned: disabled
[23:17:20.922] [GET_VAR] Key: genesis_plus_gx_frameskip_threshold → Returned: null
[23:17:20.922] [GET_VAR] Key: genesis_plus_gx_blargg_ntsc_filter → Returned: null
[23:17:20.922] [GET_VAR] Key: genesis_plus_gx_lcd_filter → Returned: null
[23:17:20.922] [GET_VAR] Key: genesis_plus_gx_overscan → Returned: disabled
[23:17:20.922] [GET_VAR] Key: genesis_plus_gx_gg_extra → Returned: disabled
[23:17:20.922] [GET_VAR] Key: genesis_plus_gx_aspect_ratio → Returned: null
[23:17:20.922] [GET_VAR] Key: genesis_plus_gx_render → Returned: single field
[23:17:20.922] [GET_VAR] Key: genesis_plus_gx_gun_cursor → Returned: no
[23:17:20.922] [GET_VAR] Key: genesis_plus_gx_gun_input → Returned: null
[23:17:20.922] [GET_VAR] Key: genesis_plus_gx_invert_mouse → Returned: no
[23:17:20.922] [GET_VAR] Key: genesis_plus_gx_left_border → Returned: null
[23:17:20.922] [GET_VAR] Key: genesis_plus_gx_overclock → Returned: 100%
[23:17:20.922] [GET_VAR] Key: genesis_plus_gx_no_sprite_limit → Returned: disabled
[23:17:20.922] [GET_VAR] Key: genesis_plus_gx_enhanced_vscroll → Returned: null
[23:17:20.922] [GET_VAR] Key: genesis_plus_gx_enhanced_vscroll_limit → Returned: null
[23:17:20.922] [GET_VAR] Key: genesis_plus_gx_psg_channel_0_volume → Returned: null
[23:17:20.922] [GET_VAR] Key: genesis_plus_gx_psg_channel_1_volume → Returned: null
[23:17:20.922] [GET_VAR] Key: genesis_plus_gx_psg_channel_2_volume → Returned: null
[23:17:20.922] [GET_VAR] Key: genesis_plus_gx_psg_channel_3_volume → Returned: null
[23:17:20.922] [GET_VAR] Key: genesis_plus_gx_md_channel_0_volume → Returned: null
[23:17:20.922] [GET_VAR] Key: genesis_plus_gx_md_channel_1_volume → Returned: null
[23:17:20.922] [GET_VAR] Key: genesis_plus_gx_md_channel_2_volume → Returned: null
[23:17:20.922] [GET_VAR] Key: genesis_plus_gx_md_channel_3_volume → Returned: null
[23:17:20.922] [GET_VAR] Key: genesis_plus_gx_md_channel_4_volume → Returned: null
[23:17:20.922] [GET_VAR] Key: genesis_plus_gx_md_channel_5_volume → Returned: null
[23:17:20.922] [GET_VAR] Key: genesis_plus_gx_sms_fm_channel_0_volume → Returned: null
[23:17:20.922] [GET_VAR] Key: genesis_plus_gx_sms_fm_channel_1_volume → Returned: null
[23:17:20.922] [GET_VAR] Key: genesis_plus_gx_sms_fm_channel_2_volume → Returned: null
[23:17:20.922] [GET_VAR] Key: genesis_plus_gx_sms_fm_channel_3_volume → Returned: null
[23:17:20.922] [GET_VAR] Key: genesis_plus_gx_sms_fm_channel_4_volume → Returned: null
[23:17:20.922] [GET_VAR] Key: genesis_plus_gx_sms_fm_channel_5_volume → Returned: null
[23:17:20.922] [GET_VAR] Key: genesis_plus_gx_sms_fm_channel_6_volume → Returned: null
[23:17:20.922] [GET_VAR] Key: genesis_plus_gx_sms_fm_channel_7_volume → Returned: null
[23:17:20.922] [GET_VAR] Key: genesis_plus_gx_sms_fm_channel_8_volume → Returned: null
[23:17:20.922] [GET_VAR] Key: genesis_plus_gx_show_advanced_audio_settings → Returned: null
[23:17:20.922] [CORE_DEBUG] Game Genie ROM should be located at: %s
[23:17:20.922] [CORE_DEBUG] Action Replay (Pro) ROM should be located at: %s
[23:17:20.922] [CORE_DEBUG] Sonic & Knuckles (2 MB) ROM should be located at: %s
[23:17:20.922] [CORE_DEBUG] Sonic & Knuckles UPMEM (256 KB) ROM should be located at: %s
[23:17:20.922] [CORE_DEBUG] Mega Drive TMSS BOOTROM should be located at: %s
[23:17:20.922] [CORE_DEBUG] Game Gear TMSS BOOTROM should be located at: %s
[23:17:20.922] [CORE_DEBUG] Master System (PAL) BOOTROM should be located at: %s
[23:17:20.922] [CORE_DEBUG] Master System (NTSC-U) BOOTROM should be located at: %s
[23:17:20.922] [CORE_DEBUG] Master System (NTSC-J) BOOTROM should be located at: %s
[23:17:20.922] [CORE_DEBUG] Mega CD (PAL) BIOS should be located at: %s
[23:17:20.922] [CORE_DEBUG] Sega CD (NTSC-U) BIOS should be located at: %s
[23:17:20.922] [CORE_DEBUG] Mega CD (NTSC-J) BIOS should be located at: %s
[23:17:20.922] [CORE_DEBUG] Mega CD (PAL) BRAM is located at: %s
[23:17:20.922] [CORE_DEBUG] Sega CD (NTSC-U) BRAM is located at: %s
[23:17:20.922] [CORE_DEBUG] Mega CD (NTSC-J) BRAM is located at: %s
[23:17:20.922] [CORE_DEBUG] Sega/Mega CD RAM CART is located at: %s
[23:17:20.923] [CORE_INFO] Loading %d bytes ...
[23:17:20.928] [CORE] AV Bilgisi — FPS: 59,92, SampleRate: 44100, Çözünürlük: 256x192, AspectRatio: 1,524
[23:17:20.933] [AUDIO] ══ Initialize başladı ══ sampleRate: 44100
[23:17:20.933] [AUDIO] WaveFormat: 44100Hz, 16bit, 2ch
[23:17:20.933] [AUDIO] BufferedWaveProvider oluşturuldu — BufferLength: 705600
[23:17:21.421] [AUDIO] ✓ WaveOutEvent başlatıldı (Sistem sesine dokunulmadı) — PlaybackState: Playing, Yazılımsal Volume: 0,3
[23:17:21.429] [CALLBACK] AudioBatch #1: frames=735, data=True, subscriberCount=1
[23:17:21.430] [AUDIO] WriteSamples #1: frames=735, samples=1470, nonZero=False, hex=00-00-00-00-00-00-00-00-00-00-00-00-00-00-00-00, playState=Playing, buffered=0
[23:17:21.444] [CALLBACK] AudioBatch #2: frames=736, data=True, subscriberCount=1
[23:17:21.444] [AUDIO] WriteSamples #2: frames=736, samples=1472, nonZero=False, hex=00-00-00-00-00-00-00-00-00-00-00-00-00-00-00-00, playState=Playing, buffered=2940
[23:17:21.458] [CALLBACK] AudioBatch #3: frames=736, data=True, subscriberCount=1
[23:17:21.458] [AUDIO] WriteSamples #3: frames=736, samples=1472, nonZero=False, hex=00-00-00-00-00-00-00-00-00-00-00-00-00-00-00-00, playState=Playing, buffered=5884
[23:17:21.474] [CALLBACK] AudioBatch #4: frames=736, data=True, subscriberCount=1
[23:17:21.474] [AUDIO] WriteSamples #4: frames=736, samples=1472, nonZero=False, hex=00-00-00-00-00-00-00-00-00-00-00-00-00-00-00-00, playState=Playing, buffered=4416
[23:17:21.490] [CALLBACK] AudioBatch #5: frames=736, data=True, subscriberCount=1
[23:17:21.490] [AUDIO] WriteSamples #5: frames=736, samples=1472, nonZero=False, hex=00-00-00-00-00-00-00-00-00-00-00-00-00-00-00-00, playState=Playing, buffered=2948
[23:17:21.507] [AUDIO] WriteSamples #6: frames=736, samples=1472, nonZero=False, hex=00-00-00-00-00-00-00-00-00-00-00-00-00-00-00-00, playState=Playing, buffered=5892
[23:17:21.524] [AUDIO] WriteSamples #7: frames=736, samples=1472, nonZero=False, hex=00-00-00-00-00-00-00-00-00-00-00-00-00-00-00-00, playState=Playing, buffered=4424
[23:17:21.541] [AUDIO] WriteSamples #8: frames=736, samples=1472, nonZero=False, hex=00-00-00-00-00-00-00-00-00-00-00-00-00-00-00-00, playState=Playing, buffered=2956
[23:17:21.557] [AUDIO] WriteSamples #9: frames=736, samples=1472, nonZero=False, hex=00-00-00-00-00-00-00-00-00-00-00-00-00-00-00-00, playState=Playing, buffered=5900
[23:17:21.577] [AUDIO] WriteSamples #10: frames=736, samples=1472, nonZero=False, hex=00-00-00-00-00-00-00-00-00-00-00-00-00-00-00-00, playState=Playing, buffered=4432
[23:17:22.408] [CALLBACK] AudioBatch #60: totalSingle=0, totalBatch=60
[23:17:22.408] [AUDIO] WriteSamples #60: totalFrames=43420, nonZeroRatio=0/60, buffered=6024, playState=Playing
[23:17:23.410] [CALLBACK] AudioBatch #120: totalSingle=0, totalBatch=120
[23:17:23.410] [AUDIO] WriteSamples #120: totalFrames=87577, nonZeroRatio=0/120, buffered=6172, playState=Playing
[23:17:24.411] [CALLBACK] AudioBatch #180: totalSingle=0, totalBatch=180
[23:17:24.411] [AUDIO] WriteSamples #180: totalFrames=131734, nonZeroRatio=0/180, buffered=6320, playState=Playing
[23:17:25.413] [CALLBACK] AudioBatch #240: totalSingle=0, totalBatch=240
[23:17:25.413] [AUDIO] WriteSamples #240: totalFrames=175891, nonZeroRatio=0/240, buffered=6468, playState=Playing
[23:17:26.414] [CALLBACK] AudioBatch #300: totalSingle=0, totalBatch=300
[23:17:26.414] [AUDIO] WriteSamples #300: totalFrames=220048, nonZeroRatio=0/300, buffered=6616, playState=Playing
[23:17:27.415] [CALLBACK] AudioBatch #360: totalSingle=0, totalBatch=360
[23:17:27.415] [AUDIO] WriteSamples #360: totalFrames=264205, nonZeroRatio=0/360, buffered=6764, playState=Playing
[23:17:28.416] [CALLBACK] AudioBatch #420: totalSingle=0, totalBatch=420
[23:17:28.417] [AUDIO] WriteSamples #420: totalFrames=308362, nonZeroRatio=0/420, buffered=6912, playState=Playing
[23:17:29.418] [CALLBACK] AudioBatch #480: totalSingle=0, totalBatch=480
[23:17:29.418] [AUDIO] WriteSamples #480: totalFrames=352518, nonZeroRatio=0/480, buffered=7056, playState=Playing
[23:17:30.419] [CALLBACK] AudioBatch #540: totalSingle=0, totalBatch=540
[23:17:30.419] [AUDIO] WriteSamples #540: totalFrames=396675, nonZeroRatio=0/540, buffered=7204, playState=Playing
[23:17:31.421] [CALLBACK] AudioBatch #600: totalSingle=0, totalBatch=600
[23:17:31.421] [AUDIO] WriteSamples #600: totalFrames=440832, nonZeroRatio=0/600, buffered=2940, playState=Playing
[23:17:32.422] [CALLBACK] AudioBatch #660: totalSingle=0, totalBatch=660
[23:17:32.422] [AUDIO] WriteSamples #660: totalFrames=484989, nonZeroRatio=0/660, buffered=3088, playState=Playing
[23:17:33.423] [CALLBACK] AudioBatch #720: totalSingle=0, totalBatch=720
[23:17:33.423] [AUDIO] WriteSamples #720: totalFrames=529146, nonZeroRatio=0/720, buffered=3236, playState=Playing
[23:17:34.424] [CALLBACK] AudioBatch #780: totalSingle=0, totalBatch=780
[23:17:34.424] [AUDIO] WriteSamples #780: totalFrames=573303, nonZeroRatio=0/780, buffered=3384, playState=Playing
[23:17:35.425] [CALLBACK] AudioBatch #840: totalSingle=0, totalBatch=840
[23:17:35.425] [AUDIO] WriteSamples #840: totalFrames=617460, nonZeroRatio=0/840, buffered=3532, playState=Playing
[23:17:36.427] [CALLBACK] AudioBatch #900: totalSingle=0, totalBatch=900
[23:17:36.427] [AUDIO] WriteSamples #900: totalFrames=661616, nonZeroRatio=0/900, buffered=3676, playState=Playing
[23:17:37.428] [CALLBACK] AudioBatch #960: totalSingle=0, totalBatch=960
[23:17:37.428] [AUDIO] WriteSamples #960: totalFrames=705773, nonZeroRatio=0/960, buffered=3824, playState=Playing
[23:17:38.429] [CALLBACK] AudioBatch #1020: totalSingle=0, totalBatch=1020
[23:17:38.429] [AUDIO] WriteSamples #1020: totalFrames=749930, nonZeroRatio=0/1020, buffered=3972, playState=Playing
[23:17:39.431] [CALLBACK] AudioBatch #1080: totalSingle=0, totalBatch=1080
[23:17:39.431] [AUDIO] WriteSamples #1080: totalFrames=794087, nonZeroRatio=0/1080, buffered=4120, playState=Playing
[23:17:40.432] [CALLBACK] AudioBatch #1140: totalSingle=0, totalBatch=1140
[23:17:40.432] [AUDIO] WriteSamples #1140: totalFrames=838244, nonZeroRatio=0/1140, buffered=4268, playState=Playing
[23:17:41.433] [CALLBACK] AudioBatch #1200: totalSingle=0, totalBatch=1200
[23:17:41.433] [AUDIO] WriteSamples #1200: totalFrames=882401, nonZeroRatio=0/1200, buffered=4416, playState=Playing
[23:17:42.435] [CALLBACK] AudioBatch #1260: totalSingle=0, totalBatch=1260
[23:17:42.435] [AUDIO] WriteSamples #1260: totalFrames=926558, nonZeroRatio=0/1260, buffered=4564, playState=Playing
[23:17:43.436] [CALLBACK] AudioBatch #1320: totalSingle=0, totalBatch=1320
[23:17:43.436] [AUDIO] WriteSamples #1320: totalFrames=970714, nonZeroRatio=0/1320, buffered=4708, playState=Playing
[23:17:44.437] [CALLBACK] AudioBatch #1380: totalSingle=0, totalBatch=1380
[23:17:44.437] [AUDIO] WriteSamples #1380: totalFrames=1014871, nonZeroRatio=0/1380, buffered=4856, playState=Playing
[23:17:45.439] [CALLBACK] AudioBatch #1440: totalSingle=0, totalBatch=1440
[23:17:45.439] [AUDIO] WriteSamples #1440: totalFrames=1059028, nonZeroRatio=0/1440, buffered=5004, playState=Playing
[23:17:46.440] [CALLBACK] AudioBatch #1500: totalSingle=0, totalBatch=1500
[23:17:46.440] [AUDIO] WriteSamples #1500: totalFrames=1103185, nonZeroRatio=0/1500, buffered=5152, playState=Playing
[23:17:47.441] [CALLBACK] AudioBatch #1560: totalSingle=0, totalBatch=1560
[23:17:47.441] [AUDIO] WriteSamples #1560: totalFrames=1147342, nonZeroRatio=0/1560, buffered=5300, playState=Playing
[23:17:48.442] [CALLBACK] AudioBatch #1620: totalSingle=0, totalBatch=1620
[23:17:48.442] [AUDIO] WriteSamples #1620: totalFrames=1191499, nonZeroRatio=0/1620, buffered=5448, playState=Playing
[23:17:49.444] [CALLBACK] AudioBatch #1680: totalSingle=0, totalBatch=1680
[23:17:49.444] [AUDIO] WriteSamples #1680: totalFrames=1235656, nonZeroRatio=0/1680, buffered=5596, playState=Playing
[23:17:50.445] [CALLBACK] AudioBatch #1740: totalSingle=0, totalBatch=1740
[23:17:50.445] [AUDIO] WriteSamples #1740: totalFrames=1279812, nonZeroRatio=0/1740, buffered=5740, playState=Playing
[23:17:51.446] [CALLBACK] AudioBatch #1800: totalSingle=0, totalBatch=1800
[23:17:51.446] [AUDIO] WriteSamples #1800: totalFrames=1323969, nonZeroRatio=0/1800, buffered=5888, playState=Playing
[23:17:52.448] [CALLBACK] AudioBatch #1860: totalSingle=0, totalBatch=1860
[23:17:52.448] [AUDIO] WriteSamples #1860: totalFrames=1368126, nonZeroRatio=0/1860, buffered=6036, playState=Playing
[23:17:53.449] [CALLBACK] AudioBatch #1920: totalSingle=0, totalBatch=1920
[23:17:53.449] [AUDIO] WriteSamples #1920: totalFrames=1412283, nonZeroRatio=0/1920, buffered=6184, playState=Playing
[23:17:54.450] [CALLBACK] AudioBatch #1980: totalSingle=0, totalBatch=1980
[23:17:54.450] [AUDIO] WriteSamples #1980: totalFrames=1456440, nonZeroRatio=0/1980, buffered=6332, playState=Playing
[23:17:55.451] [CALLBACK] AudioBatch #2040: totalSingle=0, totalBatch=2040
[23:17:55.451] [AUDIO] WriteSamples #2040: totalFrames=1500597, nonZeroRatio=0/2040, buffered=6480, playState=Playing
[23:17:56.453] [CALLBACK] AudioBatch #2100: totalSingle=0, totalBatch=2100
[23:17:56.453] [AUDIO] WriteSamples #2100: totalFrames=1544754, nonZeroRatio=0/2100, buffered=6628, playState=Playing
[23:17:57.454] [CALLBACK] AudioBatch #2160: totalSingle=0, totalBatch=2160
[23:17:57.454] [AUDIO] WriteSamples #2160: totalFrames=1588910, nonZeroRatio=0/2160, buffered=6772, playState=Playing
[23:17:58.455] [CALLBACK] AudioBatch #2220: totalSingle=0, totalBatch=2220
[23:17:58.455] [AUDIO] WriteSamples #2220: totalFrames=1633067, nonZeroRatio=0/2220, buffered=6920, playState=Playing
