[20:10:38.976] +00:00.006 [SYSTEM      ] ═══════════════════════════════════════
[20:10:38.976] +00:00.008 [SYSTEM      ] YDrive — Oturum Başladı
[20:10:38.976] +00:00.008 [SYSTEM      ] Zaman       : 2026-08-01 20:10:38
[20:10:38.976] +00:00.008 [SYSTEM      ] Log Dosyası : C:\Users\Yiğit\Desktop\YDrive first\bin\Release\logs\diag_20260801_201038.log
[20:10:38.976] +00:00.008 [SYSTEM      ] OS          : Microsoft Windows NT 10.0.26200.0
[20:10:38.976] +00:00.008 [SYSTEM      ] 64-bit      : True
[20:10:38.976] +00:00.008 [SYSTEM      ] .NET Sürümü : 8.0.29
[20:10:38.976] +00:00.008 [SYSTEM      ] ═══════════════════════════════════════
[20:10:38.977] +00:00.009 [CORE        ] Callback'ler kaydedildi (Init öncesi) — Environment, Video, AudioSample, AudioBatch, Input
[20:10:38.977] +00:00.009 [ENV         ] GET_LOG_INTERFACE → log callback kaydedildi
[20:10:38.977] +00:00.009 [CORE        ] retro_init() tamamlandı
[20:10:38.977] +00:00.009 [CORE        ] Yüklendi: Genesis Plus GX vv1.7.4 ca93fec | NeedFullPath: True
[20:10:46.672] +00:07.704 [AUDIO       ] ══ Initialize sampleRate=44100 ══
[20:10:46.673] +00:07.705 [AUDIO       ] BufferedWaveProvider: 44100Hz 16bit 2ch, bufLen=352800
[20:10:47.080] +00:08.112 [AUDIO       ] ✓ WaveOutEvent başlatıldı, PlaybackState=Playing
[20:10:47.081] +00:08.113 [AUDIO       ] Volume başlangıç seviyesi: 1,000
[20:10:47.083] +00:08.115 [CORE        ] Kısa yol üretildi: C:\Users\Public\SONICT~1\SONICT~1.MD
[20:10:47.083] +00:08.115 [CORE        ] Tüm callback'ler yeniden kaydedildi — Env=True, Video=True, AudioSample=True, AudioBatch=True, InputPoll=True, InputState=True
[20:10:47.083] +00:08.115 [CORE        ] retro_load_game çağrılıyor — NeedFullPath=True, Size=524288 bytes
[20:10:47.084] +00:08.116 [CORE_INFO   ] Frontend supports RGB565 - will use that instead of XRGB1555.
[20:10:47.084] +00:08.116 [GET_VAR     ] Key: genesis_plus_gx_system_bram → null
[20:10:47.084] +00:08.116 [GET_VAR     ] Key: genesis_plus_gx_cart_size → null
[20:10:47.084] +00:08.116 [GET_VAR     ] Key: genesis_plus_gx_cart_bram → null
[20:10:47.084] +00:08.116 [GET_VAR     ] Key: genesis_plus_gx_system_hw → auto
[20:10:47.084] +00:08.116 [GET_VAR     ] Key: genesis_plus_gx_bios → disabled
[20:10:47.084] +00:08.116 [GET_VAR     ] Key: genesis_plus_gx_region_detect → auto
[20:10:47.084] +00:08.116 [GET_VAR     ] Key: genesis_plus_gx_vdp_mode → null
[20:10:47.084] +00:08.116 [GET_VAR     ] Key: genesis_plus_gx_force_dtack → enabled
[20:10:47.084] +00:08.116 [GET_VAR     ] Key: genesis_plus_gx_addr_error → enabled
[20:10:47.084] +00:08.116 [GET_VAR     ] Key: genesis_plus_gx_cd_latency → null
[20:10:47.084] +00:08.116 [GET_VAR     ] Key: genesis_plus_gx_cd_precache → null
[20:10:47.084] +00:08.116 [GET_VAR     ] Key: genesis_plus_gx_add_on → null
[20:10:47.084] +00:08.116 [GET_VAR     ] Key: genesis_plus_gx_lock_on → null
[20:10:47.084] +00:08.116 [GET_VAR_AUDIO] KEY=genesis_plus_gx_ym2413 → VALUE=enabled
[20:10:47.084] +00:08.116 [GET_VAR_AUDIO] KEY=genesis_plus_gx_ym2413_core → VALUE=null (unhandled!)
[20:10:47.084] +00:08.116 [GET_VAR_AUDIO] KEY=genesis_plus_gx_sound_output → VALUE=stereo
[20:10:47.084] +00:08.116 [GET_VAR_AUDIO] KEY=genesis_plus_gx_psg_preamp → VALUE=150
[20:10:47.084] +00:08.116 [GET_VAR_AUDIO] KEY=genesis_plus_gx_fm_preamp → VALUE=150
[20:10:47.084] +00:08.116 [GET_VAR     ] Key: genesis_plus_gx_cdda_volume → 100
[20:10:47.084] +00:08.116 [GET_VAR     ] Key: genesis_plus_gx_pcm_volume → 100
[20:10:47.084] +00:08.116 [GET_VAR_AUDIO] KEY=genesis_plus_gx_audio_filter → VALUE=disabled
[20:10:47.084] +00:08.116 [GET_VAR     ] Key: genesis_plus_gx_lowpass_range → 60
[20:10:47.084] +00:08.116 [GET_VAR_AUDIO] KEY=genesis_plus_gx_audio_eq_low → VALUE=null (unhandled!)
[20:10:47.084] +00:08.116 [GET_VAR_AUDIO] KEY=genesis_plus_gx_audio_eq_mid → VALUE=null (unhandled!)
[20:10:47.084] +00:08.116 [GET_VAR_AUDIO] KEY=genesis_plus_gx_audio_eq_high → VALUE=null (unhandled!)
[20:10:47.084] +00:08.116 [GET_VAR_AUDIO] KEY=genesis_plus_gx_ym2612 → VALUE=nuked
[20:10:47.084] +00:08.116 [GET_VAR     ] Key: genesis_plus_gx_frameskip → disabled
[20:10:47.084] +00:08.116 [GET_VAR     ] Key: genesis_plus_gx_frameskip_threshold → null
[20:10:47.084] +00:08.116 [GET_VAR     ] Key: genesis_plus_gx_blargg_ntsc_filter → null
[20:10:47.084] +00:08.116 [GET_VAR     ] Key: genesis_plus_gx_lcd_filter → null
[20:10:47.084] +00:08.116 [GET_VAR     ] Key: genesis_plus_gx_overscan → disabled
[20:10:47.084] +00:08.116 [GET_VAR     ] Key: genesis_plus_gx_gg_extra → disabled
[20:10:47.084] +00:08.116 [GET_VAR     ] Key: genesis_plus_gx_aspect_ratio → null
[20:10:47.084] +00:08.116 [GET_VAR     ] Key: genesis_plus_gx_render → single field
[20:10:47.084] +00:08.116 [GET_VAR     ] Key: genesis_plus_gx_gun_cursor → no
[20:10:47.084] +00:08.116 [GET_VAR     ] Key: genesis_plus_gx_gun_input → null
[20:10:47.084] +00:08.116 [GET_VAR     ] Key: genesis_plus_gx_invert_mouse → no
[20:10:47.084] +00:08.116 [GET_VAR     ] Key: genesis_plus_gx_left_border → null
[20:10:47.084] +00:08.116 [GET_VAR     ] Key: genesis_plus_gx_overclock → 100%
[20:10:47.084] +00:08.116 [GET_VAR     ] Key: genesis_plus_gx_no_sprite_limit → disabled
[20:10:47.084] +00:08.116 [GET_VAR     ] Key: genesis_plus_gx_enhanced_vscroll → null
[20:10:47.084] +00:08.116 [GET_VAR     ] Key: genesis_plus_gx_enhanced_vscroll_limit → null
[20:10:47.084] +00:08.116 [GET_VAR_AUDIO] KEY=genesis_plus_gx_psg_channel_0_volume → VALUE=null (unhandled!)
[20:10:47.084] +00:08.116 [GET_VAR_AUDIO] KEY=genesis_plus_gx_psg_channel_1_volume → VALUE=null (unhandled!)
[20:10:47.084] +00:08.116 [GET_VAR_AUDIO] KEY=genesis_plus_gx_psg_channel_2_volume → VALUE=null (unhandled!)
[20:10:47.084] +00:08.116 [GET_VAR_AUDIO] KEY=genesis_plus_gx_psg_channel_3_volume → VALUE=null (unhandled!)
[20:10:47.084] +00:08.116 [GET_VAR     ] Key: genesis_plus_gx_md_channel_0_volume → null
[20:10:47.084] +00:08.116 [GET_VAR     ] Key: genesis_plus_gx_md_channel_1_volume → null
[20:10:47.084] +00:08.116 [GET_VAR     ] Key: genesis_plus_gx_md_channel_2_volume → null
[20:10:47.084] +00:08.116 [GET_VAR     ] Key: genesis_plus_gx_md_channel_3_volume → null
[20:10:47.084] +00:08.116 [GET_VAR     ] Key: genesis_plus_gx_md_channel_4_volume → null
[20:10:47.084] +00:08.116 [GET_VAR     ] Key: genesis_plus_gx_md_channel_5_volume → null
[20:10:47.084] +00:08.116 [GET_VAR     ] Key: genesis_plus_gx_sms_fm_channel_0_volume → null
[20:10:47.084] +00:08.116 [GET_VAR     ] Key: genesis_plus_gx_sms_fm_channel_1_volume → null
[20:10:47.084] +00:08.116 [GET_VAR     ] Key: genesis_plus_gx_sms_fm_channel_2_volume → null
[20:10:47.084] +00:08.116 [GET_VAR     ] Key: genesis_plus_gx_sms_fm_channel_3_volume → null
[20:10:47.084] +00:08.116 [GET_VAR     ] Key: genesis_plus_gx_sms_fm_channel_4_volume → null
[20:10:47.084] +00:08.116 [GET_VAR     ] Key: genesis_plus_gx_sms_fm_channel_5_volume → null
[20:10:47.084] +00:08.116 [GET_VAR     ] Key: genesis_plus_gx_sms_fm_channel_6_volume → null
[20:10:47.084] +00:08.116 [GET_VAR     ] Key: genesis_plus_gx_sms_fm_channel_7_volume → null
[20:10:47.084] +00:08.116 [GET_VAR     ] Key: genesis_plus_gx_sms_fm_channel_8_volume → null
[20:10:47.084] +00:08.116 [GET_VAR_AUDIO] KEY=genesis_plus_gx_show_advanced_audio_settings → VALUE=null (unhandled!)
[20:10:47.084] +00:08.116 [CORE_DEBUG  ] Game Genie ROM should be located at: C:\Users\YiÄŸit\Desktop\YDrive first\bin\system\ggenie.bin
[20:10:47.084] +00:08.116 [CORE_DEBUG  ] Action Replay (Pro) ROM should be located at: C:\Users\YiÄŸit\Desktop\YDrive first\bin\system\areplay.bin
[20:10:47.084] +00:08.116 [CORE_DEBUG  ] Sonic & Knuckles (2 MB) ROM should be located at: C:\Users\YiÄŸit\Desktop\YDrive first\bin\system\sk.bin
[20:10:47.084] +00:08.116 [CORE_DEBUG  ] Sonic & Knuckles UPMEM (256 KB) ROM should be located at: C:\Users\YiÄŸit\Desktop\YDrive first\bin\system\sk2chip.bin
[20:10:47.084] +00:08.116 [CORE_DEBUG  ] Mega Drive TMSS BOOTROM should be located at: C:\Users\YiÄŸit\Desktop\YDrive first\bin\system\bios_MD.bin
[20:10:47.084] +00:08.116 [CORE_DEBUG  ] Game Gear TMSS BOOTROM should be located at: C:\Users\YiÄŸit\Desktop\YDrive first\bin\system\bios.gg
[20:10:47.084] +00:08.116 [CORE_DEBUG  ] Master System (PAL) BOOTROM should be located at: C:\Users\YiÄŸit\Desktop\YDrive first\bin\system\bios_E.sms
[20:10:47.084] +00:08.116 [CORE_DEBUG  ] Master System (NTSC-U) BOOTROM should be located at: C:\Users\YiÄŸit\Desktop\YDrive first\bin\system\bios_U.sms
[20:10:47.084] +00:08.116 [CORE_DEBUG  ] Master System (NTSC-J) BOOTROM should be located at: C:\Users\YiÄŸit\Desktop\YDrive first\bin\system\bios_J.sms
[20:10:47.084] +00:08.116 [CORE_DEBUG  ] Mega CD (PAL) BIOS should be located at: C:\Users\YiÄŸit\Desktop\YDrive first\bin\system\bios_CD_E.bin
[20:10:47.084] +00:08.116 [CORE_DEBUG  ] Sega CD (NTSC-U) BIOS should be located at: C:\Users\YiÄŸit\Desktop\YDrive first\bin\system\bios_CD_U.bin
[20:10:47.084] +00:08.116 [CORE_DEBUG  ] Mega CD (NTSC-J) BIOS should be located at: C:\Users\YiÄŸit\Desktop\YDrive first\bin\system\bios_CD_J.bin
[20:10:47.084] +00:08.116 [CORE_DEBUG  ] Mega CD (PAL) BRAM is located at: C:\Users\YiÄŸit\Desktop\YDrive first\bin\saves\scd_E.brm
[20:10:47.084] +00:08.116 [CORE_DEBUG  ] Sega CD (NTSC-U) BRAM is located at: C:\Users\YiÄŸit\Desktop\YDrive first\bin\saves\scd_U.brm
[20:10:47.084] +00:08.116 [CORE_DEBUG  ] Mega CD (NTSC-J) BRAM is located at: C:\Users\YiÄŸit\Desktop\YDrive first\bin\saves\scd_J.brm
[20:10:47.084] +00:08.116 [CORE_DEBUG  ] Sega/Mega CD RAM CART is located at: 
[20:10:47.085] +00:08.117 [CORE_INFO   ] Loading 524288 bytes ...
[20:10:47.089] +00:08.121 [CORE        ] AV Bilgisi — FPS: 59,92, SampleRate: 44100, Çözünürlük: 256x192, AspectRatio: 1,524
[20:10:47.099] +00:08.131 [BATCH_RAW   ] #1: frames=735, rawNonZero=False, hex=00-00-00-00-00-00-00-00-00-00-00-00-00-00-00-00-00-00-00-00-00-00-00-00-00-00-00-00-00-00-00-00, ptr=0x7FFA21D5DD40, subscribers=1
[20:10:47.100] +00:08.132 [AUDIO_RAW   ] WriteSamples #1: frames=735, rawNonZero=False, rawHex=00-00-00-00-00-00-00-00-00-00-00-00-00-00-00-00-00-00-00-00-00-00-00-00-00-00-00-00-00-00-00-00
[20:10:47.100] +00:08.132 [AUDIO       ] ⚡ WaveOut durmuştu → Play() çağrıldı
[20:10:47.100] +00:08.132 [AUDIO       ] WriteSamples #1: frames=735, sampleCount=1470, nonZero=False, hex=00-00-00-00-00-00-00-00-00-00-00-00-00-00-00-00, volume=1,00, buffered=2940, playState=Playing
[20:10:47.111] +00:08.143 [BATCH_RAW   ] #2: frames=736, rawNonZero=False, hex=00-00-00-00-00-00-00-00-00-00-00-00-00-00-00-00-00-00-00-00-00-00-00-00-00-00-00-00-00-00-00-00, ptr=0x7FFA21D5DD40, subscribers=1
[20:10:47.111] +00:08.143 [AUDIO_RAW   ] WriteSamples #2: frames=736, rawNonZero=False, rawHex=00-00-00-00-00-00-00-00-00-00-00-00-00-00-00-00-00-00-00-00-00-00-00-00-00-00-00-00-00-00-00-00
[20:10:47.111] +00:08.143 [AUDIO       ] WriteSamples #2: frames=736, sampleCount=1472, nonZero=False, hex=00-00-00-00-00-00-00-00-00-00-00-00-00-00-00-00, volume=1,00, buffered=2944, playState=Playing
[20:10:47.128] +00:08.160 [BATCH_RAW   ] #3: frames=736, rawNonZero=False, hex=00-00-00-00-00-00-00-00-00-00-00-00-00-00-00-00-00-00-00-00-00-00-00-00-00-00-00-00-00-00-00-00, ptr=0x7FFA21D5DD40, subscribers=1
[20:10:47.128] +00:08.160 [AUDIO_RAW   ] WriteSamples #3: frames=736, rawNonZero=False, rawHex=00-00-00-00-00-00-00-00-00-00-00-00-00-00-00-00-00-00-00-00-00-00-00-00-00-00-00-00-00-00-00-00
[20:10:47.128] +00:08.160 [AUDIO       ] WriteSamples #3: frames=736, sampleCount=1472, nonZero=False, hex=00-00-00-00-00-00-00-00-00-00-00-00-00-00-00-00, volume=1,00, buffered=5888, playState=Playing
[20:10:47.145] +00:08.177 [BATCH_RAW   ] #4: frames=736, rawNonZero=False, hex=00-00-00-00-00-00-00-00-00-00-00-00-00-00-00-00-00-00-00-00-00-00-00-00-00-00-00-00-00-00-00-00, ptr=0x7FFA21D5DD40, subscribers=1
[20:10:47.145] +00:08.177 [AUDIO_RAW   ] WriteSamples #4: frames=736, rawNonZero=False, rawHex=00-00-00-00-00-00-00-00-00-00-00-00-00-00-00-00-00-00-00-00-00-00-00-00-00-00-00-00-00-00-00-00
[20:10:47.145] +00:08.177 [AUDIO       ] WriteSamples #4: frames=736, sampleCount=1472, nonZero=False, hex=00-00-00-00-00-00-00-00-00-00-00-00-00-00-00-00, volume=1,00, buffered=2944, playState=Playing
[20:10:47.162] +00:08.193 [BATCH_RAW   ] #5: frames=736, rawNonZero=False, hex=00-00-00-00-00-00-00-00-00-00-00-00-00-00-00-00-00-00-00-00-00-00-00-00-00-00-00-00-00-00-00-00, ptr=0x7FFA21D5DD40, subscribers=1
[20:10:47.162] +00:08.194 [AUDIO_RAW   ] WriteSamples #5: frames=736, rawNonZero=False, rawHex=00-00-00-00-00-00-00-00-00-00-00-00-00-00-00-00-00-00-00-00-00-00-00-00-00-00-00-00-00-00-00-00
[20:10:47.162] +00:08.194 [AUDIO       ] WriteSamples #5: frames=736, sampleCount=1472, nonZero=False, hex=00-00-00-00-00-00-00-00-00-00-00-00-00-00-00-00, volume=1,00, buffered=5888, playState=Playing
[20:10:47.179] +00:08.211 [AUDIO_RAW   ] WriteSamples #6: frames=736, rawNonZero=False, rawHex=00-00-00-00-00-00-00-00-00-00-00-00-00-00-00-00-00-00-00-00-00-00-00-00-00-00-00-00-00-00-00-00
[20:10:47.179] +00:08.211 [AUDIO       ] WriteSamples #6: frames=736, sampleCount=1472, nonZero=False, hex=00-00-00-00-00-00-00-00-00-00-00-00-00-00-00-00, volume=1,00, buffered=8832, playState=Playing
[20:10:47.195] +00:08.227 [AUDIO_RAW   ] WriteSamples #7: frames=736, rawNonZero=False, rawHex=00-00-00-00-00-00-00-00-00-00-00-00-00-00-00-00-00-00-00-00-00-00-00-00-00-00-00-00-00-00-00-00
[20:10:47.195] +00:08.227 [AUDIO       ] WriteSamples #7: frames=736, sampleCount=1472, nonZero=False, hex=00-00-00-00-00-00-00-00-00-00-00-00-00-00-00-00, volume=1,00, buffered=2944, playState=Playing
[20:10:47.211] +00:08.243 [AUDIO_RAW   ] WriteSamples #8: frames=736, rawNonZero=False, rawHex=00-00-00-00-00-00-00-00-00-00-00-00-00-00-00-00-00-00-00-00-00-00-00-00-00-00-00-00-00-00-00-00
[20:10:47.211] +00:08.243 [AUDIO       ] WriteSamples #8: frames=736, sampleCount=1472, nonZero=False, hex=00-00-00-00-00-00-00-00-00-00-00-00-00-00-00-00, volume=1,00, buffered=5888, playState=Playing
[20:10:47.228] +00:08.260 [AUDIO_RAW   ] WriteSamples #9: frames=736, rawNonZero=False, rawHex=00-00-00-00-00-00-00-00-00-00-00-00-00-00-00-00-00-00-00-00-00-00-00-00-00-00-00-00-00-00-00-00
[20:10:47.228] +00:08.260 [AUDIO       ] WriteSamples #9: frames=736, sampleCount=1472, nonZero=False, hex=00-00-00-00-00-00-00-00-00-00-00-00-00-00-00-00, volume=1,00, buffered=4068, playState=Playing
[20:10:47.245] +00:08.277 [BATCH_RAW   ] #10: frames=736, rawNonZero=False, hex=00-00-00-00-00-00-00-00-00-00-00-00-00-00-00-00-00-00-00-00-00-00-00-00-00-00-00-00-00-00-00-00, ptr=0x7FFA21D5DD40, subscribers=1
[20:10:47.245] +00:08.277 [AUDIO_RAW   ] WriteSamples #10: frames=736, rawNonZero=False, rawHex=00-00-00-00-00-00-00-00-00-00-00-00-00-00-00-00-00-00-00-00-00-00-00-00-00-00-00-00-00-00-00-00
[20:10:47.253] +00:08.284 [AUDIO       ] WriteSamples #10: frames=736, sampleCount=1472, nonZero=False, hex=00-00-00-00-00-00-00-00-00-00-00-00-00-00-00-00, volume=1,00, buffered=2944, playState=Playing
[20:10:47.328] +00:08.360 [BATCH_RAW   ] #15: frames=736, rawNonZero=False, hex=00-00-00-00-00-00-00-00-00-00-00-00-00-00-00-00-00-00-00-00-00-00-00-00-00-00-00-00-00-00-00-00, ptr=0x7FFA21D5DD40, subscribers=1
[20:10:47.412] +00:08.444 [BATCH_RAW   ] #20: frames=735, rawNonZero=False, hex=00-00-00-00-00-00-00-00-00-00-00-00-00-00-00-00-00-00-00-00-00-00-00-00-00-00-00-00-00-00-00-00, ptr=0x7FFA21D5DD40, subscribers=1
[20:10:47.495] +00:08.527 [BATCH_RAW   ] #25: frames=736, rawNonZero=False, hex=00-00-00-00-00-00-00-00-00-00-00-00-00-00-00-00-00-00-00-00-00-00-00-00-00-00-00-00-00-00-00-00, ptr=0x7FFA21D5DD40, subscribers=1
[20:10:47.578] +00:08.610 [BATCH_RAW   ] #30: frames=736, rawNonZero=False, hex=00-00-00-00-00-00-00-00-00-00-00-00-00-00-00-00-00-00-00-00-00-00-00-00-00-00-00-00-00-00-00-00, ptr=0x7FFA21D5DD40, subscribers=1
[20:10:48.079] +00:09.111 [CALLBACK    ] AudioBatch #60: totalSingle=0, totalBatch=60
[20:10:49.081] +00:10.112 [CALLBACK    ] AudioBatch #120: totalSingle=0, totalBatch=120
[20:10:50.082] +00:11.114 [CALLBACK    ] AudioBatch #180: totalSingle=0, totalBatch=180
[20:10:50.082] +00:11.114 [AUDIO       ] WriteSamples #180: totalFrames=132470, nonZero=14/180, buffered=4316, playState=Playing
[20:10:51.083] +00:12.115 [CALLBACK    ] AudioBatch #240: totalSingle=0, totalBatch=240
[20:10:52.085] +00:13.117 [CALLBACK    ] AudioBatch #300: totalSingle=0, totalBatch=300
[20:10:53.086] +00:14.118 [CALLBACK    ] AudioBatch #360: totalSingle=0, totalBatch=360
[20:10:53.086] +00:14.118 [AUDIO       ] WriteSamples #360: totalFrames=264941, nonZero=111/360, buffered=5440, playState=Playing
[20:10:54.087] +00:15.119 [CALLBACK    ] AudioBatch #420: totalSingle=0, totalBatch=420
[20:10:55.088] +00:16.120 [CALLBACK    ] AudioBatch #480: totalSingle=0, totalBatch=480
[20:10:56.090] +00:17.122 [CALLBACK    ] AudioBatch #540: totalSingle=0, totalBatch=540
[20:10:56.090] +00:17.122 [AUDIO       ] WriteSamples #540: totalFrames=397411, nonZero=129/540, buffered=6740, playState=Playing
[20:10:57.091] +00:18.123 [CALLBACK    ] AudioBatch #600: totalSingle=0, totalBatch=600
[20:10:58.092] +00:19.124 [CALLBACK    ] AudioBatch #660: totalSingle=0, totalBatch=660
[20:10:59.094] +00:20.126 [CALLBACK    ] AudioBatch #720: totalSingle=0, totalBatch=720
[20:10:59.094] +00:20.126 [AUDIO       ] WriteSamples #720: totalFrames=529882, nonZero=307/720, buffered=7820, playState=Playing
[20:11:00.095] +00:21.127 [CALLBACK    ] AudioBatch #780: totalSingle=0, totalBatch=780
[20:11:01.097] +00:22.129 [CALLBACK    ] AudioBatch #840: totalSingle=0, totalBatch=840
[20:11:02.098] +00:23.130 [CALLBACK    ] AudioBatch #900: totalSingle=0, totalBatch=900
[20:11:02.098] +00:23.130 [AUDIO       ] WriteSamples #900: totalFrames=662352, nonZero=487/900, buffered=4132, playState=Playing
[20:11:03.099] +00:24.131 [CALLBACK    ] AudioBatch #960: totalSingle=0, totalBatch=960
[20:11:04.100] +00:25.132 [CALLBACK    ] AudioBatch #1020: totalSingle=0, totalBatch=1020
[20:11:05.102] +00:26.134 [CALLBACK    ] AudioBatch #1080: totalSingle=0, totalBatch=1080
[20:11:05.102] +00:26.134 [AUDIO       ] WriteSamples #1080: totalFrames=794823, nonZero=667/1080, buffered=5212, playState=Playing
[20:11:06.103] +00:27.135 [CALLBACK    ] AudioBatch #1140: totalSingle=0, totalBatch=1140
[20:11:07.104] +00:28.136 [CALLBACK    ] AudioBatch #1200: totalSingle=0, totalBatch=1200
[20:11:08.105] +00:29.137 [CALLBACK    ] AudioBatch #1260: totalSingle=0, totalBatch=1260
[20:11:08.105] +00:29.137 [AUDIO       ] WriteSamples #1260: totalFrames=927293, nonZero=847/1260, buffered=6288, playState=Playing
[20:11:09.107] +00:30.139 [CALLBACK    ] AudioBatch #1320: totalSingle=0, totalBatch=1320
[20:11:10.109] +00:31.141 [CALLBACK    ] AudioBatch #1380: totalSingle=0, totalBatch=1380
[20:11:11.109] +00:32.141 [CALLBACK    ] AudioBatch #1440: totalSingle=0, totalBatch=1440
[20:11:11.109] +00:32.141 [AUDIO       ] WriteSamples #1440: totalFrames=1059764, nonZero=1027/1440, buffered=7368, playState=Playing
[20:11:12.111] +00:33.142 [CALLBACK    ] AudioBatch #1500: totalSingle=0, totalBatch=1500
[20:11:13.112] +00:34.143 [CALLBACK    ] AudioBatch #1560: totalSingle=0, totalBatch=1560
[20:11:14.113] +00:35.145 [CALLBACK    ] AudioBatch #1620: totalSingle=0, totalBatch=1620
[20:11:14.113] +00:35.145 [AUDIO       ] WriteSamples #1620: totalFrames=1192235, nonZero=1207/1620, buffered=8448, playState=Playing
[20:11:15.114] +00:36.146 [CALLBACK    ] AudioBatch #1680: totalSingle=0, totalBatch=1680
[20:11:16.116] +00:37.148 [CALLBACK    ] AudioBatch #1740: totalSingle=0, totalBatch=1740
[20:11:17.117] +00:38.149 [CALLBACK    ] AudioBatch #1800: totalSingle=0, totalBatch=1800
[20:11:17.117] +00:38.149 [AUDIO       ] WriteSamples #1800: totalFrames=1324705, nonZero=1387/1800, buffered=4760, playState=Playing
[20:11:18.118] +00:39.150 [CALLBACK    ] AudioBatch #1860: totalSingle=0, totalBatch=1860
[20:11:19.120] +00:40.152 [CALLBACK    ] AudioBatch #1920: totalSingle=0, totalBatch=1920
[20:11:20.121] +00:41.153 [CALLBACK    ] AudioBatch #1980: totalSingle=0, totalBatch=1980
[20:11:20.121] +00:41.153 [AUDIO       ] WriteSamples #1980: totalFrames=1457176, nonZero=1567/1980, buffered=5840, playState=Playing
[20:11:21.122] +00:42.154 [CALLBACK    ] AudioBatch #2040: totalSingle=0, totalBatch=2040
[20:11:22.123] +00:43.155 [CALLBACK    ] AudioBatch #2100: totalSingle=0, totalBatch=2100
[20:11:23.125] +00:44.157 [CALLBACK    ] AudioBatch #2160: totalSingle=0, totalBatch=2160
[20:11:23.125] +00:44.157 [AUDIO       ] WriteSamples #2160: totalFrames=1589646, nonZero=1747/2160, buffered=6916, playState=Playing
[20:11:23.879] +00:44.911 [AUDIO       ] Dispose — calls=2204, frames=1622028, nonZero=1791
[20:11:23.879] +00:44.911 [AUDIO       ] Shutdown, PlaybackState=Playing
[20:11:23.912] +00:44.944 [SYSTEM      ] ═══════════════════════════════════════
[20:11:23.912] +00:44.944 [SYSTEM      ] Oturum Sonu — Toplam Süre: 00:00:44.944
[20:11:23.912] +00:44.944 [SYSTEM      ] Exit Code: 0
[20:11:23.912] +00:44.944 [SYSTEM      ] ═══════════════════════════════════════
