[01:27:41.952] +00:00.005 [SYSTEM      ] ═══════════════════════════════════════
[01:27:41.952] +00:00.007 [SYSTEM      ] YDrive — Oturum Başladı
[01:27:41.952] +00:00.007 [SYSTEM      ] Zaman       : 2026-08-02 01:27:41
[01:27:41.952] +00:00.007 [SYSTEM      ] Log Dosyası : C:\Users\Yiğit\Desktop\YDrive first\bin\Release\logs\diag_20260802_012741.log
[01:27:41.952] +00:00.007 [SYSTEM      ] OS          : Microsoft Windows NT 10.0.26200.0
[01:27:41.952] +00:00.007 [SYSTEM      ] 64-bit      : True
[01:27:41.953] +00:00.007 [SYSTEM      ] .NET Sürümü : 8.0.29
[01:27:41.953] +00:00.007 [SYSTEM      ] ═══════════════════════════════════════
[01:27:41.953] +00:00.007 [CORE        ] Callback'ler kaydedildi (Init öncesi) — Environment, Video, AudioSample, AudioBatch, Input
[01:27:41.953] +00:00.007 [ENV         ] GET_LOG_INTERFACE → log callback kaydedildi
[01:27:41.953] +00:00.007 [CORE        ] retro_init() tamamlandı
[01:27:41.953] +00:00.007 [CORE        ] Yüklendi: Genesis Plus GX vv1.7.4 ca93fec | NeedFullPath: True
[01:27:46.656] +00:04.710 [AUDIO       ] ══ Initialize sampleRate=44100 ══
[01:27:46.656] +00:04.710 [AUDIO       ] BufferedWaveProvider: 44100Hz 16bit 2ch, bufLen=352800
[01:27:47.019] +00:05.073 [AUDIO       ] ✓ WaveOutEvent başlatıldı, PlaybackState=Playing
[01:27:47.021] +00:05.075 [AUDIO       ] Volume başlangıç seviyesi: 1,000
[01:27:47.023] +00:05.077 [CORE        ] Kısa yol üretildi: C:\Users\Public\SONICT~1\SONICT~1.MD
[01:27:47.023] +00:05.077 [CORE        ] Tüm callback'ler yeniden kaydedildi — Env=True, Video=True, AudioSample=True, AudioBatch=True, InputPoll=True, InputState=True
[01:27:47.023] +00:05.077 [CORE        ] retro_load_game çağrılıyor — NeedFullPath=True, Size=524288 bytes
[01:27:47.023] +00:05.077 [CORE_INFO   ] Frontend supports RGB565 - will use that instead of XRGB1555.
[01:27:47.024] +00:05.078 [GET_VAR     ] Key: genesis_plus_gx_system_bram → null
[01:27:47.024] +00:05.078 [GET_VAR     ] Key: genesis_plus_gx_cart_size → null
[01:27:47.024] +00:05.078 [GET_VAR     ] Key: genesis_plus_gx_cart_bram → null
[01:27:47.024] +00:05.078 [GET_VAR     ] Key: genesis_plus_gx_system_hw → auto
[01:27:47.024] +00:05.078 [GET_VAR     ] Key: genesis_plus_gx_bios → disabled
[01:27:47.024] +00:05.078 [GET_VAR     ] Key: genesis_plus_gx_region_detect → auto
[01:27:47.024] +00:05.078 [GET_VAR     ] Key: genesis_plus_gx_vdp_mode → null
[01:27:47.024] +00:05.078 [GET_VAR     ] Key: genesis_plus_gx_force_dtack → enabled
[01:27:47.024] +00:05.078 [GET_VAR     ] Key: genesis_plus_gx_addr_error → enabled
[01:27:47.024] +00:05.078 [GET_VAR     ] Key: genesis_plus_gx_cd_latency → null
[01:27:47.024] +00:05.078 [GET_VAR     ] Key: genesis_plus_gx_cd_precache → null
[01:27:47.024] +00:05.078 [GET_VAR     ] Key: genesis_plus_gx_add_on → null
[01:27:47.024] +00:05.078 [GET_VAR     ] Key: genesis_plus_gx_lock_on → null
[01:27:47.024] +00:05.078 [GET_VAR_AUDIO] KEY=genesis_plus_gx_ym2413 → VALUE=enabled
[01:27:47.024] +00:05.078 [GET_VAR_AUDIO] KEY=genesis_plus_gx_ym2413_core → VALUE=null (unhandled!)
[01:27:47.024] +00:05.078 [GET_VAR_AUDIO] KEY=genesis_plus_gx_sound_output → VALUE=stereo
[01:27:47.024] +00:05.078 [GET_VAR_AUDIO] KEY=genesis_plus_gx_psg_preamp → VALUE=150
[01:27:47.024] +00:05.078 [GET_VAR_AUDIO] KEY=genesis_plus_gx_fm_preamp → VALUE=150
[01:27:47.024] +00:05.078 [GET_VAR     ] Key: genesis_plus_gx_cdda_volume → 100
[01:27:47.024] +00:05.078 [GET_VAR     ] Key: genesis_plus_gx_pcm_volume → 100
[01:27:47.024] +00:05.078 [GET_VAR_AUDIO] KEY=genesis_plus_gx_audio_filter → VALUE=disabled
[01:27:47.024] +00:05.078 [GET_VAR     ] Key: genesis_plus_gx_lowpass_range → 60
[01:27:47.024] +00:05.078 [GET_VAR_AUDIO] KEY=genesis_plus_gx_audio_eq_low → VALUE=null (unhandled!)
[01:27:47.024] +00:05.078 [GET_VAR_AUDIO] KEY=genesis_plus_gx_audio_eq_mid → VALUE=null (unhandled!)
[01:27:47.024] +00:05.078 [GET_VAR_AUDIO] KEY=genesis_plus_gx_audio_eq_high → VALUE=null (unhandled!)
[01:27:47.024] +00:05.078 [GET_VAR_AUDIO] KEY=genesis_plus_gx_ym2612 → VALUE=nuked
[01:27:47.024] +00:05.078 [GET_VAR     ] Key: genesis_plus_gx_frameskip → disabled
[01:27:47.024] +00:05.078 [GET_VAR     ] Key: genesis_plus_gx_frameskip_threshold → null
[01:27:47.024] +00:05.078 [GET_VAR     ] Key: genesis_plus_gx_blargg_ntsc_filter → null
[01:27:47.024] +00:05.078 [GET_VAR     ] Key: genesis_plus_gx_lcd_filter → null
[01:27:47.024] +00:05.078 [GET_VAR     ] Key: genesis_plus_gx_overscan → disabled
[01:27:47.024] +00:05.078 [GET_VAR     ] Key: genesis_plus_gx_gg_extra → disabled
[01:27:47.024] +00:05.078 [GET_VAR     ] Key: genesis_plus_gx_aspect_ratio → null
[01:27:47.024] +00:05.078 [GET_VAR     ] Key: genesis_plus_gx_render → single field
[01:27:47.024] +00:05.078 [GET_VAR     ] Key: genesis_plus_gx_gun_cursor → no
[01:27:47.024] +00:05.078 [GET_VAR     ] Key: genesis_plus_gx_gun_input → null
[01:27:47.024] +00:05.078 [GET_VAR     ] Key: genesis_plus_gx_invert_mouse → no
[01:27:47.024] +00:05.078 [GET_VAR     ] Key: genesis_plus_gx_left_border → null
[01:27:47.024] +00:05.078 [GET_VAR     ] Key: genesis_plus_gx_overclock → 100%
[01:27:47.024] +00:05.078 [GET_VAR     ] Key: genesis_plus_gx_no_sprite_limit → disabled
[01:27:47.024] +00:05.078 [GET_VAR     ] Key: genesis_plus_gx_enhanced_vscroll → null
[01:27:47.024] +00:05.078 [GET_VAR     ] Key: genesis_plus_gx_enhanced_vscroll_limit → null
[01:27:47.024] +00:05.078 [GET_VAR_AUDIO] KEY=genesis_plus_gx_psg_channel_0_volume → VALUE=null (unhandled!)
[01:27:47.024] +00:05.078 [GET_VAR_AUDIO] KEY=genesis_plus_gx_psg_channel_1_volume → VALUE=null (unhandled!)
[01:27:47.024] +00:05.078 [GET_VAR_AUDIO] KEY=genesis_plus_gx_psg_channel_2_volume → VALUE=null (unhandled!)
[01:27:47.024] +00:05.078 [GET_VAR_AUDIO] KEY=genesis_plus_gx_psg_channel_3_volume → VALUE=null (unhandled!)
[01:27:47.024] +00:05.078 [GET_VAR     ] Key: genesis_plus_gx_md_channel_0_volume → null
[01:27:47.024] +00:05.078 [GET_VAR     ] Key: genesis_plus_gx_md_channel_1_volume → null
[01:27:47.024] +00:05.078 [GET_VAR     ] Key: genesis_plus_gx_md_channel_2_volume → null
[01:27:47.024] +00:05.078 [GET_VAR     ] Key: genesis_plus_gx_md_channel_3_volume → null
[01:27:47.024] +00:05.078 [GET_VAR     ] Key: genesis_plus_gx_md_channel_4_volume → null
[01:27:47.024] +00:05.078 [GET_VAR     ] Key: genesis_plus_gx_md_channel_5_volume → null
[01:27:47.024] +00:05.078 [GET_VAR     ] Key: genesis_plus_gx_sms_fm_channel_0_volume → null
[01:27:47.024] +00:05.078 [GET_VAR     ] Key: genesis_plus_gx_sms_fm_channel_1_volume → null
[01:27:47.024] +00:05.078 [GET_VAR     ] Key: genesis_plus_gx_sms_fm_channel_2_volume → null
[01:27:47.024] +00:05.078 [GET_VAR     ] Key: genesis_plus_gx_sms_fm_channel_3_volume → null
[01:27:47.024] +00:05.078 [GET_VAR     ] Key: genesis_plus_gx_sms_fm_channel_4_volume → null
[01:27:47.024] +00:05.078 [GET_VAR     ] Key: genesis_plus_gx_sms_fm_channel_5_volume → null
[01:27:47.024] +00:05.078 [GET_VAR     ] Key: genesis_plus_gx_sms_fm_channel_6_volume → null
[01:27:47.024] +00:05.078 [GET_VAR     ] Key: genesis_plus_gx_sms_fm_channel_7_volume → null
[01:27:47.024] +00:05.078 [GET_VAR     ] Key: genesis_plus_gx_sms_fm_channel_8_volume → null
[01:27:47.024] +00:05.078 [GET_VAR_AUDIO] KEY=genesis_plus_gx_show_advanced_audio_settings → VALUE=null (unhandled!)
[01:27:47.024] +00:05.078 [CORE_DEBUG  ] Game Genie ROM should be located at: C:\Users\YiÄŸit\Desktop\YDrive first\bin\system\ggenie.bin
[01:27:47.024] +00:05.078 [CORE_DEBUG  ] Action Replay (Pro) ROM should be located at: C:\Users\YiÄŸit\Desktop\YDrive first\bin\system\areplay.bin
[01:27:47.024] +00:05.078 [CORE_DEBUG  ] Sonic & Knuckles (2 MB) ROM should be located at: C:\Users\YiÄŸit\Desktop\YDrive first\bin\system\sk.bin
[01:27:47.024] +00:05.078 [CORE_DEBUG  ] Sonic & Knuckles UPMEM (256 KB) ROM should be located at: C:\Users\YiÄŸit\Desktop\YDrive first\bin\system\sk2chip.bin
[01:27:47.024] +00:05.078 [CORE_DEBUG  ] Mega Drive TMSS BOOTROM should be located at: C:\Users\YiÄŸit\Desktop\YDrive first\bin\system\bios_MD.bin
[01:27:47.024] +00:05.078 [CORE_DEBUG  ] Game Gear TMSS BOOTROM should be located at: C:\Users\YiÄŸit\Desktop\YDrive first\bin\system\bios.gg
[01:27:47.024] +00:05.078 [CORE_DEBUG  ] Master System (PAL) BOOTROM should be located at: C:\Users\YiÄŸit\Desktop\YDrive first\bin\system\bios_E.sms
[01:27:47.024] +00:05.078 [CORE_DEBUG  ] Master System (NTSC-U) BOOTROM should be located at: C:\Users\YiÄŸit\Desktop\YDrive first\bin\system\bios_U.sms
[01:27:47.024] +00:05.078 [CORE_DEBUG  ] Master System (NTSC-J) BOOTROM should be located at: C:\Users\YiÄŸit\Desktop\YDrive first\bin\system\bios_J.sms
[01:27:47.024] +00:05.078 [CORE_DEBUG  ] Mega CD (PAL) BIOS should be located at: C:\Users\YiÄŸit\Desktop\YDrive first\bin\system\bios_CD_E.bin
[01:27:47.024] +00:05.078 [CORE_DEBUG  ] Sega CD (NTSC-U) BIOS should be located at: C:\Users\YiÄŸit\Desktop\YDrive first\bin\system\bios_CD_U.bin
[01:27:47.024] +00:05.078 [CORE_DEBUG  ] Mega CD (NTSC-J) BIOS should be located at: C:\Users\YiÄŸit\Desktop\YDrive first\bin\system\bios_CD_J.bin
[01:27:47.024] +00:05.078 [CORE_DEBUG  ] Mega CD (PAL) BRAM is located at: C:\Users\YiÄŸit\Desktop\YDrive first\bin\saves\scd_E.brm
[01:27:47.024] +00:05.078 [CORE_DEBUG  ] Sega CD (NTSC-U) BRAM is located at: C:\Users\YiÄŸit\Desktop\YDrive first\bin\saves\scd_U.brm
[01:27:47.024] +00:05.078 [CORE_DEBUG  ] Mega CD (NTSC-J) BRAM is located at: C:\Users\YiÄŸit\Desktop\YDrive first\bin\saves\scd_J.brm
[01:27:47.024] +00:05.078 [CORE_DEBUG  ] Sega/Mega CD RAM CART is located at: 
[01:27:47.025] +00:05.078 [CORE_INFO   ] Loading 524288 bytes ...
[01:27:47.028] +00:05.082 [CORE        ] AV Bilgisi — FPS: 59,92, SampleRate: 44100, Çözünürlük: 256x192, AspectRatio: 1,524
[01:27:47.034] +00:05.088 [BATCH_RAW   ] #1: frames=735, rawNonZero=False, hex=00-00-00-00-00-00-00-00-00-00-00-00-00-00-00-00-00-00-00-00-00-00-00-00-00-00-00-00-00-00-00-00, ptr=0x7FFA338EDD40, subscribers=1
[01:27:47.035] +00:05.089 [AUDIO_RAW   ] WriteSamples #1: frames=735, rawNonZero=False, rawHex=00-00-00-00-00-00-00-00-00-00-00-00-00-00-00-00-00-00-00-00-00-00-00-00-00-00-00-00-00-00-00-00
[01:27:47.035] +00:05.089 [AUDIO       ] ⚡ WaveOut durmuştu → Play() çağrıldı
[01:27:47.035] +00:05.089 [AUDIO       ] WriteSamples #1: frames=735, sampleCount=1470, nonZero=False, hex=00-00-00-00-00-00-00-00-00-00-00-00-00-00-00-00, volume=1,00, buffered=2940, playState=Playing
[01:27:47.048] +00:05.102 [BATCH_RAW   ] #2: frames=736, rawNonZero=False, hex=00-00-00-00-00-00-00-00-00-00-00-00-00-00-00-00-00-00-00-00-00-00-00-00-00-00-00-00-00-00-00-00, ptr=0x7FFA338EDD40, subscribers=1
[01:27:47.048] +00:05.102 [AUDIO_RAW   ] WriteSamples #2: frames=736, rawNonZero=False, rawHex=00-00-00-00-00-00-00-00-00-00-00-00-00-00-00-00-00-00-00-00-00-00-00-00-00-00-00-00-00-00-00-00
[01:27:47.048] +00:05.102 [AUDIO       ] WriteSamples #2: frames=736, sampleCount=1472, nonZero=False, hex=00-00-00-00-00-00-00-00-00-00-00-00-00-00-00-00, volume=1,00, buffered=2944, playState=Playing
[01:27:47.064] +00:05.118 [BATCH_RAW   ] #3: frames=736, rawNonZero=False, hex=00-00-00-00-00-00-00-00-00-00-00-00-00-00-00-00-00-00-00-00-00-00-00-00-00-00-00-00-00-00-00-00, ptr=0x7FFA338EDD40, subscribers=1
[01:27:47.064] +00:05.118 [AUDIO_RAW   ] WriteSamples #3: frames=736, rawNonZero=False, rawHex=00-00-00-00-00-00-00-00-00-00-00-00-00-00-00-00-00-00-00-00-00-00-00-00-00-00-00-00-00-00-00-00
[01:27:47.064] +00:05.118 [AUDIO       ] WriteSamples #3: frames=736, sampleCount=1472, nonZero=False, hex=00-00-00-00-00-00-00-00-00-00-00-00-00-00-00-00, volume=1,00, buffered=2944, playState=Playing
[01:27:47.081] +00:05.135 [BATCH_RAW   ] #4: frames=736, rawNonZero=False, hex=00-00-00-00-00-00-00-00-00-00-00-00-00-00-00-00-00-00-00-00-00-00-00-00-00-00-00-00-00-00-00-00, ptr=0x7FFA338EDD40, subscribers=1
[01:27:47.081] +00:05.135 [AUDIO_RAW   ] WriteSamples #4: frames=736, rawNonZero=False, rawHex=00-00-00-00-00-00-00-00-00-00-00-00-00-00-00-00-00-00-00-00-00-00-00-00-00-00-00-00-00-00-00-00
[01:27:47.081] +00:05.135 [AUDIO       ] WriteSamples #4: frames=736, sampleCount=1472, nonZero=False, hex=00-00-00-00-00-00-00-00-00-00-00-00-00-00-00-00, volume=1,00, buffered=2944, playState=Playing
[01:27:47.098] +00:05.152 [BATCH_RAW   ] #5: frames=736, rawNonZero=False, hex=00-00-00-00-00-00-00-00-00-00-00-00-00-00-00-00-00-00-00-00-00-00-00-00-00-00-00-00-00-00-00-00, ptr=0x7FFA338EDD40, subscribers=1
[01:27:47.098] +00:05.152 [AUDIO_RAW   ] WriteSamples #5: frames=736, rawNonZero=False, rawHex=00-00-00-00-00-00-00-00-00-00-00-00-00-00-00-00-00-00-00-00-00-00-00-00-00-00-00-00-00-00-00-00
[01:27:47.098] +00:05.152 [AUDIO       ] WriteSamples #5: frames=736, sampleCount=1472, nonZero=False, hex=00-00-00-00-00-00-00-00-00-00-00-00-00-00-00-00, volume=1,00, buffered=5888, playState=Playing
[01:27:47.114] +00:05.168 [AUDIO_RAW   ] WriteSamples #6: frames=736, rawNonZero=False, rawHex=00-00-00-00-00-00-00-00-00-00-00-00-00-00-00-00-00-00-00-00-00-00-00-00-00-00-00-00-00-00-00-00
[01:27:47.114] +00:05.168 [AUDIO       ] WriteSamples #6: frames=736, sampleCount=1472, nonZero=False, hex=00-00-00-00-00-00-00-00-00-00-00-00-00-00-00-00, volume=1,00, buffered=2944, playState=Playing
[01:27:47.131] +00:05.185 [AUDIO_RAW   ] WriteSamples #7: frames=736, rawNonZero=False, rawHex=00-00-00-00-00-00-00-00-00-00-00-00-00-00-00-00-00-00-00-00-00-00-00-00-00-00-00-00-00-00-00-00
[01:27:47.131] +00:05.185 [AUDIO       ] WriteSamples #7: frames=736, sampleCount=1472, nonZero=False, hex=00-00-00-00-00-00-00-00-00-00-00-00-00-00-00-00, volume=1,00, buffered=5888, playState=Playing
[01:27:47.148] +00:05.202 [AUDIO_RAW   ] WriteSamples #8: frames=736, rawNonZero=False, rawHex=00-00-00-00-00-00-00-00-00-00-00-00-00-00-00-00-00-00-00-00-00-00-00-00-00-00-00-00-00-00-00-00
[01:27:47.148] +00:05.202 [AUDIO       ] WriteSamples #8: frames=736, sampleCount=1472, nonZero=False, hex=00-00-00-00-00-00-00-00-00-00-00-00-00-00-00-00, volume=1,00, buffered=4068, playState=Playing
[01:27:47.165] +00:05.219 [AUDIO_RAW   ] WriteSamples #9: frames=736, rawNonZero=False, rawHex=00-00-00-00-00-00-00-00-00-00-00-00-00-00-00-00-00-00-00-00-00-00-00-00-00-00-00-00-00-00-00-00
[01:27:47.165] +00:05.219 [AUDIO       ] WriteSamples #9: frames=736, sampleCount=1472, nonZero=False, hex=00-00-00-00-00-00-00-00-00-00-00-00-00-00-00-00, volume=1,00, buffered=7012, playState=Playing
[01:27:47.181] +00:05.235 [BATCH_RAW   ] #10: frames=736, rawNonZero=False, hex=00-00-00-00-00-00-00-00-00-00-00-00-00-00-00-00-00-00-00-00-00-00-00-00-00-00-00-00-00-00-00-00, ptr=0x7FFA338EDD40, subscribers=1
[01:27:47.181] +00:05.235 [AUDIO_RAW   ] WriteSamples #10: frames=736, rawNonZero=False, rawHex=00-00-00-00-00-00-00-00-00-00-00-00-00-00-00-00-00-00-00-00-00-00-00-00-00-00-00-00-00-00-00-00
[01:27:47.186] +00:05.240 [AUDIO       ] WriteSamples #10: frames=736, sampleCount=1472, nonZero=False, hex=00-00-00-00-00-00-00-00-00-00-00-00-00-00-00-00, volume=1,00, buffered=5192, playState=Playing
[01:27:47.265] +00:05.319 [BATCH_RAW   ] #15: frames=736, rawNonZero=False, hex=00-00-00-00-00-00-00-00-00-00-00-00-00-00-00-00-00-00-00-00-00-00-00-00-00-00-00-00-00-00-00-00, ptr=0x7FFA338EDD40, subscribers=1
[01:27:47.348] +00:05.402 [BATCH_RAW   ] #20: frames=735, rawNonZero=False, hex=00-00-00-00-00-00-00-00-00-00-00-00-00-00-00-00-00-00-00-00-00-00-00-00-00-00-00-00-00-00-00-00, ptr=0x7FFA338EDD40, subscribers=1
[01:27:47.431] +00:05.485 [BATCH_RAW   ] #25: frames=736, rawNonZero=False, hex=00-00-00-00-00-00-00-00-00-00-00-00-00-00-00-00-00-00-00-00-00-00-00-00-00-00-00-00-00-00-00-00, ptr=0x7FFA338EDD40, subscribers=1
[01:27:47.515] +00:05.569 [BATCH_RAW   ] #30: frames=736, rawNonZero=False, hex=00-00-00-00-00-00-00-00-00-00-00-00-00-00-00-00-00-00-00-00-00-00-00-00-00-00-00-00-00-00-00-00, ptr=0x7FFA338EDD40, subscribers=1
[01:27:48.016] +00:06.069 [CALLBACK    ] AudioBatch #60: totalSingle=0, totalBatch=60
[01:27:49.017] +00:07.071 [CALLBACK    ] AudioBatch #120: totalSingle=0, totalBatch=120
[01:27:50.018] +00:08.072 [CALLBACK    ] AudioBatch #180: totalSingle=0, totalBatch=180
[01:27:50.019] +00:08.072 [AUDIO       ] WriteSamples #180: totalFrames=132470, nonZero=14/180, buffered=5932, playState=Playing
[01:27:51.020] +00:09.073 [CALLBACK    ] AudioBatch #240: totalSingle=0, totalBatch=240
[01:27:52.021] +00:10.075 [CALLBACK    ] AudioBatch #300: totalSingle=0, totalBatch=300
[01:27:53.022] +00:11.076 [CALLBACK    ] AudioBatch #360: totalSingle=0, totalBatch=360
[01:27:53.022] +00:11.076 [AUDIO       ] WriteSamples #360: totalFrames=264941, nonZero=111/360, buffered=7056, playState=Playing
[01:27:54.024] +00:12.077 [CALLBACK    ] AudioBatch #420: totalSingle=0, totalBatch=420
[01:27:55.025] +00:13.079 [CALLBACK    ] AudioBatch #480: totalSingle=0, totalBatch=480
[01:27:56.027] +00:14.080 [CALLBACK    ] AudioBatch #540: totalSingle=0, totalBatch=540
[01:27:56.027] +00:14.080 [AUDIO       ] WriteSamples #540: totalFrames=397411, nonZero=129/540, buffered=3368, playState=Playing
[01:27:57.028] +00:15.081 [CALLBACK    ] AudioBatch #600: totalSingle=0, totalBatch=600
[01:27:58.029] +00:16.083 [CALLBACK    ] AudioBatch #660: totalSingle=0, totalBatch=660
[01:27:59.031] +00:17.084 [CALLBACK    ] AudioBatch #720: totalSingle=0, totalBatch=720
[01:27:59.031] +00:17.084 [AUDIO       ] WriteSamples #720: totalFrames=529882, nonZero=307/720, buffered=4448, playState=Playing
[01:28:00.032] +00:18.085 [CALLBACK    ] AudioBatch #780: totalSingle=0, totalBatch=780
[01:28:01.033] +00:19.086 [CALLBACK    ] AudioBatch #840: totalSingle=0, totalBatch=840
[01:28:02.035] +00:20.088 [CALLBACK    ] AudioBatch #900: totalSingle=0, totalBatch=900
[01:28:02.035] +00:20.088 [AUDIO       ] WriteSamples #900: totalFrames=662352, nonZero=487/900, buffered=5524, playState=Playing
[01:28:03.036] +00:21.089 [CALLBACK    ] AudioBatch #960: totalSingle=0, totalBatch=960
[01:28:04.037] +00:22.090 [CALLBACK    ] AudioBatch #1020: totalSingle=0, totalBatch=1020
[01:28:05.039] +00:23.092 [CALLBACK    ] AudioBatch #1080: totalSingle=0, totalBatch=1080
[01:28:05.039] +00:23.092 [AUDIO       ] WriteSamples #1080: totalFrames=794823, nonZero=667/1080, buffered=6604, playState=Playing
[01:28:06.040] +00:24.093 [CALLBACK    ] AudioBatch #1140: totalSingle=0, totalBatch=1140
[01:28:07.041] +00:25.094 [CALLBACK    ] AudioBatch #1200: totalSingle=0, totalBatch=1200
[01:28:08.043] +00:26.096 [CALLBACK    ] AudioBatch #1260: totalSingle=0, totalBatch=1260
[01:28:08.043] +00:26.096 [AUDIO       ] WriteSamples #1260: totalFrames=927293, nonZero=847/1260, buffered=7680, playState=Playing
[01:28:09.044] +00:27.097 [CALLBACK    ] AudioBatch #1320: totalSingle=0, totalBatch=1320
[01:28:10.045] +00:28.098 [CALLBACK    ] AudioBatch #1380: totalSingle=0, totalBatch=1380
[01:28:11.047] +00:29.099 [CALLBACK    ] AudioBatch #1440: totalSingle=0, totalBatch=1440
[01:28:11.047] +00:29.099 [AUDIO       ] WriteSamples #1440: totalFrames=1059764, nonZero=1027/1440, buffered=4000, playState=Playing
[01:28:12.048] +00:30.101 [CALLBACK    ] AudioBatch #1500: totalSingle=0, totalBatch=1500
[01:28:13.049] +00:31.102 [CALLBACK    ] AudioBatch #1560: totalSingle=0, totalBatch=1560
[01:28:14.051] +00:32.103 [CALLBACK    ] AudioBatch #1620: totalSingle=0, totalBatch=1620
[01:28:14.051] +00:32.103 [AUDIO       ] WriteSamples #1620: totalFrames=1192235, nonZero=1207/1620, buffered=5080, playState=Playing
[01:28:15.052] +00:33.104 [CALLBACK    ] AudioBatch #1680: totalSingle=0, totalBatch=1680
[01:28:16.053] +00:34.106 [CALLBACK    ] AudioBatch #1740: totalSingle=0, totalBatch=1740
[01:28:17.055] +00:35.107 [CALLBACK    ] AudioBatch #1800: totalSingle=0, totalBatch=1800
[01:28:17.055] +00:35.107 [AUDIO       ] WriteSamples #1800: totalFrames=1324705, nonZero=1387/1800, buffered=6156, playState=Playing
[01:28:18.056] +00:36.109 [CALLBACK    ] AudioBatch #1860: totalSingle=0, totalBatch=1860
[01:28:19.057] +00:37.110 [CALLBACK    ] AudioBatch #1920: totalSingle=0, totalBatch=1920
[01:28:20.059] +00:38.111 [CALLBACK    ] AudioBatch #1980: totalSingle=0, totalBatch=1980
[01:28:20.059] +00:38.111 [AUDIO       ] WriteSamples #1980: totalFrames=1457176, nonZero=1567/1980, buffered=7236, playState=Playing
[01:28:21.060] +00:39.112 [CALLBACK    ] AudioBatch #2040: totalSingle=0, totalBatch=2040
[01:28:22.061] +00:40.114 [CALLBACK    ] AudioBatch #2100: totalSingle=0, totalBatch=2100
[01:28:23.063] +00:41.115 [CALLBACK    ] AudioBatch #2160: totalSingle=0, totalBatch=2160
[01:28:23.063] +00:41.115 [AUDIO       ] WriteSamples #2160: totalFrames=1589646, nonZero=1747/2160, buffered=8312, playState=Playing
[01:28:24.064] +00:42.116 [CALLBACK    ] AudioBatch #2220: totalSingle=0, totalBatch=2220
[01:28:25.065] +00:43.117 [CALLBACK    ] AudioBatch #2280: totalSingle=0, totalBatch=2280
[01:28:26.067] +00:44.119 [CALLBACK    ] AudioBatch #2340: totalSingle=0, totalBatch=2340
[01:28:26.067] +00:44.119 [AUDIO       ] WriteSamples #2340: totalFrames=1722117, nonZero=1927/2340, buffered=4628, playState=Playing
[01:28:27.068] +00:45.120 [CALLBACK    ] AudioBatch #2400: totalSingle=0, totalBatch=2400
[01:28:28.069] +00:46.121 [CALLBACK    ] AudioBatch #2460: totalSingle=0, totalBatch=2460
[01:28:29.071] +00:47.123 [CALLBACK    ] AudioBatch #2520: totalSingle=0, totalBatch=2520
[01:28:29.071] +00:47.123 [AUDIO       ] WriteSamples #2520: totalFrames=1854587, nonZero=2107/2520, buffered=5704, playState=Playing
[01:28:30.072] +00:48.124 [CALLBACK    ] AudioBatch #2580: totalSingle=0, totalBatch=2580
[01:28:31.074] +00:49.125 [CALLBACK    ] AudioBatch #2640: totalSingle=0, totalBatch=2640
[01:28:32.075] +00:50.126 [CALLBACK    ] AudioBatch #2700: totalSingle=0, totalBatch=2700
[01:28:32.075] +00:50.126 [AUDIO       ] WriteSamples #2700: totalFrames=1987058, nonZero=2287/2700, buffered=6832, playState=Playing
[01:28:33.076] +00:51.128 [CALLBACK    ] AudioBatch #2760: totalSingle=0, totalBatch=2760
[01:28:40.270] +00:58.321 [AUDIO       ] Dispose — calls=2777, frames=2043726, nonZero=2364
[01:28:40.270] +00:58.321 [AUDIO       ] Shutdown, PlaybackState=Paused
[01:28:40.418] +00:58.469 [SYSTEM      ] ═══════════════════════════════════════
[01:28:40.418] +00:58.469 [SYSTEM      ] Oturum Sonu — Toplam Süre: 00:00:58.469
[01:28:40.418] +00:58.469 [SYSTEM      ] Exit Code: 0
[01:28:40.418] +00:58.469 [SYSTEM      ] ═══════════════════════════════════════
