[18:31:57.202] +00:00.007 [SYSTEM      ] ═══════════════════════════════════════
[18:31:57.202] +00:00.008 [SYSTEM      ] YDrive — Oturum Başladı
[18:31:57.202] +00:00.008 [SYSTEM      ] Zaman       : 2026-08-01 18:31:57
[18:31:57.202] +00:00.008 [SYSTEM      ] Log Dosyası : C:\Users\Yiğit\Desktop\YDrive first\bin\Release\logs\diag_20260801_183157.log
[18:31:57.202] +00:00.008 [SYSTEM      ] OS          : Microsoft Windows NT 10.0.26200.0
[18:31:57.202] +00:00.008 [SYSTEM      ] 64-bit      : True
[18:31:57.202] +00:00.008 [SYSTEM      ] .NET Sürümü : 8.0.29
[18:31:57.202] +00:00.008 [SYSTEM      ] ═══════════════════════════════════════
[18:31:57.203] +00:00.009 [CORE        ] Callback'ler kaydedildi (Init öncesi) — Environment, Video, AudioSample, AudioBatch, Input
[18:31:57.203] +00:00.009 [ENV         ] GET_LOG_INTERFACE → log callback kaydedildi
[18:31:57.203] +00:00.009 [CORE        ] retro_init() tamamlandı
[18:31:57.203] +00:00.009 [CORE        ] Yüklendi: Genesis Plus GX vv1.7.4 ca93fec | NeedFullPath: True
[18:32:09.696] +00:12.502 [AUDIO       ] ══ Initialize sampleRate=44100 ══
[18:32:09.696] +00:12.502 [AUDIO       ] BufferedWaveProvider: 44100Hz 16bit 2ch, bufLen=352800
[18:32:10.171] +00:12.977 [AUDIO       ] ✓ WaveOutEvent başlatıldı, PlaybackState=Playing
[18:32:10.172] +00:12.978 [AUDIO       ] Volume başlangıç seviyesi: 1,000
[18:32:10.174] +00:12.980 [CORE        ] Kısa yol üretildi: C:\Users\YIIT~1\DOWNLO~1\MICHAE~1\MICHAE~1.MD
[18:32:10.174] +00:12.980 [CORE        ] Tüm callback'ler yeniden kaydedildi — Env=True, Video=True, AudioSample=True, AudioBatch=True, InputPoll=True, InputState=True
[18:32:10.174] +00:12.980 [CORE        ] retro_load_game çağrılıyor — NeedFullPath=True, Size=524288 bytes
[18:32:10.175] +00:12.981 [CORE_INFO   ] Frontend supports RGB565 - will use that instead of XRGB1555.
[18:32:10.175] +00:12.981 [GET_VAR     ] Key: genesis_plus_gx_system_bram → null
[18:32:10.175] +00:12.981 [GET_VAR     ] Key: genesis_plus_gx_cart_size → null
[18:32:10.175] +00:12.981 [GET_VAR     ] Key: genesis_plus_gx_cart_bram → null
[18:32:10.175] +00:12.981 [GET_VAR     ] Key: genesis_plus_gx_system_hw → auto
[18:32:10.175] +00:12.981 [GET_VAR     ] Key: genesis_plus_gx_bios → disabled
[18:32:10.175] +00:12.981 [GET_VAR     ] Key: genesis_plus_gx_region_detect → auto
[18:32:10.175] +00:12.981 [GET_VAR     ] Key: genesis_plus_gx_vdp_mode → null
[18:32:10.175] +00:12.981 [GET_VAR     ] Key: genesis_plus_gx_force_dtack → enabled
[18:32:10.175] +00:12.981 [GET_VAR     ] Key: genesis_plus_gx_addr_error → enabled
[18:32:10.175] +00:12.981 [GET_VAR     ] Key: genesis_plus_gx_cd_latency → null
[18:32:10.175] +00:12.981 [GET_VAR     ] Key: genesis_plus_gx_cd_precache → null
[18:32:10.175] +00:12.981 [GET_VAR     ] Key: genesis_plus_gx_add_on → null
[18:32:10.175] +00:12.981 [GET_VAR     ] Key: genesis_plus_gx_lock_on → null
[18:32:10.175] +00:12.981 [GET_VAR_AUDIO] KEY=genesis_plus_gx_ym2413 → VALUE=enabled
[18:32:10.175] +00:12.981 [GET_VAR_AUDIO] KEY=genesis_plus_gx_ym2413_core → VALUE=null (unhandled!)
[18:32:10.175] +00:12.981 [GET_VAR_AUDIO] KEY=genesis_plus_gx_sound_output → VALUE=stereo
[18:32:10.175] +00:12.981 [GET_VAR_AUDIO] KEY=genesis_plus_gx_psg_preamp → VALUE=150
[18:32:10.175] +00:12.981 [GET_VAR_AUDIO] KEY=genesis_plus_gx_fm_preamp → VALUE=150
[18:32:10.175] +00:12.981 [GET_VAR     ] Key: genesis_plus_gx_cdda_volume → 100
[18:32:10.175] +00:12.981 [GET_VAR     ] Key: genesis_plus_gx_pcm_volume → 100
[18:32:10.175] +00:12.981 [GET_VAR_AUDIO] KEY=genesis_plus_gx_audio_filter → VALUE=disabled
[18:32:10.175] +00:12.981 [GET_VAR     ] Key: genesis_plus_gx_lowpass_range → 60
[18:32:10.175] +00:12.981 [GET_VAR_AUDIO] KEY=genesis_plus_gx_audio_eq_low → VALUE=null (unhandled!)
[18:32:10.175] +00:12.981 [GET_VAR_AUDIO] KEY=genesis_plus_gx_audio_eq_mid → VALUE=null (unhandled!)
[18:32:10.175] +00:12.981 [GET_VAR_AUDIO] KEY=genesis_plus_gx_audio_eq_high → VALUE=null (unhandled!)
[18:32:10.175] +00:12.981 [GET_VAR_AUDIO] KEY=genesis_plus_gx_ym2612 → VALUE=nuked
[18:32:10.175] +00:12.981 [GET_VAR     ] Key: genesis_plus_gx_frameskip → disabled
[18:32:10.175] +00:12.981 [GET_VAR     ] Key: genesis_plus_gx_frameskip_threshold → null
[18:32:10.175] +00:12.981 [GET_VAR     ] Key: genesis_plus_gx_blargg_ntsc_filter → null
[18:32:10.175] +00:12.981 [GET_VAR     ] Key: genesis_plus_gx_lcd_filter → null
[18:32:10.175] +00:12.981 [GET_VAR     ] Key: genesis_plus_gx_overscan → disabled
[18:32:10.175] +00:12.981 [GET_VAR     ] Key: genesis_plus_gx_gg_extra → disabled
[18:32:10.175] +00:12.981 [GET_VAR     ] Key: genesis_plus_gx_aspect_ratio → null
[18:32:10.175] +00:12.981 [GET_VAR     ] Key: genesis_plus_gx_render → single field
[18:32:10.175] +00:12.981 [GET_VAR     ] Key: genesis_plus_gx_gun_cursor → no
[18:32:10.175] +00:12.981 [GET_VAR     ] Key: genesis_plus_gx_gun_input → null
[18:32:10.175] +00:12.981 [GET_VAR     ] Key: genesis_plus_gx_invert_mouse → no
[18:32:10.175] +00:12.981 [GET_VAR     ] Key: genesis_plus_gx_left_border → null
[18:32:10.175] +00:12.981 [GET_VAR     ] Key: genesis_plus_gx_overclock → 100%
[18:32:10.175] +00:12.981 [GET_VAR     ] Key: genesis_plus_gx_no_sprite_limit → disabled
[18:32:10.175] +00:12.981 [GET_VAR     ] Key: genesis_plus_gx_enhanced_vscroll → null
[18:32:10.175] +00:12.981 [GET_VAR     ] Key: genesis_plus_gx_enhanced_vscroll_limit → null
[18:32:10.175] +00:12.981 [GET_VAR_AUDIO] KEY=genesis_plus_gx_psg_channel_0_volume → VALUE=null (unhandled!)
[18:32:10.175] +00:12.981 [GET_VAR_AUDIO] KEY=genesis_plus_gx_psg_channel_1_volume → VALUE=null (unhandled!)
[18:32:10.175] +00:12.981 [GET_VAR_AUDIO] KEY=genesis_plus_gx_psg_channel_2_volume → VALUE=null (unhandled!)
[18:32:10.175] +00:12.981 [GET_VAR_AUDIO] KEY=genesis_plus_gx_psg_channel_3_volume → VALUE=null (unhandled!)
[18:32:10.175] +00:12.981 [GET_VAR     ] Key: genesis_plus_gx_md_channel_0_volume → null
[18:32:10.175] +00:12.981 [GET_VAR     ] Key: genesis_plus_gx_md_channel_1_volume → null
[18:32:10.175] +00:12.981 [GET_VAR     ] Key: genesis_plus_gx_md_channel_2_volume → null
[18:32:10.175] +00:12.981 [GET_VAR     ] Key: genesis_plus_gx_md_channel_3_volume → null
[18:32:10.175] +00:12.981 [GET_VAR     ] Key: genesis_plus_gx_md_channel_4_volume → null
[18:32:10.175] +00:12.981 [GET_VAR     ] Key: genesis_plus_gx_md_channel_5_volume → null
[18:32:10.175] +00:12.981 [GET_VAR     ] Key: genesis_plus_gx_sms_fm_channel_0_volume → null
[18:32:10.175] +00:12.981 [GET_VAR     ] Key: genesis_plus_gx_sms_fm_channel_1_volume → null
[18:32:10.175] +00:12.981 [GET_VAR     ] Key: genesis_plus_gx_sms_fm_channel_2_volume → null
[18:32:10.175] +00:12.981 [GET_VAR     ] Key: genesis_plus_gx_sms_fm_channel_3_volume → null
[18:32:10.175] +00:12.981 [GET_VAR     ] Key: genesis_plus_gx_sms_fm_channel_4_volume → null
[18:32:10.175] +00:12.981 [GET_VAR     ] Key: genesis_plus_gx_sms_fm_channel_5_volume → null
[18:32:10.175] +00:12.981 [GET_VAR     ] Key: genesis_plus_gx_sms_fm_channel_6_volume → null
[18:32:10.175] +00:12.981 [GET_VAR     ] Key: genesis_plus_gx_sms_fm_channel_7_volume → null
[18:32:10.175] +00:12.981 [GET_VAR     ] Key: genesis_plus_gx_sms_fm_channel_8_volume → null
[18:32:10.175] +00:12.981 [GET_VAR_AUDIO] KEY=genesis_plus_gx_show_advanced_audio_settings → VALUE=null (unhandled!)
[18:32:10.175] +00:12.981 [CORE_DEBUG  ] Game Genie ROM should be located at: C:\Users\YiÄŸit\Desktop\YDrive first\bin\system\ggenie.bin
[18:32:10.175] +00:12.981 [CORE_DEBUG  ] Action Replay (Pro) ROM should be located at: C:\Users\YiÄŸit\Desktop\YDrive first\bin\system\areplay.bin
[18:32:10.175] +00:12.981 [CORE_DEBUG  ] Sonic & Knuckles (2 MB) ROM should be located at: C:\Users\YiÄŸit\Desktop\YDrive first\bin\system\sk.bin
[18:32:10.175] +00:12.981 [CORE_DEBUG  ] Sonic & Knuckles UPMEM (256 KB) ROM should be located at: C:\Users\YiÄŸit\Desktop\YDrive first\bin\system\sk2chip.bin
[18:32:10.175] +00:12.981 [CORE_DEBUG  ] Mega Drive TMSS BOOTROM should be located at: C:\Users\YiÄŸit\Desktop\YDrive first\bin\system\bios_MD.bin
[18:32:10.175] +00:12.981 [CORE_DEBUG  ] Game Gear TMSS BOOTROM should be located at: C:\Users\YiÄŸit\Desktop\YDrive first\bin\system\bios.gg
[18:32:10.175] +00:12.981 [CORE_DEBUG  ] Master System (PAL) BOOTROM should be located at: C:\Users\YiÄŸit\Desktop\YDrive first\bin\system\bios_E.sms
[18:32:10.175] +00:12.981 [CORE_DEBUG  ] Master System (NTSC-U) BOOTROM should be located at: C:\Users\YiÄŸit\Desktop\YDrive first\bin\system\bios_U.sms
[18:32:10.175] +00:12.981 [CORE_DEBUG  ] Master System (NTSC-J) BOOTROM should be located at: C:\Users\YiÄŸit\Desktop\YDrive first\bin\system\bios_J.sms
[18:32:10.175] +00:12.981 [CORE_DEBUG  ] Mega CD (PAL) BIOS should be located at: C:\Users\YiÄŸit\Desktop\YDrive first\bin\system\bios_CD_E.bin
[18:32:10.175] +00:12.981 [CORE_DEBUG  ] Sega CD (NTSC-U) BIOS should be located at: C:\Users\YiÄŸit\Desktop\YDrive first\bin\system\bios_CD_U.bin
[18:32:10.175] +00:12.981 [CORE_DEBUG  ] Mega CD (NTSC-J) BIOS should be located at: C:\Users\YiÄŸit\Desktop\YDrive first\bin\system\bios_CD_J.bin
[18:32:10.175] +00:12.981 [CORE_DEBUG  ] Mega CD (PAL) BRAM is located at: C:\Users\YiÄŸit\Desktop\YDrive first\bin\saves\scd_E.brm
[18:32:10.175] +00:12.981 [CORE_DEBUG  ] Sega CD (NTSC-U) BRAM is located at: C:\Users\YiÄŸit\Desktop\YDrive first\bin\saves\scd_U.brm
[18:32:10.175] +00:12.981 [CORE_DEBUG  ] Mega CD (NTSC-J) BRAM is located at: C:\Users\YiÄŸit\Desktop\YDrive first\bin\saves\scd_J.brm
[18:32:10.175] +00:12.981 [CORE_DEBUG  ] Sega/Mega CD RAM CART is located at: 
[18:32:10.176] +00:12.982 [CORE_INFO   ] Loading 524288 bytes ...
[18:32:10.179] +00:12.985 [CORE        ] AV Bilgisi — FPS: 59,92, SampleRate: 44100, Çözünürlük: 256x192, AspectRatio: 1,524
[18:32:10.185] +00:12.991 [BATCH_RAW   ] #1: frames=735, rawNonZero=False, hex=00-00-00-00-00-00-00-00-00-00-00-00-00-00-00-00-00-00-00-00-00-00-00-00-00-00-00-00-00-00-00-00, ptr=0x7FFA307EDD40, subscribers=1
[18:32:10.186] +00:12.992 [AUDIO_RAW   ] WriteSamples #1: frames=735, rawNonZero=False, rawHex=00-00-00-00-00-00-00-00-00-00-00-00-00-00-00-00-00-00-00-00-00-00-00-00-00-00-00-00-00-00-00-00
[18:32:10.186] +00:12.993 [AUDIO       ] ⚡ WaveOut durmuştu → Play() çağrıldı
[18:32:10.187] +00:12.993 [AUDIO       ] WriteSamples #1: frames=735, sampleCount=1470, nonZero=False, hex=00-00-00-00-00-00-00-00-00-00-00-00-00-00-00-00, volume=1,00, buffered=2940, playState=Playing
[18:32:10.200] +00:13.006 [BATCH_RAW   ] #2: frames=736, rawNonZero=False, hex=00-00-00-00-00-00-00-00-00-00-00-00-00-00-00-00-00-00-00-00-00-00-00-00-00-00-00-00-00-00-00-00, ptr=0x7FFA307EDD40, subscribers=1
[18:32:10.200] +00:13.006 [AUDIO_RAW   ] WriteSamples #2: frames=736, rawNonZero=False, rawHex=00-00-00-00-00-00-00-00-00-00-00-00-00-00-00-00-00-00-00-00-00-00-00-00-00-00-00-00-00-00-00-00
[18:32:10.200] +00:13.006 [AUDIO       ] WriteSamples #2: frames=736, sampleCount=1472, nonZero=False, hex=00-00-00-00-00-00-00-00-00-00-00-00-00-00-00-00, volume=1,00, buffered=2944, playState=Playing
[18:32:10.216] +00:13.022 [BATCH_RAW   ] #3: frames=736, rawNonZero=False, hex=00-00-00-00-00-00-00-00-00-00-00-00-00-00-00-00-00-00-00-00-00-00-00-00-00-00-00-00-00-00-00-00, ptr=0x7FFA307EDD40, subscribers=1
[18:32:10.216] +00:13.023 [AUDIO_RAW   ] WriteSamples #3: frames=736, rawNonZero=False, rawHex=00-00-00-00-00-00-00-00-00-00-00-00-00-00-00-00-00-00-00-00-00-00-00-00-00-00-00-00-00-00-00-00
[18:32:10.216] +00:13.023 [AUDIO       ] WriteSamples #3: frames=736, sampleCount=1472, nonZero=False, hex=00-00-00-00-00-00-00-00-00-00-00-00-00-00-00-00, volume=1,00, buffered=5888, playState=Playing
[18:32:10.233] +00:13.039 [BATCH_RAW   ] #4: frames=736, rawNonZero=False, hex=00-00-00-00-00-00-00-00-00-00-00-00-00-00-00-00-00-00-00-00-00-00-00-00-00-00-00-00-00-00-00-00, ptr=0x7FFA307EDD40, subscribers=1
[18:32:10.233] +00:13.039 [AUDIO_RAW   ] WriteSamples #4: frames=736, rawNonZero=False, rawHex=00-00-00-00-00-00-00-00-00-00-00-00-00-00-00-00-00-00-00-00-00-00-00-00-00-00-00-00-00-00-00-00
[18:32:10.233] +00:13.039 [AUDIO       ] WriteSamples #4: frames=736, sampleCount=1472, nonZero=False, hex=00-00-00-00-00-00-00-00-00-00-00-00-00-00-00-00, volume=1,00, buffered=2944, playState=Playing
[18:32:10.250] +00:13.056 [BATCH_RAW   ] #5: frames=736, rawNonZero=False, hex=00-00-00-00-00-00-00-00-00-00-00-00-00-00-00-00-00-00-00-00-00-00-00-00-00-00-00-00-00-00-00-00, ptr=0x7FFA307EDD40, subscribers=1
[18:32:10.250] +00:13.056 [AUDIO_RAW   ] WriteSamples #5: frames=736, rawNonZero=False, rawHex=00-00-00-00-00-00-00-00-00-00-00-00-00-00-00-00-00-00-00-00-00-00-00-00-00-00-00-00-00-00-00-00
[18:32:10.252] +00:13.058 [AUDIO       ] WriteSamples #5: frames=736, sampleCount=1472, nonZero=False, hex=00-00-00-00-00-00-00-00-00-00-00-00-00-00-00-00, volume=1,00, buffered=5888, playState=Playing
[18:32:10.266] +00:13.072 [AUDIO_RAW   ] WriteSamples #6: frames=736, rawNonZero=False, rawHex=00-00-00-00-00-00-00-00-00-00-00-00-00-00-00-00-00-00-00-00-00-00-00-00-00-00-00-00-00-00-00-00
[18:32:10.266] +00:13.072 [AUDIO       ] WriteSamples #6: frames=736, sampleCount=1472, nonZero=False, hex=00-00-00-00-00-00-00-00-00-00-00-00-00-00-00-00, volume=1,00, buffered=8832, playState=Playing
[18:32:10.283] +00:13.089 [AUDIO_RAW   ] WriteSamples #7: frames=736, rawNonZero=False, rawHex=00-00-00-00-00-00-00-00-00-00-00-00-00-00-00-00-00-00-00-00-00-00-00-00-00-00-00-00-00-00-00-00
[18:32:10.283] +00:13.089 [AUDIO       ] WriteSamples #7: frames=736, sampleCount=1472, nonZero=False, hex=00-00-00-00-00-00-00-00-00-00-00-00-00-00-00-00, volume=1,00, buffered=2944, playState=Playing
[18:32:10.300] +00:13.106 [AUDIO_RAW   ] WriteSamples #8: frames=736, rawNonZero=False, rawHex=00-00-00-00-00-00-00-00-00-00-00-00-00-00-00-00-00-00-00-00-00-00-00-00-00-00-00-00-00-00-00-00
[18:32:10.300] +00:13.106 [AUDIO       ] WriteSamples #8: frames=736, sampleCount=1472, nonZero=False, hex=00-00-00-00-00-00-00-00-00-00-00-00-00-00-00-00, volume=1,00, buffered=5888, playState=Playing
[18:32:10.316] +00:13.123 [AUDIO_RAW   ] WriteSamples #9: frames=736, rawNonZero=False, rawHex=00-00-00-00-00-00-00-00-00-00-00-00-00-00-00-00-00-00-00-00-00-00-00-00-00-00-00-00-00-00-00-00
[18:32:10.317] +00:13.123 [AUDIO       ] WriteSamples #9: frames=736, sampleCount=1472, nonZero=False, hex=00-00-00-00-00-00-00-00-00-00-00-00-00-00-00-00, volume=1,00, buffered=4068, playState=Playing
[18:32:10.334] +00:13.140 [BATCH_RAW   ] #10: frames=736, rawNonZero=False, hex=00-00-00-00-00-00-00-00-00-00-00-00-00-00-00-00-00-00-00-00-00-00-00-00-00-00-00-00-00-00-00-00, ptr=0x7FFA307EDD40, subscribers=1
[18:32:10.334] +00:13.140 [AUDIO_RAW   ] WriteSamples #10: frames=736, rawNonZero=False, rawHex=00-00-00-00-00-00-00-00-00-00-00-00-00-00-00-00-00-00-00-00-00-00-00-00-00-00-00-00-00-00-00-00
[18:32:10.343] +00:13.150 [AUDIO       ] WriteSamples #10: frames=736, sampleCount=1472, nonZero=False, hex=00-00-00-00-00-00-00-00-00-00-00-00-00-00-00-00, volume=1,00, buffered=2944, playState=Playing
[18:32:10.416] +00:13.223 [BATCH_RAW   ] #15: frames=736, rawNonZero=False, hex=00-00-00-00-00-00-00-00-00-00-00-00-00-00-00-00-00-00-00-00-00-00-00-00-00-00-00-00-00-00-00-00, ptr=0x7FFA307EDD40, subscribers=1
[18:32:10.501] +00:13.307 [BATCH_RAW   ] #20: frames=735, rawNonZero=False, hex=00-00-00-00-00-00-00-00-00-00-00-00-00-00-00-00-00-00-00-00-00-00-00-00-00-00-00-00-00-00-00-00, ptr=0x7FFA307EDD40, subscribers=1
[18:32:10.584] +00:13.390 [BATCH_RAW   ] #25: frames=736, rawNonZero=False, hex=00-00-00-00-00-00-00-00-00-00-00-00-00-00-00-00-00-00-00-00-00-00-00-00-00-00-00-00-00-00-00-00, ptr=0x7FFA307EDD40, subscribers=1
[18:32:10.668] +00:13.474 [BATCH_RAW   ] #30: frames=736, rawNonZero=False, hex=00-00-00-00-00-00-00-00-00-00-00-00-00-00-00-00-00-00-00-00-00-00-00-00-00-00-00-00-00-00-00-00, ptr=0x7FFA307EDD40, subscribers=1
[18:32:11.168] +00:13.974 [CALLBACK    ] AudioBatch #60: totalSingle=0, totalBatch=60
[18:32:12.169] +00:14.975 [CALLBACK    ] AudioBatch #120: totalSingle=0, totalBatch=120
[18:32:13.171] +00:15.977 [CALLBACK    ] AudioBatch #180: totalSingle=0, totalBatch=180
[18:32:13.171] +00:15.977 [AUDIO       ] WriteSamples #180: totalFrames=132470, nonZero=0/180, buffered=4672, playState=Playing
[18:32:14.171] +00:16.978 [CALLBACK    ] AudioBatch #240: totalSingle=0, totalBatch=240
[18:32:15.173] +00:17.979 [CALLBACK    ] AudioBatch #300: totalSingle=0, totalBatch=300
[18:32:16.174] +00:18.980 [CALLBACK    ] AudioBatch #360: totalSingle=0, totalBatch=360
[18:32:16.174] +00:18.981 [AUDIO       ] WriteSamples #360: totalFrames=264941, nonZero=0/360, buffered=5752, playState=Playing
[18:32:17.176] +00:19.982 [CALLBACK    ] AudioBatch #420: totalSingle=0, totalBatch=420
[18:32:18.177] +00:20.983 [CALLBACK    ] AudioBatch #480: totalSingle=0, totalBatch=480
[18:32:19.178] +00:21.984 [CALLBACK    ] AudioBatch #540: totalSingle=0, totalBatch=540
[18:32:19.178] +00:21.984 [AUDIO       ] WriteSamples #540: totalFrames=397411, nonZero=146/540, buffered=6988, playState=Playing
[18:32:20.179] +00:22.985 [CALLBACK    ] AudioBatch #600: totalSingle=0, totalBatch=600
[18:32:21.181] +00:23.987 [CALLBACK    ] AudioBatch #660: totalSingle=0, totalBatch=660
[18:32:22.182] +00:24.988 [CALLBACK    ] AudioBatch #720: totalSingle=0, totalBatch=720
[18:32:22.182] +00:24.988 [AUDIO       ] WriteSamples #720: totalFrames=529882, nonZero=169/720, buffered=8068, playState=Playing
[18:32:23.183] +00:25.989 [CALLBACK    ] AudioBatch #780: totalSingle=0, totalBatch=780
[18:32:24.184] +00:26.991 [CALLBACK    ] AudioBatch #840: totalSingle=0, totalBatch=840
[18:32:25.186] +00:27.992 [CALLBACK    ] AudioBatch #900: totalSingle=0, totalBatch=900
[18:32:25.186] +00:27.992 [AUDIO       ] WriteSamples #900: totalFrames=662352, nonZero=271/900, buffered=4380, playState=Playing
[18:32:26.187] +00:28.993 [CALLBACK    ] AudioBatch #960: totalSingle=0, totalBatch=960
[18:32:27.188] +00:29.995 [CALLBACK    ] AudioBatch #1020: totalSingle=0, totalBatch=1020
[18:32:28.190] +00:30.996 [CALLBACK    ] AudioBatch #1080: totalSingle=0, totalBatch=1080
[18:32:28.190] +00:30.996 [AUDIO       ] WriteSamples #1080: totalFrames=794823, nonZero=339/1080, buffered=5460, playState=Playing
[18:32:29.191] +00:31.997 [CALLBACK    ] AudioBatch #1140: totalSingle=0, totalBatch=1140
[18:32:30.192] +00:32.999 [CALLBACK    ] AudioBatch #1200: totalSingle=0, totalBatch=1200
[18:32:31.193] +00:34.000 [CALLBACK    ] AudioBatch #1260: totalSingle=0, totalBatch=1260
[18:32:31.194] +00:34.000 [AUDIO       ] WriteSamples #1260: totalFrames=927293, nonZero=339/1260, buffered=6536, playState=Playing
[18:32:32.196] +00:35.002 [CALLBACK    ] AudioBatch #1320: totalSingle=0, totalBatch=1320
[18:32:33.196] +00:36.002 [CALLBACK    ] AudioBatch #1380: totalSingle=0, totalBatch=1380
[18:32:34.198] +00:37.004 [CALLBACK    ] AudioBatch #1440: totalSingle=0, totalBatch=1440
[18:32:34.198] +00:37.004 [AUDIO       ] WriteSamples #1440: totalFrames=1059764, nonZero=461/1440, buffered=7616, playState=Playing
[18:32:35.199] +00:38.005 [CALLBACK    ] AudioBatch #1500: totalSingle=0, totalBatch=1500
[18:32:36.200] +00:39.006 [CALLBACK    ] AudioBatch #1560: totalSingle=0, totalBatch=1560
[18:32:37.201] +00:40.007 [CALLBACK    ] AudioBatch #1620: totalSingle=0, totalBatch=1620
[18:32:37.201] +00:40.007 [AUDIO       ] WriteSamples #1620: totalFrames=1192235, nonZero=628/1620, buffered=8696, playState=Playing
[18:32:38.203] +00:41.009 [CALLBACK    ] AudioBatch #1680: totalSingle=0, totalBatch=1680
[18:32:39.204] +00:42.010 [CALLBACK    ] AudioBatch #1740: totalSingle=0, totalBatch=1740
[18:32:40.206] +00:43.012 [CALLBACK    ] AudioBatch #1800: totalSingle=0, totalBatch=1800
[18:32:40.206] +00:43.012 [AUDIO       ] WriteSamples #1800: totalFrames=1324705, nonZero=801/1800, buffered=5056, playState=Playing
[18:32:41.206] +00:44.013 [CALLBACK    ] AudioBatch #1860: totalSingle=0, totalBatch=1860
[18:32:42.208] +00:45.014 [CALLBACK    ] AudioBatch #1920: totalSingle=0, totalBatch=1920
[18:32:43.209] +00:46.015 [CALLBACK    ] AudioBatch #1980: totalSingle=0, totalBatch=1980
[18:32:43.209] +00:46.015 [AUDIO       ] WriteSamples #1980: totalFrames=1457176, nonZero=974/1980, buffered=6136, playState=Playing
[18:32:44.210] +00:47.016 [CALLBACK    ] AudioBatch #2040: totalSingle=0, totalBatch=2040
[18:32:45.212] +00:48.018 [CALLBACK    ] AudioBatch #2100: totalSingle=0, totalBatch=2100
[18:32:46.213] +00:49.020 [CALLBACK    ] AudioBatch #2160: totalSingle=0, totalBatch=2160
[18:32:46.213] +00:49.020 [AUDIO       ] WriteSamples #2160: totalFrames=1589646, nonZero=1154/2160, buffered=7212, playState=Playing
[18:32:47.215] +00:50.021 [CALLBACK    ] AudioBatch #2220: totalSingle=0, totalBatch=2220
[18:32:48.216] +00:51.022 [CALLBACK    ] AudioBatch #2280: totalSingle=0, totalBatch=2280
[18:32:49.217] +00:52.023 [CALLBACK    ] AudioBatch #2340: totalSingle=0, totalBatch=2340
[18:32:49.217] +00:52.023 [AUDIO       ] WriteSamples #2340: totalFrames=1722117, nonZero=1333/2340, buffered=8292, playState=Playing
[18:32:50.218] +00:53.024 [CALLBACK    ] AudioBatch #2400: totalSingle=0, totalBatch=2400
[18:32:51.219] +00:54.025 [CALLBACK    ] AudioBatch #2460: totalSingle=0, totalBatch=2460
[18:32:52.221] +00:55.027 [CALLBACK    ] AudioBatch #2520: totalSingle=0, totalBatch=2520
[18:32:52.221] +00:55.027 [AUDIO       ] WriteSamples #2520: totalFrames=1854587, nonZero=1513/2520, buffered=4604, playState=Playing
[18:32:53.222] +00:56.028 [CALLBACK    ] AudioBatch #2580: totalSingle=0, totalBatch=2580
[18:32:54.224] +00:57.030 [CALLBACK    ] AudioBatch #2640: totalSingle=0, totalBatch=2640
[18:32:55.225] +00:58.031 [CALLBACK    ] AudioBatch #2700: totalSingle=0, totalBatch=2700
[18:32:55.225] +00:58.031 [AUDIO       ] WriteSamples #2700: totalFrames=1987058, nonZero=1693/2700, buffered=5684, playState=Playing
[18:32:56.225] +00:59.032 [CALLBACK    ] AudioBatch #2760: totalSingle=0, totalBatch=2760
[18:32:57.228] +01:00.034 [CALLBACK    ] AudioBatch #2820: totalSingle=0, totalBatch=2820
[18:32:58.228] +01:01.035 [CALLBACK    ] AudioBatch #2880: totalSingle=0, totalBatch=2880
[18:32:58.229] +01:01.035 [AUDIO       ] WriteSamples #2880: totalFrames=2119529, nonZero=1873/2880, buffered=6764, playState=Playing
[18:32:59.230] +01:02.036 [CALLBACK    ] AudioBatch #2940: totalSingle=0, totalBatch=2940
[18:33:00.232] +01:03.039 [CALLBACK    ] AudioBatch #3000: totalSingle=0, totalBatch=3000
[18:33:01.232] +01:04.038 [CALLBACK    ] AudioBatch #3060: totalSingle=0, totalBatch=3060
[18:33:01.232] +01:04.039 [AUDIO       ] WriteSamples #3060: totalFrames=2251999, nonZero=2053/3060, buffered=7840, playState=Playing
[18:33:02.234] +01:05.040 [CALLBACK    ] AudioBatch #3120: totalSingle=0, totalBatch=3120
[18:33:03.235] +01:06.041 [CALLBACK    ] AudioBatch #3180: totalSingle=0, totalBatch=3180
[18:33:04.236] +01:07.042 [CALLBACK    ] AudioBatch #3240: totalSingle=0, totalBatch=3240
[18:33:04.236] +01:07.042 [AUDIO       ] WriteSamples #3240: totalFrames=2384470, nonZero=2233/3240, buffered=4156, playState=Playing
[18:33:05.237] +01:08.044 [CALLBACK    ] AudioBatch #3300: totalSingle=0, totalBatch=3300
[18:33:06.239] +01:09.045 [CALLBACK    ] AudioBatch #3360: totalSingle=0, totalBatch=3360
[18:33:21.093] +01:23.900 [AUDIO       ] ══ Initialize sampleRate=44100 ══
[18:33:21.094] +01:23.900 [AUDIO       ] Shutdown, PlaybackState=Stopped
[18:33:21.295] +01:24.101 [AUDIO       ] BufferedWaveProvider: 44100Hz 16bit 2ch, bufLen=352800
[18:33:21.554] +01:24.361 [AUDIO       ] ✓ WaveOutEvent başlatıldı, PlaybackState=Playing
[18:33:21.554] +01:24.361 [AUDIO       ] Volume başlangıç seviyesi: 1,000
[18:33:21.555] +01:24.362 [CORE        ] Kısa yol üretildi: C:\Users\Public\SONICT~1\SONICT~1.MD
[18:33:21.555] +01:24.362 [CORE        ] Tüm callback'ler yeniden kaydedildi — Env=True, Video=True, AudioSample=True, AudioBatch=True, InputPoll=True, InputState=True
[18:33:21.555] +01:24.362 [CORE        ] retro_load_game çağrılıyor — NeedFullPath=True, Size=524288 bytes
[18:33:21.555] +01:24.362 [CORE_INFO   ] Frontend supports RGB565 - will use that instead of XRGB1555.
[18:33:21.556] +01:24.362 [GET_VAR     ] Key: genesis_plus_gx_system_bram → null
[18:33:21.556] +01:24.362 [GET_VAR     ] Key: genesis_plus_gx_cart_size → null
[18:33:21.556] +01:24.362 [GET_VAR     ] Key: genesis_plus_gx_cart_bram → null
[18:33:21.556] +01:24.362 [GET_VAR     ] Key: genesis_plus_gx_system_hw → auto
[18:33:21.556] +01:24.362 [GET_VAR     ] Key: genesis_plus_gx_bios → disabled
[18:33:21.556] +01:24.362 [GET_VAR     ] Key: genesis_plus_gx_region_detect → auto
[18:33:21.556] +01:24.362 [GET_VAR     ] Key: genesis_plus_gx_vdp_mode → null
[18:33:21.556] +01:24.362 [GET_VAR     ] Key: genesis_plus_gx_force_dtack → enabled
[18:33:21.556] +01:24.362 [GET_VAR     ] Key: genesis_plus_gx_addr_error → enabled
[18:33:21.556] +01:24.362 [GET_VAR     ] Key: genesis_plus_gx_cd_latency → null
[18:33:21.556] +01:24.362 [GET_VAR     ] Key: genesis_plus_gx_cd_precache → null
[18:33:21.556] +01:24.362 [GET_VAR     ] Key: genesis_plus_gx_add_on → null
[18:33:21.556] +01:24.362 [GET_VAR     ] Key: genesis_plus_gx_lock_on → null
[18:33:21.556] +01:24.362 [GET_VAR_AUDIO] KEY=genesis_plus_gx_ym2413 → VALUE=enabled
[18:33:21.556] +01:24.362 [GET_VAR_AUDIO] KEY=genesis_plus_gx_ym2413_core → VALUE=null (unhandled!)
[18:33:21.556] +01:24.362 [GET_VAR_AUDIO] KEY=genesis_plus_gx_sound_output → VALUE=stereo
[18:33:21.556] +01:24.362 [GET_VAR_AUDIO] KEY=genesis_plus_gx_psg_preamp → VALUE=150
[18:33:21.556] +01:24.362 [GET_VAR_AUDIO] KEY=genesis_plus_gx_fm_preamp → VALUE=150
[18:33:21.556] +01:24.362 [GET_VAR     ] Key: genesis_plus_gx_cdda_volume → 100
[18:33:21.556] +01:24.362 [GET_VAR     ] Key: genesis_plus_gx_pcm_volume → 100
[18:33:21.556] +01:24.362 [GET_VAR_AUDIO] KEY=genesis_plus_gx_audio_filter → VALUE=disabled
[18:33:21.556] +01:24.362 [GET_VAR     ] Key: genesis_plus_gx_lowpass_range → 60
[18:33:21.556] +01:24.362 [GET_VAR_AUDIO] KEY=genesis_plus_gx_audio_eq_low → VALUE=null (unhandled!)
[18:33:21.556] +01:24.362 [GET_VAR_AUDIO] KEY=genesis_plus_gx_audio_eq_mid → VALUE=null (unhandled!)
[18:33:21.556] +01:24.362 [GET_VAR_AUDIO] KEY=genesis_plus_gx_audio_eq_high → VALUE=null (unhandled!)
[18:33:21.556] +01:24.362 [GET_VAR_AUDIO] KEY=genesis_plus_gx_ym2612 → VALUE=nuked
[18:33:21.556] +01:24.362 [GET_VAR     ] Key: genesis_plus_gx_frameskip → disabled
[18:33:21.556] +01:24.362 [GET_VAR     ] Key: genesis_plus_gx_frameskip_threshold → null
[18:33:21.556] +01:24.362 [GET_VAR     ] Key: genesis_plus_gx_blargg_ntsc_filter → null
[18:33:21.556] +01:24.362 [GET_VAR     ] Key: genesis_plus_gx_lcd_filter → null
[18:33:21.556] +01:24.362 [GET_VAR     ] Key: genesis_plus_gx_overscan → disabled
[18:33:21.556] +01:24.362 [GET_VAR     ] Key: genesis_plus_gx_gg_extra → disabled
[18:33:21.556] +01:24.362 [GET_VAR     ] Key: genesis_plus_gx_aspect_ratio → null
[18:33:21.556] +01:24.362 [GET_VAR     ] Key: genesis_plus_gx_render → single field
[18:33:21.556] +01:24.362 [GET_VAR     ] Key: genesis_plus_gx_gun_cursor → no
[18:33:21.556] +01:24.362 [GET_VAR     ] Key: genesis_plus_gx_gun_input → null
[18:33:21.556] +01:24.362 [GET_VAR     ] Key: genesis_plus_gx_invert_mouse → no
[18:33:21.556] +01:24.362 [GET_VAR     ] Key: genesis_plus_gx_left_border → null
[18:33:21.556] +01:24.362 [GET_VAR     ] Key: genesis_plus_gx_overclock → 100%
[18:33:21.556] +01:24.362 [GET_VAR     ] Key: genesis_plus_gx_no_sprite_limit → disabled
[18:33:21.556] +01:24.362 [GET_VAR     ] Key: genesis_plus_gx_enhanced_vscroll → null
[18:33:21.556] +01:24.362 [GET_VAR     ] Key: genesis_plus_gx_enhanced_vscroll_limit → null
[18:33:21.556] +01:24.362 [GET_VAR_AUDIO] KEY=genesis_plus_gx_psg_channel_0_volume → VALUE=null (unhandled!)
[18:33:21.556] +01:24.362 [GET_VAR_AUDIO] KEY=genesis_plus_gx_psg_channel_1_volume → VALUE=null (unhandled!)
[18:33:21.556] +01:24.362 [GET_VAR_AUDIO] KEY=genesis_plus_gx_psg_channel_2_volume → VALUE=null (unhandled!)
[18:33:21.556] +01:24.362 [GET_VAR_AUDIO] KEY=genesis_plus_gx_psg_channel_3_volume → VALUE=null (unhandled!)
[18:33:21.556] +01:24.362 [GET_VAR     ] Key: genesis_plus_gx_md_channel_0_volume → null
[18:33:21.556] +01:24.362 [GET_VAR     ] Key: genesis_plus_gx_md_channel_1_volume → null
[18:33:21.556] +01:24.362 [GET_VAR     ] Key: genesis_plus_gx_md_channel_2_volume → null
[18:33:21.556] +01:24.362 [GET_VAR     ] Key: genesis_plus_gx_md_channel_3_volume → null
[18:33:21.556] +01:24.362 [GET_VAR     ] Key: genesis_plus_gx_md_channel_4_volume → null
[18:33:21.556] +01:24.362 [GET_VAR     ] Key: genesis_plus_gx_md_channel_5_volume → null
[18:33:21.556] +01:24.362 [GET_VAR     ] Key: genesis_plus_gx_sms_fm_channel_0_volume → null
[18:33:21.556] +01:24.362 [GET_VAR     ] Key: genesis_plus_gx_sms_fm_channel_1_volume → null
[18:33:21.556] +01:24.362 [GET_VAR     ] Key: genesis_plus_gx_sms_fm_channel_2_volume → null
[18:33:21.556] +01:24.362 [GET_VAR     ] Key: genesis_plus_gx_sms_fm_channel_3_volume → null
[18:33:21.556] +01:24.362 [GET_VAR     ] Key: genesis_plus_gx_sms_fm_channel_4_volume → null
[18:33:21.556] +01:24.362 [GET_VAR     ] Key: genesis_plus_gx_sms_fm_channel_5_volume → null
[18:33:21.556] +01:24.362 [GET_VAR     ] Key: genesis_plus_gx_sms_fm_channel_6_volume → null
[18:33:21.556] +01:24.362 [GET_VAR     ] Key: genesis_plus_gx_sms_fm_channel_7_volume → null
[18:33:21.556] +01:24.362 [GET_VAR     ] Key: genesis_plus_gx_sms_fm_channel_8_volume → null
[18:33:21.556] +01:24.362 [GET_VAR_AUDIO] KEY=genesis_plus_gx_show_advanced_audio_settings → VALUE=null (unhandled!)
[18:33:21.556] +01:24.362 [CORE_DEBUG  ] Game Genie ROM should be located at: C:\Users\YiÄŸit\Desktop\YDrive first\bin\system\ggenie.bin
[18:33:21.556] +01:24.362 [CORE_DEBUG  ] Action Replay (Pro) ROM should be located at: C:\Users\YiÄŸit\Desktop\YDrive first\bin\system\areplay.bin
[18:33:21.556] +01:24.362 [CORE_DEBUG  ] Sonic & Knuckles (2 MB) ROM should be located at: C:\Users\YiÄŸit\Desktop\YDrive first\bin\system\sk.bin
[18:33:21.556] +01:24.362 [CORE_DEBUG  ] Sonic & Knuckles UPMEM (256 KB) ROM should be located at: C:\Users\YiÄŸit\Desktop\YDrive first\bin\system\sk2chip.bin
[18:33:21.556] +01:24.362 [CORE_DEBUG  ] Mega Drive TMSS BOOTROM should be located at: C:\Users\YiÄŸit\Desktop\YDrive first\bin\system\bios_MD.bin
[18:33:21.556] +01:24.362 [CORE_DEBUG  ] Game Gear TMSS BOOTROM should be located at: C:\Users\YiÄŸit\Desktop\YDrive first\bin\system\bios.gg
[18:33:21.556] +01:24.362 [CORE_DEBUG  ] Master System (PAL) BOOTROM should be located at: C:\Users\YiÄŸit\Desktop\YDrive first\bin\system\bios_E.sms
[18:33:21.556] +01:24.362 [CORE_DEBUG  ] Master System (NTSC-U) BOOTROM should be located at: C:\Users\YiÄŸit\Desktop\YDrive first\bin\system\bios_U.sms
[18:33:21.556] +01:24.362 [CORE_DEBUG  ] Master System (NTSC-J) BOOTROM should be located at: C:\Users\YiÄŸit\Desktop\YDrive first\bin\system\bios_J.sms
[18:33:21.556] +01:24.362 [CORE_DEBUG  ] Mega CD (PAL) BIOS should be located at: C:\Users\YiÄŸit\Desktop\YDrive first\bin\system\bios_CD_E.bin
[18:33:21.556] +01:24.362 [CORE_DEBUG  ] Sega CD (NTSC-U) BIOS should be located at: C:\Users\YiÄŸit\Desktop\YDrive first\bin\system\bios_CD_U.bin
[18:33:21.556] +01:24.362 [CORE_DEBUG  ] Mega CD (NTSC-J) BIOS should be located at: C:\Users\YiÄŸit\Desktop\YDrive first\bin\system\bios_CD_J.bin
[18:33:21.556] +01:24.362 [CORE_DEBUG  ] Mega CD (PAL) BRAM is located at: C:\Users\YiÄŸit\Desktop\YDrive first\bin\saves\scd_E.brm
[18:33:21.556] +01:24.362 [CORE_DEBUG  ] Sega CD (NTSC-U) BRAM is located at: C:\Users\YiÄŸit\Desktop\YDrive first\bin\saves\scd_U.brm
[18:33:21.556] +01:24.362 [CORE_DEBUG  ] Mega CD (NTSC-J) BRAM is located at: C:\Users\YiÄŸit\Desktop\YDrive first\bin\saves\scd_J.brm
[18:33:21.556] +01:24.362 [CORE_DEBUG  ] Sega/Mega CD RAM CART is located at: 
[18:33:21.556] +01:24.362 [CORE_INFO   ] Loading 524288 bytes ...
[18:33:21.557] +01:24.364 [CORE        ] AV Bilgisi — FPS: 59,92, SampleRate: 44100, Çözünürlük: 256x192, AspectRatio: 1,524
[18:33:21.561] +01:24.367 [AUDIO_RAW   ] WriteSamples #1: frames=735, rawNonZero=False, rawHex=00-00-00-00-00-00-00-00-00-00-00-00-00-00-00-00-00-00-00-00-00-00-00-00-00-00-00-00-00-00-00-00
[18:33:21.561] +01:24.367 [AUDIO       ] ⚡ WaveOut durmuştu → Play() çağrıldı
[18:33:21.561] +01:24.367 [AUDIO       ] WriteSamples #1: frames=735, sampleCount=1470, nonZero=False, hex=00-00-00-00-00-00-00-00-00-00-00-00-00-00-00-00, volume=1,00, buffered=2940, playState=Playing
[18:33:21.577] +01:24.383 [AUDIO_RAW   ] WriteSamples #2: frames=736, rawNonZero=False, rawHex=00-00-00-00-00-00-00-00-00-00-00-00-00-00-00-00-00-00-00-00-00-00-00-00-00-00-00-00-00-00-00-00
[18:33:21.577] +01:24.384 [AUDIO       ] WriteSamples #2: frames=736, sampleCount=1472, nonZero=False, hex=00-00-00-00-00-00-00-00-00-00-00-00-00-00-00-00, volume=1,00, buffered=2944, playState=Playing
[18:33:21.594] +01:24.400 [AUDIO_RAW   ] WriteSamples #3: frames=736, rawNonZero=False, rawHex=00-00-00-00-00-00-00-00-00-00-00-00-00-00-00-00-00-00-00-00-00-00-00-00-00-00-00-00-00-00-00-00
[18:33:21.594] +01:24.400 [AUDIO       ] WriteSamples #3: frames=736, sampleCount=1472, nonZero=False, hex=00-00-00-00-00-00-00-00-00-00-00-00-00-00-00-00, volume=1,00, buffered=5888, playState=Playing
[18:33:21.611] +01:24.417 [AUDIO_RAW   ] WriteSamples #4: frames=736, rawNonZero=False, rawHex=00-00-00-00-00-00-00-00-00-00-00-00-00-00-00-00-00-00-00-00-00-00-00-00-00-00-00-00-00-00-00-00
[18:33:21.611] +01:24.417 [AUDIO       ] WriteSamples #4: frames=736, sampleCount=1472, nonZero=False, hex=00-00-00-00-00-00-00-00-00-00-00-00-00-00-00-00, volume=1,00, buffered=2944, playState=Playing
[18:33:21.627] +01:24.434 [AUDIO_RAW   ] WriteSamples #5: frames=736, rawNonZero=False, rawHex=00-00-00-00-00-00-00-00-00-00-00-00-00-00-00-00-00-00-00-00-00-00-00-00-00-00-00-00-00-00-00-00
[18:33:21.627] +01:24.434 [AUDIO       ] WriteSamples #5: frames=736, sampleCount=1472, nonZero=False, hex=00-00-00-00-00-00-00-00-00-00-00-00-00-00-00-00, volume=1,00, buffered=5888, playState=Playing
[18:33:21.644] +01:24.450 [AUDIO_RAW   ] WriteSamples #6: frames=736, rawNonZero=False, rawHex=00-00-00-00-00-00-00-00-00-00-00-00-00-00-00-00-00-00-00-00-00-00-00-00-00-00-00-00-00-00-00-00
[18:33:21.644] +01:24.450 [AUDIO       ] WriteSamples #6: frames=736, sampleCount=1472, nonZero=False, hex=00-00-00-00-00-00-00-00-00-00-00-00-00-00-00-00, volume=1,00, buffered=8832, playState=Playing
[18:33:21.661] +01:24.467 [AUDIO_RAW   ] WriteSamples #7: frames=736, rawNonZero=False, rawHex=00-00-00-00-00-00-00-00-00-00-00-00-00-00-00-00-00-00-00-00-00-00-00-00-00-00-00-00-00-00-00-00
[18:33:21.661] +01:24.467 [AUDIO       ] WriteSamples #7: frames=736, sampleCount=1472, nonZero=False, hex=00-00-00-00-00-00-00-00-00-00-00-00-00-00-00-00, volume=1,00, buffered=2944, playState=Playing
[18:33:21.677] +01:24.484 [AUDIO_RAW   ] WriteSamples #8: frames=736, rawNonZero=False, rawHex=00-00-00-00-00-00-00-00-00-00-00-00-00-00-00-00-00-00-00-00-00-00-00-00-00-00-00-00-00-00-00-00
[18:33:21.677] +01:24.484 [AUDIO       ] WriteSamples #8: frames=736, sampleCount=1472, nonZero=False, hex=00-00-00-00-00-00-00-00-00-00-00-00-00-00-00-00, volume=1,00, buffered=5888, playState=Playing
[18:33:21.695] +01:24.501 [AUDIO_RAW   ] WriteSamples #9: frames=736, rawNonZero=False, rawHex=00-00-00-00-00-00-00-00-00-00-00-00-00-00-00-00-00-00-00-00-00-00-00-00-00-00-00-00-00-00-00-00
[18:33:21.695] +01:24.501 [AUDIO       ] WriteSamples #9: frames=736, sampleCount=1472, nonZero=False, hex=00-00-00-00-00-00-00-00-00-00-00-00-00-00-00-00, volume=1,00, buffered=4068, playState=Playing
[18:33:21.711] +01:24.517 [AUDIO_RAW   ] WriteSamples #10: frames=736, rawNonZero=False, rawHex=00-00-00-00-00-00-00-00-00-00-00-00-00-00-00-00-00-00-00-00-00-00-00-00-00-00-00-00-00-00-00-00
[18:33:21.711] +01:24.517 [AUDIO       ] WriteSamples #10: frames=736, sampleCount=1472, nonZero=False, hex=00-00-00-00-00-00-00-00-00-00-00-00-00-00-00-00, volume=1,00, buffered=2944, playState=Playing
[18:33:22.362] +01:25.168 [CALLBACK    ] AudioBatch #3420: totalSingle=0, totalBatch=3420
[18:33:23.363] +01:26.169 [CALLBACK    ] AudioBatch #3480: totalSingle=0, totalBatch=3480
[18:33:24.364] +01:27.171 [CALLBACK    ] AudioBatch #3540: totalSingle=0, totalBatch=3540
[18:33:24.548] +01:27.354 [AUDIO       ] WriteSamples #180: totalFrames=132470, nonZero=14/180, buffered=4852, playState=Playing
[18:33:25.366] +01:28.172 [CALLBACK    ] AudioBatch #3600: totalSingle=0, totalBatch=3600
[18:33:26.367] +01:29.173 [CALLBACK    ] AudioBatch #3660: totalSingle=0, totalBatch=3660
[18:33:27.368] +01:30.174 [CALLBACK    ] AudioBatch #3720: totalSingle=0, totalBatch=3720
[18:33:27.552] +01:30.358 [AUDIO       ] WriteSamples #360: totalFrames=264941, nonZero=111/360, buffered=5980, playState=Playing
[18:33:28.370] +01:31.176 [CALLBACK    ] AudioBatch #3780: totalSingle=0, totalBatch=3780
[18:33:29.371] +01:32.177 [CALLBACK    ] AudioBatch #3840: totalSingle=0, totalBatch=3840
[18:33:30.373] +01:33.179 [CALLBACK    ] AudioBatch #3900: totalSingle=0, totalBatch=3900
[18:33:30.556] +01:33.362 [AUDIO       ] WriteSamples #540: totalFrames=397411, nonZero=129/540, buffered=7056, playState=Playing
[18:33:31.374] +01:34.180 [CALLBACK    ] AudioBatch #3960: totalSingle=0, totalBatch=3960
[18:33:32.376] +01:35.182 [CALLBACK    ] AudioBatch #4020: totalSingle=0, totalBatch=4020
[18:33:33.376] +01:36.182 [CALLBACK    ] AudioBatch #4080: totalSingle=0, totalBatch=4080
[18:33:33.560] +01:36.366 [AUDIO       ] WriteSamples #720: totalFrames=529882, nonZero=307/720, buffered=3528, playState=Playing
[18:33:34.377] +01:37.184 [CALLBACK    ] AudioBatch #4140: totalSingle=0, totalBatch=4140
[18:33:35.379] +01:38.185 [CALLBACK    ] AudioBatch #4200: totalSingle=0, totalBatch=4200
[18:33:36.380] +01:39.186 [CALLBACK    ] AudioBatch #4260: totalSingle=0, totalBatch=4260
[18:33:36.564] +01:39.370 [AUDIO       ] WriteSamples #900: totalFrames=662352, nonZero=487/900, buffered=4604, playState=Playing
[18:33:37.382] +01:40.188 [CALLBACK    ] AudioBatch #4320: totalSingle=0, totalBatch=4320
[18:33:38.383] +01:41.189 [CALLBACK    ] AudioBatch #4380: totalSingle=0, totalBatch=4380
[18:33:39.384] +01:42.190 [CALLBACK    ] AudioBatch #4440: totalSingle=0, totalBatch=4440
[18:33:39.568] +01:42.374 [AUDIO       ] WriteSamples #1080: totalFrames=794823, nonZero=667/1080, buffered=5684, playState=Playing
[18:33:40.386] +01:43.192 [CALLBACK    ] AudioBatch #4500: totalSingle=0, totalBatch=4500
[18:33:41.387] +01:44.193 [CALLBACK    ] AudioBatch #4560: totalSingle=0, totalBatch=4560
[18:33:42.388] +01:45.194 [CALLBACK    ] AudioBatch #4620: totalSingle=0, totalBatch=4620
[18:33:42.571] +01:45.378 [AUDIO       ] WriteSamples #1260: totalFrames=927293, nonZero=847/1260, buffered=6760, playState=Playing
[18:33:43.389] +01:46.196 [CALLBACK    ] AudioBatch #4680: totalSingle=0, totalBatch=4680
[18:33:44.391] +01:47.197 [CALLBACK    ] AudioBatch #4740: totalSingle=0, totalBatch=4740
[18:33:45.392] +01:48.198 [CALLBACK    ] AudioBatch #4800: totalSingle=0, totalBatch=4800
[18:33:45.575] +01:48.382 [AUDIO       ] WriteSamples #1440: totalFrames=1059764, nonZero=1027/1440, buffered=7864, playState=Playing
[18:33:46.393] +01:49.199 [CALLBACK    ] AudioBatch #4860: totalSingle=0, totalBatch=4860
[18:33:47.394] +01:50.201 [CALLBACK    ] AudioBatch #4920: totalSingle=0, totalBatch=4920
[18:33:48.396] +01:51.202 [CALLBACK    ] AudioBatch #4980: totalSingle=0, totalBatch=4980
[18:33:48.579] +01:51.385 [AUDIO       ] WriteSamples #1620: totalFrames=1192235, nonZero=1207/1620, buffered=4292, playState=Playing
[18:33:49.397] +01:52.203 [CALLBACK    ] AudioBatch #5040: totalSingle=0, totalBatch=5040
[18:33:50.399] +01:53.205 [CALLBACK    ] AudioBatch #5100: totalSingle=0, totalBatch=5100
[18:33:51.400] +01:54.206 [CALLBACK    ] AudioBatch #5160: totalSingle=0, totalBatch=5160
[18:33:51.583] +01:54.389 [AUDIO       ] WriteSamples #1800: totalFrames=1324705, nonZero=1387/1800, buffered=5368, playState=Playing
[18:33:52.401] +01:55.207 [CALLBACK    ] AudioBatch #5220: totalSingle=0, totalBatch=5220
[18:33:53.402] +01:56.208 [CALLBACK    ] AudioBatch #5280: totalSingle=0, totalBatch=5280
[18:33:54.403] +01:57.210 [CALLBACK    ] AudioBatch #5340: totalSingle=0, totalBatch=5340
[18:33:54.587] +01:57.393 [AUDIO       ] WriteSamples #1980: totalFrames=1457176, nonZero=1567/1980, buffered=6448, playState=Playing
[18:33:55.405] +01:58.211 [CALLBACK    ] AudioBatch #5400: totalSingle=0, totalBatch=5400
[18:33:56.406] +01:59.212 [CALLBACK    ] AudioBatch #5460: totalSingle=0, totalBatch=5460
[18:33:57.407] +02:00.213 [CALLBACK    ] AudioBatch #5520: totalSingle=0, totalBatch=5520
[18:33:57.591] +02:00.397 [AUDIO       ] WriteSamples #2160: totalFrames=1589646, nonZero=1747/2160, buffered=7524, playState=Playing
[18:33:58.408] +02:01.214 [CALLBACK    ] AudioBatch #5580: totalSingle=0, totalBatch=5580
[18:33:59.410] +02:02.216 [CALLBACK    ] AudioBatch #5640: totalSingle=0, totalBatch=5640
[18:34:00.412] +02:03.218 [CALLBACK    ] AudioBatch #5700: totalSingle=0, totalBatch=5700
[18:34:00.594] +02:03.401 [AUDIO       ] WriteSamples #2340: totalFrames=1722117, nonZero=1927/2340, buffered=8604, playState=Playing
[18:34:01.412] +02:04.218 [CALLBACK    ] AudioBatch #5760: totalSingle=0, totalBatch=5760
[18:34:02.414] +02:05.220 [CALLBACK    ] AudioBatch #5820: totalSingle=0, totalBatch=5820
[18:34:03.415] +02:06.221 [CALLBACK    ] AudioBatch #5880: totalSingle=0, totalBatch=5880
[18:34:03.599] +02:06.405 [AUDIO       ] WriteSamples #2520: totalFrames=1854587, nonZero=2107/2520, buffered=4916, playState=Playing
[18:34:04.416] +02:07.222 [CALLBACK    ] AudioBatch #5940: totalSingle=0, totalBatch=5940
[18:34:05.418] +02:08.224 [CALLBACK    ] AudioBatch #6000: totalSingle=0, totalBatch=6000
[18:34:06.420] +02:09.226 [CALLBACK    ] AudioBatch #6060: totalSingle=0, totalBatch=6060
[18:34:06.602] +02:09.408 [AUDIO       ] WriteSamples #2700: totalFrames=1987058, nonZero=2287/2700, buffered=5996, playState=Playing
[18:34:07.420] +02:10.226 [CALLBACK    ] AudioBatch #6120: totalSingle=0, totalBatch=6120
[18:34:08.421] +02:11.228 [CALLBACK    ] AudioBatch #6180: totalSingle=0, totalBatch=6180
[18:34:09.423] +02:12.229 [CALLBACK    ] AudioBatch #6240: totalSingle=0, totalBatch=6240
[18:34:09.606] +02:12.412 [AUDIO       ] WriteSamples #2880: totalFrames=2119529, nonZero=2467/2880, buffered=7076, playState=Playing
[18:34:10.425] +02:13.231 [CALLBACK    ] AudioBatch #6300: totalSingle=0, totalBatch=6300
[18:34:11.425] +02:14.231 [CALLBACK    ] AudioBatch #6360: totalSingle=0, totalBatch=6360
[18:34:12.426] +02:15.233 [CALLBACK    ] AudioBatch #6420: totalSingle=0, totalBatch=6420
[18:34:12.610] +02:15.416 [AUDIO       ] WriteSamples #3060: totalFrames=2251999, nonZero=2647/3060, buffered=3388, playState=Playing
[18:34:13.428] +02:16.235 [CALLBACK    ] AudioBatch #6480: totalSingle=0, totalBatch=6480
[18:34:14.430] +02:17.236 [CALLBACK    ] AudioBatch #6540: totalSingle=0, totalBatch=6540
[18:34:15.431] +02:18.237 [CALLBACK    ] AudioBatch #6600: totalSingle=0, totalBatch=6600
[18:34:15.615] +02:18.421 [AUDIO       ] WriteSamples #3240: totalFrames=2384470, nonZero=2827/3240, buffered=4468, playState=Playing
[18:34:16.432] +02:19.238 [CALLBACK    ] AudioBatch #6660: totalSingle=0, totalBatch=6660
[18:34:17.434] +02:20.240 [CALLBACK    ] AudioBatch #6720: totalSingle=0, totalBatch=6720
[18:34:18.435] +02:21.241 [CALLBACK    ] AudioBatch #6780: totalSingle=0, totalBatch=6780
[18:34:18.618] +02:21.424 [AUDIO       ] WriteSamples #3420: totalFrames=2516940, nonZero=3007/3420, buffered=5544, playState=Playing
[18:34:19.436] +02:22.242 [CALLBACK    ] AudioBatch #6840: totalSingle=0, totalBatch=6840
[18:34:20.437] +02:23.243 [CALLBACK    ] AudioBatch #6900: totalSingle=0, totalBatch=6900
[18:34:21.438] +02:24.244 [CALLBACK    ] AudioBatch #6960: totalSingle=0, totalBatch=6960
[18:34:21.622] +02:24.428 [AUDIO       ] WriteSamples #3600: totalFrames=2649411, nonZero=3187/3600, buffered=6624, playState=Playing
[18:34:22.440] +02:25.246 [CALLBACK    ] AudioBatch #7020: totalSingle=0, totalBatch=7020
[18:34:23.441] +02:26.247 [CALLBACK    ] AudioBatch #7080: totalSingle=0, totalBatch=7080
[18:34:24.442] +02:27.248 [CALLBACK    ] AudioBatch #7140: totalSingle=0, totalBatch=7140
[18:34:24.626] +02:27.432 [AUDIO       ] WriteSamples #3780: totalFrames=2781881, nonZero=3367/3780, buffered=7700, playState=Playing
[18:34:25.443] +02:28.249 [CALLBACK    ] AudioBatch #7200: totalSingle=0, totalBatch=7200
[18:34:26.446] +02:29.252 [CALLBACK    ] AudioBatch #7260: totalSingle=0, totalBatch=7260
[18:34:27.446] +02:30.252 [CALLBACK    ] AudioBatch #7320: totalSingle=0, totalBatch=7320
[18:34:27.630] +02:30.436 [AUDIO       ] WriteSamples #3960: totalFrames=2914352, nonZero=3547/3960, buffered=4016, playState=Playing
[18:34:28.447] +02:31.254 [CALLBACK    ] AudioBatch #7380: totalSingle=0, totalBatch=7380
[18:34:29.448] +02:32.255 [CALLBACK    ] AudioBatch #7440: totalSingle=0, totalBatch=7440
[18:34:30.451] +02:33.257 [CALLBACK    ] AudioBatch #7500: totalSingle=0, totalBatch=7500
[18:34:30.634] +02:33.440 [AUDIO       ] WriteSamples #4140: totalFrames=3046823, nonZero=3727/4140, buffered=5096, playState=Playing
[18:34:31.451] +02:34.257 [CALLBACK    ] AudioBatch #7560: totalSingle=0, totalBatch=7560
[18:34:32.452] +02:35.258 [CALLBACK    ] AudioBatch #7620: totalSingle=0, totalBatch=7620
[18:34:33.454] +02:36.260 [CALLBACK    ] AudioBatch #7680: totalSingle=0, totalBatch=7680
[18:34:33.637] +02:36.444 [AUDIO       ] WriteSamples #4320: totalFrames=3179293, nonZero=3907/4320, buffered=6172, playState=Playing
[18:34:34.455] +02:37.261 [CALLBACK    ] AudioBatch #7740: totalSingle=0, totalBatch=7740
[18:34:35.456] +02:38.262 [CALLBACK    ] AudioBatch #7800: totalSingle=0, totalBatch=7800
[18:34:36.458] +02:39.264 [CALLBACK    ] AudioBatch #7860: totalSingle=0, totalBatch=7860
[18:34:36.641] +02:39.447 [AUDIO       ] WriteSamples #4500: totalFrames=3311764, nonZero=4087/4500, buffered=7252, playState=Playing
[18:34:37.459] +02:40.265 [CALLBACK    ] AudioBatch #7920: totalSingle=0, totalBatch=7920
[18:34:38.461] +02:41.267 [CALLBACK    ] AudioBatch #7980: totalSingle=0, totalBatch=7980
[18:34:39.461] +02:42.268 [CALLBACK    ] AudioBatch #8040: totalSingle=0, totalBatch=8040
[18:34:39.645] +02:42.451 [AUDIO       ] WriteSamples #4680: totalFrames=3444234, nonZero=4267/4680, buffered=8328, playState=Playing
[18:34:40.462] +02:43.269 [CALLBACK    ] AudioBatch #8100: totalSingle=0, totalBatch=8100
[18:34:41.464] +02:44.270 [CALLBACK    ] AudioBatch #8160: totalSingle=0, totalBatch=8160
[18:34:42.465] +02:45.271 [CALLBACK    ] AudioBatch #8220: totalSingle=0, totalBatch=8220
[18:34:42.649] +02:45.456 [AUDIO       ] WriteSamples #4860: totalFrames=3576705, nonZero=4441/4860, buffered=9408, playState=Playing
[18:34:43.466] +02:46.273 [CALLBACK    ] AudioBatch #8280: totalSingle=0, totalBatch=8280
[18:34:44.468] +02:47.274 [CALLBACK    ] AudioBatch #8340: totalSingle=0, totalBatch=8340
[18:34:45.469] +02:48.276 [CALLBACK    ] AudioBatch #8400: totalSingle=0, totalBatch=8400
[18:34:45.653] +02:48.459 [AUDIO       ] WriteSamples #5040: totalFrames=3709175, nonZero=4550/5040, buffered=5720, playState=Playing
[18:34:46.471] +02:49.277 [CALLBACK    ] AudioBatch #8460: totalSingle=0, totalBatch=8460
[18:34:47.472] +02:50.278 [CALLBACK    ] AudioBatch #8520: totalSingle=0, totalBatch=8520
[18:34:48.473] +02:51.279 [CALLBACK    ] AudioBatch #8580: totalSingle=0, totalBatch=8580
[18:34:48.657] +02:51.464 [AUDIO       ] WriteSamples #5220: totalFrames=3841646, nonZero=4730/5220, buffered=6800, playState=Playing
[18:34:49.474] +02:52.280 [CALLBACK    ] AudioBatch #8640: totalSingle=0, totalBatch=8640
[18:34:50.476] +02:53.282 [CALLBACK    ] AudioBatch #8700: totalSingle=0, totalBatch=8700
[18:34:51.477] +02:54.284 [CALLBACK    ] AudioBatch #8760: totalSingle=0, totalBatch=8760
[18:34:51.661] +02:54.467 [AUDIO       ] WriteSamples #5400: totalFrames=3974117, nonZero=4910/5400, buffered=7880, playState=Playing
[18:34:52.479] +02:55.285 [CALLBACK    ] AudioBatch #8820: totalSingle=0, totalBatch=8820
[18:34:53.480] +02:56.286 [CALLBACK    ] AudioBatch #8880: totalSingle=0, totalBatch=8880
[18:34:54.481] +02:57.287 [CALLBACK    ] AudioBatch #8940: totalSingle=0, totalBatch=8940
[18:34:54.664] +02:57.471 [AUDIO       ] WriteSamples #5580: totalFrames=4106587, nonZero=5090/5580, buffered=4192, playState=Playing
[18:34:55.482] +02:58.288 [CALLBACK    ] AudioBatch #9000: totalSingle=0, totalBatch=9000
[18:34:56.483] +02:59.289 [CALLBACK    ] AudioBatch #9060: totalSingle=0, totalBatch=9060
[18:34:57.485] +03:00.291 [CALLBACK    ] AudioBatch #9120: totalSingle=0, totalBatch=9120
[18:34:57.669] +03:00.475 [AUDIO       ] WriteSamples #5760: totalFrames=4239058, nonZero=5270/5760, buffered=5272, playState=Playing
[18:34:58.487] +03:01.293 [CALLBACK    ] AudioBatch #9180: totalSingle=0, totalBatch=9180
[18:34:59.487] +03:02.294 [CALLBACK    ] AudioBatch #9240: totalSingle=0, totalBatch=9240
[18:35:00.489] +03:03.295 [CALLBACK    ] AudioBatch #9300: totalSingle=0, totalBatch=9300
[18:35:00.672] +03:03.478 [AUDIO       ] WriteSamples #5940: totalFrames=4371528, nonZero=5450/5940, buffered=6348, playState=Playing
[18:35:01.490] +03:04.297 [CALLBACK    ] AudioBatch #9360: totalSingle=0, totalBatch=9360
[18:35:02.491] +03:05.297 [CALLBACK    ] AudioBatch #9420: totalSingle=0, totalBatch=9420
[18:35:03.492] +03:06.298 [CALLBACK    ] AudioBatch #9480: totalSingle=0, totalBatch=9480
[18:35:03.676] +03:06.482 [AUDIO       ] WriteSamples #6120: totalFrames=4503999, nonZero=5630/6120, buffered=7428, playState=Playing
[18:35:04.494] +03:07.300 [CALLBACK    ] AudioBatch #9540: totalSingle=0, totalBatch=9540
[18:35:05.495] +03:08.301 [CALLBACK    ] AudioBatch #9600: totalSingle=0, totalBatch=9600
[18:35:06.496] +03:09.303 [CALLBACK    ] AudioBatch #9660: totalSingle=0, totalBatch=9660
[18:35:06.680] +03:09.486 [AUDIO       ] WriteSamples #6300: totalFrames=4636469, nonZero=5810/6300, buffered=3740, playState=Playing
[18:35:07.497] +03:10.304 [CALLBACK    ] AudioBatch #9720: totalSingle=0, totalBatch=9720
[18:35:08.498] +03:11.305 [CALLBACK    ] AudioBatch #9780: totalSingle=0, totalBatch=9780
[18:35:09.500] +03:12.306 [CALLBACK    ] AudioBatch #9840: totalSingle=0, totalBatch=9840
[18:35:09.684] +03:12.490 [AUDIO       ] WriteSamples #6480: totalFrames=4768940, nonZero=5891/6480, buffered=4820, playState=Playing
[18:35:10.501] +03:13.308 [CALLBACK    ] AudioBatch #9900: totalSingle=0, totalBatch=9900
[18:35:11.503] +03:14.309 [CALLBACK    ] AudioBatch #9960: totalSingle=0, totalBatch=9960
[18:35:12.504] +03:15.310 [CALLBACK    ] AudioBatch #10020: totalSingle=0, totalBatch=10020
[18:35:12.687] +03:15.494 [AUDIO       ] WriteSamples #6660: totalFrames=4901411, nonZero=6071/6660, buffered=5900, playState=Playing
[18:35:13.505] +03:16.312 [CALLBACK    ] AudioBatch #10080: totalSingle=0, totalBatch=10080
[18:35:14.344] +03:17.150 [AUDIO       ] Dispose — calls=6758, frames=4973533, nonZero=6169
[18:35:14.344] +03:17.150 [AUDIO       ] Shutdown, PlaybackState=Playing
[18:35:14.371] +03:17.177 [SYSTEM      ] ═══════════════════════════════════════
[18:35:14.371] +03:17.177 [SYSTEM      ] Oturum Sonu — Toplam Süre: 00:03:17.177
[18:35:14.371] +03:17.177 [SYSTEM      ] Exit Code: 0
[18:35:14.371] +03:17.177 [SYSTEM      ] ═══════════════════════════════════════
