[15:05:47.682] +00:00.007 [SYSTEM      ] ═══════════════════════════════════════
[15:05:47.682] +00:00.008 [SYSTEM      ] YDrive — Oturum Başladı
[15:05:47.682] +00:00.008 [SYSTEM      ] Zaman       : 2026-08-02 15:05:47
[15:05:47.682] +00:00.008 [SYSTEM      ] Log Dosyası : C:\Users\Yiğit\Desktop\YDrive first\bin\Release\logs\diag_20260802_150547.log
[15:05:47.682] +00:00.008 [SYSTEM      ] OS          : Microsoft Windows NT 10.0.26200.0
[15:05:47.682] +00:00.008 [SYSTEM      ] 64-bit      : True
[15:05:47.683] +00:00.009 [SYSTEM      ] .NET Sürümü : 8.0.29
[15:05:47.683] +00:00.009 [SYSTEM      ] ═══════════════════════════════════════
[15:05:47.683] +00:00.009 [ERROR/MetadataService] Görsel indirilemedi (https://cdn.libretro.com/assets/frontend/bundle/thumbnails/Sega%20-%20Mega%20Drive%20-%20Genesis/Named_Boxarts/Michael%20Jackson%27s%20Moonwalker%20%28World%29.png): Bilinen böyle bir ana bilgisayar yok. (cdn.libretro.com:443)
[15:05:48.244] +00:00.570 [ERROR/MetadataService] Görsel indirilemedi (https://cdn.libretro.com/assets/frontend/bundle/thumbnails/Sega%20-%20Mega%20Drive%20-%20Genesis/Named_Boxarts/Michael%20Jackson%27s%20Moonwalker%20%28USA%2C%20Europe%29.png): Bilinen böyle bir ana bilgisayar yok. (cdn.libretro.com:443)
[15:05:48.854] +00:01.180 [ERROR/MetadataService] Görsel indirilemedi (https://cdn.libretro.com/assets/frontend/bundle/thumbnails/Sega%20-%20Mega%20Drive%20-%20Genesis/Named_Boxarts/Michael%20Jackson%27s%20Moonwalker%20%28USA%29.png): Bilinen böyle bir ana bilgisayar yok. (cdn.libretro.com:443)
[15:05:49.466] +00:01.792 [ERROR/MetadataService] Görsel indirilemedi (https://cdn.libretro.com/assets/frontend/bundle/thumbnails/Sega%20-%20Mega%20Drive%20-%20Genesis/Named_Boxarts/Michael%20Jackson%27s%20Moonwalker%20%28Europe%29.png): Bilinen böyle bir ana bilgisayar yok. (cdn.libretro.com:443)
[15:05:49.978] +00:02.303 [ERROR/MetadataService] Görsel indirilemedi (https://cdn.libretro.com/assets/frontend/bundle/thumbnails/Sega%20-%20Mega%20Drive%20-%20Genesis/Named_Boxarts/Michael%20Jackson%27s%20Moonwalker%20%28Japan%29.png): Bilinen böyle bir ana bilgisayar yok. (cdn.libretro.com:443)
[15:05:50.488] +00:02.814 [ERROR/MetadataService] Görsel indirilemedi (https://cdn.libretro.com/assets/frontend/bundle/thumbnails/Sega%20-%20Mega%20Drive%20-%20Genesis/Named_Boxarts/Michael%20Jackson%27s%20Moonwalker.png): Bilinen böyle bir ana bilgisayar yok. (cdn.libretro.com:443)
[15:06:13.058] +00:25.384 [CORE        ] Callback'ler kaydedildi (Init öncesi) — Environment, Video, AudioSample, AudioBatch, Input
[15:06:13.059] +00:25.385 [ENV         ] GET_LOG_INTERFACE → log callback kaydedildi
[15:06:13.059] +00:25.385 [CORE        ] retro_init() tamamlandı
[15:06:13.059] +00:25.385 [CORE        ] Yüklendi: Genesis Plus GX vv1.7.4 ca93fec | NeedFullPath: True
[15:06:13.067] +00:25.393 [AUDIO       ] ══ Initialize sampleRate=44100 ══
[15:06:13.067] +00:25.393 [AUDIO       ] BufferedWaveProvider: 44100Hz 16bit 2ch, bufLen=352800
[15:06:13.489] +00:25.815 [AUDIO       ] ✓ WaveOutEvent başlatıldı, PlaybackState=Playing
[15:06:13.490] +00:25.816 [AUDIO       ] Volume başlangıç seviyesi: 1,000
[15:06:13.492] +00:25.818 [CORE        ] Kısa yol üretildi: C:\Users\YIIT~1\DOWNLO~1\MICHAE~1\MICHAE~1.MD
[15:06:13.492] +00:25.818 [CORE        ] Tüm callback'ler yeniden kaydedildi — Env=True, Video=True, AudioSample=True, AudioBatch=True, InputPoll=True, InputState=True
[15:06:13.492] +00:25.818 [CORE        ] retro_load_game çağrılıyor — NeedFullPath=True, Size=524288 bytes
[15:06:13.493] +00:25.819 [CORE_INFO   ] Frontend supports RGB565 - will use that instead of XRGB1555.
[15:06:13.493] +00:25.819 [GET_VAR     ] Key: genesis_plus_gx_system_bram → null
[15:06:13.493] +00:25.819 [GET_VAR     ] Key: genesis_plus_gx_cart_size → null
[15:06:13.493] +00:25.819 [GET_VAR     ] Key: genesis_plus_gx_cart_bram → null
[15:06:13.493] +00:25.819 [GET_VAR     ] Key: genesis_plus_gx_system_hw → auto
[15:06:13.493] +00:25.819 [GET_VAR     ] Key: genesis_plus_gx_bios → disabled
[15:06:13.493] +00:25.819 [GET_VAR     ] Key: genesis_plus_gx_region_detect → auto
[15:06:13.493] +00:25.819 [GET_VAR     ] Key: genesis_plus_gx_vdp_mode → null
[15:06:13.493] +00:25.819 [GET_VAR     ] Key: genesis_plus_gx_force_dtack → enabled
[15:06:13.493] +00:25.819 [GET_VAR     ] Key: genesis_plus_gx_addr_error → enabled
[15:06:13.493] +00:25.819 [GET_VAR     ] Key: genesis_plus_gx_cd_latency → null
[15:06:13.493] +00:25.819 [GET_VAR     ] Key: genesis_plus_gx_cd_precache → null
[15:06:13.493] +00:25.819 [GET_VAR     ] Key: genesis_plus_gx_add_on → null
[15:06:13.493] +00:25.819 [GET_VAR     ] Key: genesis_plus_gx_lock_on → null
[15:06:13.493] +00:25.819 [GET_VAR_AUDIO] KEY=genesis_plus_gx_ym2413 → VALUE=enabled
[15:06:13.493] +00:25.819 [GET_VAR_AUDIO] KEY=genesis_plus_gx_ym2413_core → VALUE=null (unhandled!)
[15:06:13.493] +00:25.819 [GET_VAR_AUDIO] KEY=genesis_plus_gx_sound_output → VALUE=stereo
[15:06:13.493] +00:25.819 [GET_VAR_AUDIO] KEY=genesis_plus_gx_psg_preamp → VALUE=150
[15:06:13.493] +00:25.819 [GET_VAR_AUDIO] KEY=genesis_plus_gx_fm_preamp → VALUE=150
[15:06:13.493] +00:25.819 [GET_VAR     ] Key: genesis_plus_gx_cdda_volume → 100
[15:06:13.493] +00:25.819 [GET_VAR     ] Key: genesis_plus_gx_pcm_volume → 100
[15:06:13.493] +00:25.819 [GET_VAR_AUDIO] KEY=genesis_plus_gx_audio_filter → VALUE=disabled
[15:06:13.493] +00:25.819 [GET_VAR     ] Key: genesis_plus_gx_lowpass_range → 60
[15:06:13.493] +00:25.819 [GET_VAR_AUDIO] KEY=genesis_plus_gx_audio_eq_low → VALUE=null (unhandled!)
[15:06:13.493] +00:25.819 [GET_VAR_AUDIO] KEY=genesis_plus_gx_audio_eq_mid → VALUE=null (unhandled!)
[15:06:13.493] +00:25.819 [GET_VAR_AUDIO] KEY=genesis_plus_gx_audio_eq_high → VALUE=null (unhandled!)
[15:06:13.493] +00:25.819 [GET_VAR_AUDIO] KEY=genesis_plus_gx_ym2612 → VALUE=nuked
[15:06:13.493] +00:25.819 [GET_VAR     ] Key: genesis_plus_gx_frameskip → disabled
[15:06:13.493] +00:25.819 [GET_VAR     ] Key: genesis_plus_gx_frameskip_threshold → null
[15:06:13.493] +00:25.819 [GET_VAR     ] Key: genesis_plus_gx_blargg_ntsc_filter → null
[15:06:13.493] +00:25.819 [GET_VAR     ] Key: genesis_plus_gx_lcd_filter → null
[15:06:13.493] +00:25.819 [GET_VAR     ] Key: genesis_plus_gx_overscan → disabled
[15:06:13.493] +00:25.819 [GET_VAR     ] Key: genesis_plus_gx_gg_extra → disabled
[15:06:13.493] +00:25.819 [GET_VAR     ] Key: genesis_plus_gx_aspect_ratio → null
[15:06:13.493] +00:25.819 [GET_VAR     ] Key: genesis_plus_gx_render → single field
[15:06:13.493] +00:25.819 [GET_VAR     ] Key: genesis_plus_gx_gun_cursor → no
[15:06:13.493] +00:25.819 [GET_VAR     ] Key: genesis_plus_gx_gun_input → null
[15:06:13.493] +00:25.819 [GET_VAR     ] Key: genesis_plus_gx_invert_mouse → no
[15:06:13.493] +00:25.819 [GET_VAR     ] Key: genesis_plus_gx_left_border → null
[15:06:13.493] +00:25.819 [GET_VAR     ] Key: genesis_plus_gx_overclock → 100%
[15:06:13.493] +00:25.819 [GET_VAR     ] Key: genesis_plus_gx_no_sprite_limit → disabled
[15:06:13.493] +00:25.819 [GET_VAR     ] Key: genesis_plus_gx_enhanced_vscroll → null
[15:06:13.493] +00:25.819 [GET_VAR     ] Key: genesis_plus_gx_enhanced_vscroll_limit → null
[15:06:13.493] +00:25.819 [GET_VAR_AUDIO] KEY=genesis_plus_gx_psg_channel_0_volume → VALUE=null (unhandled!)
[15:06:13.493] +00:25.819 [GET_VAR_AUDIO] KEY=genesis_plus_gx_psg_channel_1_volume → VALUE=null (unhandled!)
[15:06:13.493] +00:25.819 [GET_VAR_AUDIO] KEY=genesis_plus_gx_psg_channel_2_volume → VALUE=null (unhandled!)
[15:06:13.493] +00:25.819 [GET_VAR_AUDIO] KEY=genesis_plus_gx_psg_channel_3_volume → VALUE=null (unhandled!)
[15:06:13.493] +00:25.819 [GET_VAR     ] Key: genesis_plus_gx_md_channel_0_volume → null
[15:06:13.493] +00:25.819 [GET_VAR     ] Key: genesis_plus_gx_md_channel_1_volume → null
[15:06:13.493] +00:25.819 [GET_VAR     ] Key: genesis_plus_gx_md_channel_2_volume → null
[15:06:13.493] +00:25.819 [GET_VAR     ] Key: genesis_plus_gx_md_channel_3_volume → null
[15:06:13.493] +00:25.819 [GET_VAR     ] Key: genesis_plus_gx_md_channel_4_volume → null
[15:06:13.493] +00:25.819 [GET_VAR     ] Key: genesis_plus_gx_md_channel_5_volume → null
[15:06:13.493] +00:25.819 [GET_VAR     ] Key: genesis_plus_gx_sms_fm_channel_0_volume → null
[15:06:13.493] +00:25.819 [GET_VAR     ] Key: genesis_plus_gx_sms_fm_channel_1_volume → null
[15:06:13.493] +00:25.819 [GET_VAR     ] Key: genesis_plus_gx_sms_fm_channel_2_volume → null
[15:06:13.493] +00:25.819 [GET_VAR     ] Key: genesis_plus_gx_sms_fm_channel_3_volume → null
[15:06:13.493] +00:25.819 [GET_VAR     ] Key: genesis_plus_gx_sms_fm_channel_4_volume → null
[15:06:13.493] +00:25.819 [GET_VAR     ] Key: genesis_plus_gx_sms_fm_channel_5_volume → null
[15:06:13.493] +00:25.819 [GET_VAR     ] Key: genesis_plus_gx_sms_fm_channel_6_volume → null
[15:06:13.493] +00:25.819 [GET_VAR     ] Key: genesis_plus_gx_sms_fm_channel_7_volume → null
[15:06:13.493] +00:25.819 [GET_VAR     ] Key: genesis_plus_gx_sms_fm_channel_8_volume → null
[15:06:13.493] +00:25.819 [GET_VAR_AUDIO] KEY=genesis_plus_gx_show_advanced_audio_settings → VALUE=null (unhandled!)
[15:06:13.493] +00:25.819 [CORE_DEBUG  ] Game Genie ROM should be located at: C:\Users\YiÄŸit\Desktop\YDrive first\bin\system\ggenie.bin
[15:06:13.493] +00:25.819 [CORE_DEBUG  ] Action Replay (Pro) ROM should be located at: C:\Users\YiÄŸit\Desktop\YDrive first\bin\system\areplay.bin
[15:06:13.493] +00:25.819 [CORE_DEBUG  ] Sonic & Knuckles (2 MB) ROM should be located at: C:\Users\YiÄŸit\Desktop\YDrive first\bin\system\sk.bin
[15:06:13.493] +00:25.819 [CORE_DEBUG  ] Sonic & Knuckles UPMEM (256 KB) ROM should be located at: C:\Users\YiÄŸit\Desktop\YDrive first\bin\system\sk2chip.bin
[15:06:13.493] +00:25.819 [CORE_DEBUG  ] Mega Drive TMSS BOOTROM should be located at: C:\Users\YiÄŸit\Desktop\YDrive first\bin\system\bios_MD.bin
[15:06:13.493] +00:25.819 [CORE_DEBUG  ] Game Gear TMSS BOOTROM should be located at: C:\Users\YiÄŸit\Desktop\YDrive first\bin\system\bios.gg
[15:06:13.493] +00:25.819 [CORE_DEBUG  ] Master System (PAL) BOOTROM should be located at: C:\Users\YiÄŸit\Desktop\YDrive first\bin\system\bios_E.sms
[15:06:13.493] +00:25.819 [CORE_DEBUG  ] Master System (NTSC-U) BOOTROM should be located at: C:\Users\YiÄŸit\Desktop\YDrive first\bin\system\bios_U.sms
[15:06:13.493] +00:25.819 [CORE_DEBUG  ] Master System (NTSC-J) BOOTROM should be located at: C:\Users\YiÄŸit\Desktop\YDrive first\bin\system\bios_J.sms
[15:06:13.493] +00:25.819 [CORE_DEBUG  ] Mega CD (PAL) BIOS should be located at: C:\Users\YiÄŸit\Desktop\YDrive first\bin\system\bios_CD_E.bin
[15:06:13.493] +00:25.819 [CORE_DEBUG  ] Sega CD (NTSC-U) BIOS should be located at: C:\Users\YiÄŸit\Desktop\YDrive first\bin\system\bios_CD_U.bin
[15:06:13.493] +00:25.819 [CORE_DEBUG  ] Mega CD (NTSC-J) BIOS should be located at: C:\Users\YiÄŸit\Desktop\YDrive first\bin\system\bios_CD_J.bin
[15:06:13.493] +00:25.819 [CORE_DEBUG  ] Mega CD (PAL) BRAM is located at: C:\Users\YiÄŸit\Desktop\YDrive first\bin\saves\scd_E.brm
[15:06:13.493] +00:25.819 [CORE_DEBUG  ] Sega CD (NTSC-U) BRAM is located at: C:\Users\YiÄŸit\Desktop\YDrive first\bin\saves\scd_U.brm
[15:06:13.493] +00:25.819 [CORE_DEBUG  ] Mega CD (NTSC-J) BRAM is located at: C:\Users\YiÄŸit\Desktop\YDrive first\bin\saves\scd_J.brm
[15:06:13.493] +00:25.819 [CORE_DEBUG  ] Sega/Mega CD RAM CART is located at: 
[15:06:13.494] +00:25.820 [CORE_INFO   ] Loading 524288 bytes ...
[15:06:13.498] +00:25.824 [CORE        ] AV Bilgisi — FPS: 59,92, SampleRate: 44100, Çözünürlük: 256x192, AspectRatio: 1,524
[15:06:13.503] +00:25.829 [BATCH_RAW   ] #1: frames=735, rawNonZero=False, hex=00-00-00-00-00-00-00-00-00-00-00-00-00-00-00-00-00-00-00-00-00-00-00-00-00-00-00-00-00-00-00-00, ptr=0x7FFA53A4DD40, subscribers=1
[15:06:13.504] +00:25.830 [AUDIO_RAW   ] WriteSamples #1: frames=735, rawNonZero=False, rawHex=00-00-00-00-00-00-00-00-00-00-00-00-00-00-00-00-00-00-00-00-00-00-00-00-00-00-00-00-00-00-00-00
[15:06:13.504] +00:25.830 [AUDIO       ] ⚡ WaveOut durmuştu → Play() çağrıldı
[15:06:13.504] +00:25.830 [AUDIO       ] WriteSamples #1: frames=735, sampleCount=1470, nonZero=False, hex=00-00-00-00-00-00-00-00-00-00-00-00-00-00-00-00, volume=1,00, buffered=2940, playState=Playing
[15:06:13.517] +00:25.843 [BATCH_RAW   ] #2: frames=736, rawNonZero=False, hex=00-00-00-00-00-00-00-00-00-00-00-00-00-00-00-00-00-00-00-00-00-00-00-00-00-00-00-00-00-00-00-00, ptr=0x7FFA53A4DD40, subscribers=1
[15:06:13.517] +00:25.843 [AUDIO_RAW   ] WriteSamples #2: frames=736, rawNonZero=False, rawHex=00-00-00-00-00-00-00-00-00-00-00-00-00-00-00-00-00-00-00-00-00-00-00-00-00-00-00-00-00-00-00-00
[15:06:13.517] +00:25.843 [AUDIO       ] WriteSamples #2: frames=736, sampleCount=1472, nonZero=False, hex=00-00-00-00-00-00-00-00-00-00-00-00-00-00-00-00, volume=1,00, buffered=2944, playState=Playing
[15:06:13.534] +00:25.860 [BATCH_RAW   ] #3: frames=736, rawNonZero=False, hex=00-00-00-00-00-00-00-00-00-00-00-00-00-00-00-00-00-00-00-00-00-00-00-00-00-00-00-00-00-00-00-00, ptr=0x7FFA53A4DD40, subscribers=1
[15:06:13.534] +00:25.860 [AUDIO_RAW   ] WriteSamples #3: frames=736, rawNonZero=False, rawHex=00-00-00-00-00-00-00-00-00-00-00-00-00-00-00-00-00-00-00-00-00-00-00-00-00-00-00-00-00-00-00-00
[15:06:13.534] +00:25.860 [AUDIO       ] WriteSamples #3: frames=736, sampleCount=1472, nonZero=False, hex=00-00-00-00-00-00-00-00-00-00-00-00-00-00-00-00, volume=1,00, buffered=5888, playState=Playing
[15:06:13.552] +00:25.878 [BATCH_RAW   ] #4: frames=736, rawNonZero=False, hex=00-00-00-00-00-00-00-00-00-00-00-00-00-00-00-00-00-00-00-00-00-00-00-00-00-00-00-00-00-00-00-00, ptr=0x7FFA53A4DD40, subscribers=1
[15:06:13.552] +00:25.878 [AUDIO_RAW   ] WriteSamples #4: frames=736, rawNonZero=False, rawHex=00-00-00-00-00-00-00-00-00-00-00-00-00-00-00-00-00-00-00-00-00-00-00-00-00-00-00-00-00-00-00-00
[15:06:13.552] +00:25.878 [AUDIO       ] WriteSamples #4: frames=736, sampleCount=1472, nonZero=False, hex=00-00-00-00-00-00-00-00-00-00-00-00-00-00-00-00, volume=1,00, buffered=2944, playState=Playing
[15:06:13.567] +00:25.893 [BATCH_RAW   ] #5: frames=736, rawNonZero=False, hex=00-00-00-00-00-00-00-00-00-00-00-00-00-00-00-00-00-00-00-00-00-00-00-00-00-00-00-00-00-00-00-00, ptr=0x7FFA53A4DD40, subscribers=1
[15:06:13.567] +00:25.893 [AUDIO_RAW   ] WriteSamples #5: frames=736, rawNonZero=False, rawHex=00-00-00-00-00-00-00-00-00-00-00-00-00-00-00-00-00-00-00-00-00-00-00-00-00-00-00-00-00-00-00-00
[15:06:13.567] +00:25.893 [AUDIO       ] WriteSamples #5: frames=736, sampleCount=1472, nonZero=False, hex=00-00-00-00-00-00-00-00-00-00-00-00-00-00-00-00, volume=1,00, buffered=5888, playState=Playing
[15:06:13.584] +00:25.910 [AUDIO_RAW   ] WriteSamples #6: frames=736, rawNonZero=False, rawHex=00-00-00-00-00-00-00-00-00-00-00-00-00-00-00-00-00-00-00-00-00-00-00-00-00-00-00-00-00-00-00-00
[15:06:13.584] +00:25.910 [AUDIO       ] WriteSamples #6: frames=736, sampleCount=1472, nonZero=False, hex=00-00-00-00-00-00-00-00-00-00-00-00-00-00-00-00, volume=1,00, buffered=8832, playState=Playing
[15:06:13.601] +00:25.927 [AUDIO_RAW   ] WriteSamples #7: frames=736, rawNonZero=False, rawHex=00-00-00-00-00-00-00-00-00-00-00-00-00-00-00-00-00-00-00-00-00-00-00-00-00-00-00-00-00-00-00-00
[15:06:13.601] +00:25.927 [AUDIO       ] WriteSamples #7: frames=736, sampleCount=1472, nonZero=False, hex=00-00-00-00-00-00-00-00-00-00-00-00-00-00-00-00, volume=1,00, buffered=2944, playState=Playing
[15:06:13.618] +00:25.944 [AUDIO_RAW   ] WriteSamples #8: frames=736, rawNonZero=False, rawHex=00-00-00-00-00-00-00-00-00-00-00-00-00-00-00-00-00-00-00-00-00-00-00-00-00-00-00-00-00-00-00-00
[15:06:13.618] +00:25.944 [AUDIO       ] WriteSamples #8: frames=736, sampleCount=1472, nonZero=False, hex=00-00-00-00-00-00-00-00-00-00-00-00-00-00-00-00, volume=1,00, buffered=2944, playState=Playing
[15:06:13.634] +00:25.960 [AUDIO_RAW   ] WriteSamples #9: frames=736, rawNonZero=False, rawHex=00-00-00-00-00-00-00-00-00-00-00-00-00-00-00-00-00-00-00-00-00-00-00-00-00-00-00-00-00-00-00-00
[15:06:13.634] +00:25.960 [AUDIO       ] WriteSamples #9: frames=736, sampleCount=1472, nonZero=False, hex=00-00-00-00-00-00-00-00-00-00-00-00-00-00-00-00, volume=1,00, buffered=5888, playState=Playing
[15:06:13.651] +00:25.977 [BATCH_RAW   ] #10: frames=736, rawNonZero=False, hex=00-00-00-00-00-00-00-00-00-00-00-00-00-00-00-00-00-00-00-00-00-00-00-00-00-00-00-00-00-00-00-00, ptr=0x7FFA53A4DD40, subscribers=1
[15:06:13.651] +00:25.977 [AUDIO_RAW   ] WriteSamples #10: frames=736, rawNonZero=False, rawHex=00-00-00-00-00-00-00-00-00-00-00-00-00-00-00-00-00-00-00-00-00-00-00-00-00-00-00-00-00-00-00-00
[15:06:13.655] +00:25.981 [AUDIO       ] WriteSamples #10: frames=736, sampleCount=1472, nonZero=False, hex=00-00-00-00-00-00-00-00-00-00-00-00-00-00-00-00, volume=1,00, buffered=4068, playState=Playing
[15:06:13.735] +00:26.061 [BATCH_RAW   ] #15: frames=736, rawNonZero=False, hex=00-00-00-00-00-00-00-00-00-00-00-00-00-00-00-00-00-00-00-00-00-00-00-00-00-00-00-00-00-00-00-00, ptr=0x7FFA53A4DD40, subscribers=1
[15:06:13.818] +00:26.144 [BATCH_RAW   ] #20: frames=735, rawNonZero=False, hex=00-00-00-00-00-00-00-00-00-00-00-00-00-00-00-00-00-00-00-00-00-00-00-00-00-00-00-00-00-00-00-00, ptr=0x7FFA53A4DD40, subscribers=1
[15:06:13.901] +00:26.227 [BATCH_RAW   ] #25: frames=736, rawNonZero=False, hex=00-00-00-00-00-00-00-00-00-00-00-00-00-00-00-00-00-00-00-00-00-00-00-00-00-00-00-00-00-00-00-00, ptr=0x7FFA53A4DD40, subscribers=1
[15:06:13.984] +00:26.310 [BATCH_RAW   ] #30: frames=736, rawNonZero=False, hex=00-00-00-00-00-00-00-00-00-00-00-00-00-00-00-00-00-00-00-00-00-00-00-00-00-00-00-00-00-00-00-00, ptr=0x7FFA53A4DD40, subscribers=1
[15:06:14.485] +00:26.811 [CALLBACK    ] AudioBatch #60: totalSingle=0, totalBatch=60
[15:06:15.486] +00:27.812 [CALLBACK    ] AudioBatch #120: totalSingle=0, totalBatch=120
[15:06:16.488] +00:28.814 [CALLBACK    ] AudioBatch #180: totalSingle=0, totalBatch=180
[15:06:16.488] +00:28.814 [AUDIO       ] WriteSamples #180: totalFrames=132470, nonZero=0/180, buffered=5212, playState=Playing
[15:06:17.489] +00:29.815 [CALLBACK    ] AudioBatch #240: totalSingle=0, totalBatch=240
[15:06:18.491] +00:30.817 [CALLBACK    ] AudioBatch #300: totalSingle=0, totalBatch=300
[15:06:19.492] +00:31.818 [CALLBACK    ] AudioBatch #360: totalSingle=0, totalBatch=360
[15:06:19.492] +00:31.818 [AUDIO       ] WriteSamples #360: totalFrames=264941, nonZero=0/360, buffered=6292, playState=Playing
[15:06:20.493] +00:32.819 [CALLBACK    ] AudioBatch #420: totalSingle=0, totalBatch=420
[15:06:21.495] +00:33.821 [CALLBACK    ] AudioBatch #480: totalSingle=0, totalBatch=480
[15:06:22.496] +00:34.822 [CALLBACK    ] AudioBatch #540: totalSingle=0, totalBatch=540
[15:06:22.496] +00:34.822 [AUDIO       ] WriteSamples #540: totalFrames=397411, nonZero=140/540, buffered=7528, playState=Playing
[15:06:23.497] +00:35.822 [CALLBACK    ] AudioBatch #600: totalSingle=0, totalBatch=600
[15:06:24.498] +00:36.824 [CALLBACK    ] AudioBatch #660: totalSingle=0, totalBatch=660
[15:06:25.499] +00:37.825 [CALLBACK    ] AudioBatch #720: totalSingle=0, totalBatch=720
[15:06:25.499] +00:37.825 [AUDIO       ] WriteSamples #720: totalFrames=529882, nonZero=140/720, buffered=3844, playState=Playing
[15:06:26.501] +00:38.827 [CALLBACK    ] AudioBatch #780: totalSingle=0, totalBatch=780
[15:06:27.503] +00:39.829 [CALLBACK    ] AudioBatch #840: totalSingle=0, totalBatch=840
[15:06:28.504] +00:40.830 [CALLBACK    ] AudioBatch #900: totalSingle=0, totalBatch=900
[15:06:28.504] +00:40.830 [AUDIO       ] WriteSamples #900: totalFrames=662352, nonZero=140/900, buffered=4920, playState=Playing
[15:06:29.505] +00:41.831 [CALLBACK    ] AudioBatch #960: totalSingle=0, totalBatch=960
[15:06:30.506] +00:42.832 [CALLBACK    ] AudioBatch #1020: totalSingle=0, totalBatch=1020
[15:06:31.507] +00:43.833 [CALLBACK    ] AudioBatch #1080: totalSingle=0, totalBatch=1080
[15:06:31.507] +00:43.833 [AUDIO       ] WriteSamples #1080: totalFrames=794823, nonZero=140/1080, buffered=6000, playState=Playing
[15:06:32.508] +00:44.834 [CALLBACK    ] AudioBatch #1140: totalSingle=0, totalBatch=1140
[15:06:33.510] +00:45.836 [CALLBACK    ] AudioBatch #1200: totalSingle=0, totalBatch=1200
[15:06:34.511] +00:46.837 [CALLBACK    ] AudioBatch #1260: totalSingle=0, totalBatch=1260
[15:06:34.511] +00:46.837 [AUDIO       ] WriteSamples #1260: totalFrames=927293, nonZero=140/1260, buffered=7076, playState=Playing
[15:06:35.513] +00:47.839 [CALLBACK    ] AudioBatch #1320: totalSingle=0, totalBatch=1320
[15:06:36.514] +00:48.840 [CALLBACK    ] AudioBatch #1380: totalSingle=0, totalBatch=1380
[15:06:37.515] +00:49.841 [CALLBACK    ] AudioBatch #1440: totalSingle=0, totalBatch=1440
[15:06:37.515] +00:49.841 [AUDIO       ] WriteSamples #1440: totalFrames=1059764, nonZero=140/1440, buffered=8156, playState=Playing
[15:06:38.516] +00:50.842 [CALLBACK    ] AudioBatch #1500: totalSingle=0, totalBatch=1500
[15:06:39.518] +00:51.843 [CALLBACK    ] AudioBatch #1560: totalSingle=0, totalBatch=1560
[15:06:40.519] +00:52.845 [CALLBACK    ] AudioBatch #1620: totalSingle=0, totalBatch=1620
[15:06:40.519] +00:52.845 [AUDIO       ] WriteSamples #1620: totalFrames=1192235, nonZero=140/1620, buffered=4472, playState=Playing
[15:06:41.520] +00:53.846 [CALLBACK    ] AudioBatch #1680: totalSingle=0, totalBatch=1680
[15:06:42.521] +00:54.847 [CALLBACK    ] AudioBatch #1740: totalSingle=0, totalBatch=1740
[15:06:43.523] +00:55.849 [CALLBACK    ] AudioBatch #1800: totalSingle=0, totalBatch=1800
[15:06:43.523] +00:55.849 [AUDIO       ] WriteSamples #1800: totalFrames=1324705, nonZero=173/1800, buffered=5596, playState=Playing
[15:06:44.524] +00:56.850 [CALLBACK    ] AudioBatch #1860: totalSingle=0, totalBatch=1860
[15:06:45.525] +00:57.851 [CALLBACK    ] AudioBatch #1920: totalSingle=0, totalBatch=1920
[15:06:46.527] +00:58.853 [CALLBACK    ] AudioBatch #1980: totalSingle=0, totalBatch=1980
[15:06:46.527] +00:58.853 [AUDIO       ] WriteSamples #1980: totalFrames=1457176, nonZero=275/1980, buffered=6676, playState=Playing
[15:06:47.528] +00:59.854 [CALLBACK    ] AudioBatch #2040: totalSingle=0, totalBatch=2040
[15:06:48.529] +01:00.855 [CALLBACK    ] AudioBatch #2100: totalSingle=0, totalBatch=2100
[15:06:49.530] +01:01.856 [CALLBACK    ] AudioBatch #2160: totalSingle=0, totalBatch=2160
[15:06:49.530] +01:01.856 [AUDIO       ] WriteSamples #2160: totalFrames=1589646, nonZero=333/2160, buffered=7752, playState=Playing
[15:06:50.532] +01:02.858 [CALLBACK    ] AudioBatch #2220: totalSingle=0, totalBatch=2220
[15:06:51.533] +01:03.859 [CALLBACK    ] AudioBatch #2280: totalSingle=0, totalBatch=2280
[15:06:52.534] +01:04.860 [CALLBACK    ] AudioBatch #2340: totalSingle=0, totalBatch=2340
[15:06:52.534] +01:04.860 [AUDIO       ] WriteSamples #2340: totalFrames=1722117, nonZero=333/2340, buffered=8832, playState=Playing
[15:06:53.536] +01:05.862 [CALLBACK    ] AudioBatch #2400: totalSingle=0, totalBatch=2400
[15:06:54.537] +01:06.863 [CALLBACK    ] AudioBatch #2460: totalSingle=0, totalBatch=2460
[15:06:55.538] +01:07.864 [CALLBACK    ] AudioBatch #2520: totalSingle=0, totalBatch=2520
[15:06:55.538] +01:07.864 [AUDIO       ] WriteSamples #2520: totalFrames=1854587, nonZero=446/2520, buffered=5144, playState=Playing
[15:06:56.540] +01:08.865 [CALLBACK    ] AudioBatch #2580: totalSingle=0, totalBatch=2580
[15:06:57.541] +01:09.867 [CALLBACK    ] AudioBatch #2640: totalSingle=0, totalBatch=2640
[15:06:58.542] +01:10.868 [CALLBACK    ] AudioBatch #2700: totalSingle=0, totalBatch=2700
[15:06:58.542] +01:10.868 [AUDIO       ] WriteSamples #2700: totalFrames=1987058, nonZero=613/2700, buffered=6224, playState=Playing
[15:06:59.544] +01:11.870 [CALLBACK    ] AudioBatch #2760: totalSingle=0, totalBatch=2760
[15:07:00.545] +01:12.871 [CALLBACK    ] AudioBatch #2820: totalSingle=0, totalBatch=2820
[15:07:01.546] +01:13.872 [CALLBACK    ] AudioBatch #2880: totalSingle=0, totalBatch=2880
[15:07:01.546] +01:13.872 [AUDIO       ] WriteSamples #2880: totalFrames=2119529, nonZero=793/2880, buffered=7304, playState=Playing
[15:07:02.547] +01:14.873 [CALLBACK    ] AudioBatch #2940: totalSingle=0, totalBatch=2940
[15:07:03.549] +01:15.875 [CALLBACK    ] AudioBatch #3000: totalSingle=0, totalBatch=3000
[15:07:04.550] +01:16.876 [CALLBACK    ] AudioBatch #3060: totalSingle=0, totalBatch=3060
[15:07:04.550] +01:16.876 [AUDIO       ] WriteSamples #3060: totalFrames=2251999, nonZero=970/3060, buffered=3616, playState=Playing
[15:07:05.551] +01:17.877 [CALLBACK    ] AudioBatch #3120: totalSingle=0, totalBatch=3120
[15:07:06.552] +01:18.878 [CALLBACK    ] AudioBatch #3180: totalSingle=0, totalBatch=3180
[15:07:07.554] +01:19.880 [CALLBACK    ] AudioBatch #3240: totalSingle=0, totalBatch=3240
[15:07:07.554] +01:19.880 [AUDIO       ] WriteSamples #3240: totalFrames=2384470, nonZero=1150/3240, buffered=4696, playState=Playing
[15:07:08.555] +01:20.881 [CALLBACK    ] AudioBatch #3300: totalSingle=0, totalBatch=3300
[15:07:09.556] +01:21.882 [CALLBACK    ] AudioBatch #3360: totalSingle=0, totalBatch=3360
[15:07:10.558] +01:22.884 [CALLBACK    ] AudioBatch #3420: totalSingle=0, totalBatch=3420
[15:07:10.558] +01:22.884 [AUDIO       ] WriteSamples #3420: totalFrames=2516940, nonZero=1330/3420, buffered=5772, playState=Playing
[15:07:11.559] +01:23.885 [CALLBACK    ] AudioBatch #3480: totalSingle=0, totalBatch=3480
[15:07:12.561] +01:24.887 [CALLBACK    ] AudioBatch #3540: totalSingle=0, totalBatch=3540
[15:07:13.562] +01:25.888 [CALLBACK    ] AudioBatch #3600: totalSingle=0, totalBatch=3600
[15:07:13.562] +01:25.888 [AUDIO       ] WriteSamples #3600: totalFrames=2649411, nonZero=1510/3600, buffered=6852, playState=Playing
[15:07:15.592] +01:27.918 [AUDIO       ] Dispose — calls=3652, frames=2687680, nonZero=1562
[15:07:15.592] +01:27.918 [AUDIO       ] Shutdown, PlaybackState=Stopped
[15:07:45.015] +01:57.341 [SYSTEM      ] ═══════════════════════════════════════
[15:07:45.015] +01:57.341 [SYSTEM      ] Oturum Sonu — Toplam Süre: 00:01:57.341
[15:07:45.015] +01:57.341 [SYSTEM      ] Exit Code: 0
[15:07:45.015] +01:57.341 [SYSTEM      ] ═══════════════════════════════════════
