[01:49:03.133] [SYSTEM] Tanılama başladı — Log: C:\Users\Yiğit\Desktop\SEGA Console Emulatıor\bin\Release\logs\diag_20260801_014903.log
[01:49:03.134] [SYSTEM] OS: Microsoft Windows NT 10.0.26200.0, 64-bit: True
[01:49:03.135] [ENV] GET_LOG_INTERFACE → log callback kaydedildi
[01:49:06.399] [CORE] retro_load_game çağrılıyor — Path: C:\Users\Public\Sonic The Hedgehog (USA, Europe) (1)\Sonic The Hedgehog (USA, Europe).md, Size: 524288 bytes
[01:49:06.399] [CORE_INFO] Frontend supports RGB565 - will use that instead of XRGB1555.
[01:49:06.400] [GET_VAR] Key: genesis_plus_gx_system_bram → Returned: null
[01:49:06.400] [GET_VAR] Key: genesis_plus_gx_cart_size → Returned: null
[01:49:06.400] [GET_VAR] Key: genesis_plus_gx_cart_bram → Returned: null
[01:49:06.400] [GET_VAR] Key: genesis_plus_gx_system_hw → Returned: auto
[01:49:06.400] [GET_VAR] Key: genesis_plus_gx_bios → Returned: disabled
[01:49:06.400] [GET_VAR] Key: genesis_plus_gx_region_detect → Returned: auto
[01:49:06.400] [GET_VAR] Key: genesis_plus_gx_vdp_mode → Returned: null
[01:49:06.400] [GET_VAR] Key: genesis_plus_gx_force_dtack → Returned: enabled
[01:49:06.400] [GET_VAR] Key: genesis_plus_gx_addr_error → Returned: enabled
[01:49:06.400] [GET_VAR] Key: genesis_plus_gx_cd_latency → Returned: null
[01:49:06.400] [GET_VAR] Key: genesis_plus_gx_cd_precache → Returned: null
[01:49:06.400] [GET_VAR] Key: genesis_plus_gx_add_on → Returned: null
[01:49:06.400] [GET_VAR] Key: genesis_plus_gx_lock_on → Returned: null
[01:49:06.400] [GET_VAR] Key: genesis_plus_gx_ym2413 → Returned: auto
[01:49:06.400] [GET_VAR] Key: genesis_plus_gx_ym2413_core → Returned: null
[01:49:06.400] [GET_VAR] Key: genesis_plus_gx_sound_output → Returned: stereo
[01:49:06.400] [GET_VAR] Key: genesis_plus_gx_psg_preamp → Returned: null
[01:49:06.400] [GET_VAR] Key: genesis_plus_gx_fm_preamp → Returned: null
[01:49:06.400] [GET_VAR] Key: genesis_plus_gx_cdda_volume → Returned: null
[01:49:06.400] [GET_VAR] Key: genesis_plus_gx_pcm_volume → Returned: null
[01:49:06.400] [GET_VAR] Key: genesis_plus_gx_audio_filter → Returned: disabled
[01:49:06.400] [GET_VAR] Key: genesis_plus_gx_lowpass_range → Returned: null
[01:49:06.400] [GET_VAR] Key: genesis_plus_gx_audio_eq_low → Returned: null
[01:49:06.400] [GET_VAR] Key: genesis_plus_gx_audio_eq_mid → Returned: null
[01:49:06.400] [GET_VAR] Key: genesis_plus_gx_audio_eq_high → Returned: null
[01:49:06.400] [GET_VAR] Key: genesis_plus_gx_ym2612 → Returned: nuked
[01:49:06.400] [GET_VAR] Key: genesis_plus_gx_frameskip → Returned: disabled
[01:49:06.400] [GET_VAR] Key: genesis_plus_gx_frameskip_threshold → Returned: null
[01:49:06.400] [GET_VAR] Key: genesis_plus_gx_blargg_ntsc_filter → Returned: null
[01:49:06.400] [GET_VAR] Key: genesis_plus_gx_lcd_filter → Returned: null
[01:49:06.400] [GET_VAR] Key: genesis_plus_gx_overscan → Returned: disabled
[01:49:06.400] [GET_VAR] Key: genesis_plus_gx_gg_extra → Returned: disabled
[01:49:06.400] [GET_VAR] Key: genesis_plus_gx_aspect_ratio → Returned: null
[01:49:06.400] [GET_VAR] Key: genesis_plus_gx_render → Returned: single field
[01:49:06.400] [GET_VAR] Key: genesis_plus_gx_gun_cursor → Returned: no
[01:49:06.400] [GET_VAR] Key: genesis_plus_gx_gun_input → Returned: null
[01:49:06.400] [GET_VAR] Key: genesis_plus_gx_invert_mouse → Returned: no
[01:49:06.400] [GET_VAR] Key: genesis_plus_gx_left_border → Returned: null
[01:49:06.400] [GET_VAR] Key: genesis_plus_gx_overclock → Returned: 100%
[01:49:06.400] [GET_VAR] Key: genesis_plus_gx_no_sprite_limit → Returned: disabled
[01:49:06.400] [GET_VAR] Key: genesis_plus_gx_enhanced_vscroll → Returned: null
[01:49:06.400] [GET_VAR] Key: genesis_plus_gx_enhanced_vscroll_limit → Returned: null
[01:49:06.400] [GET_VAR] Key: genesis_plus_gx_psg_channel_0_volume → Returned: null
[01:49:06.400] [GET_VAR] Key: genesis_plus_gx_psg_channel_1_volume → Returned: null
[01:49:06.400] [GET_VAR] Key: genesis_plus_gx_psg_channel_2_volume → Returned: null
[01:49:06.400] [GET_VAR] Key: genesis_plus_gx_psg_channel_3_volume → Returned: null
[01:49:06.400] [GET_VAR] Key: genesis_plus_gx_md_channel_0_volume → Returned: null
[01:49:06.400] [GET_VAR] Key: genesis_plus_gx_md_channel_1_volume → Returned: null
[01:49:06.400] [GET_VAR] Key: genesis_plus_gx_md_channel_2_volume → Returned: null
[01:49:06.400] [GET_VAR] Key: genesis_plus_gx_md_channel_3_volume → Returned: null
[01:49:06.400] [GET_VAR] Key: genesis_plus_gx_md_channel_4_volume → Returned: null
[01:49:06.400] [GET_VAR] Key: genesis_plus_gx_md_channel_5_volume → Returned: null
[01:49:06.400] [GET_VAR] Key: genesis_plus_gx_sms_fm_channel_0_volume → Returned: null
[01:49:06.400] [GET_VAR] Key: genesis_plus_gx_sms_fm_channel_1_volume → Returned: null
[01:49:06.400] [GET_VAR] Key: genesis_plus_gx_sms_fm_channel_2_volume → Returned: null
[01:49:06.400] [GET_VAR] Key: genesis_plus_gx_sms_fm_channel_3_volume → Returned: null
[01:49:06.400] [GET_VAR] Key: genesis_plus_gx_sms_fm_channel_4_volume → Returned: null
[01:49:06.400] [GET_VAR] Key: genesis_plus_gx_sms_fm_channel_5_volume → Returned: null
[01:49:06.400] [GET_VAR] Key: genesis_plus_gx_sms_fm_channel_6_volume → Returned: null
[01:49:06.400] [GET_VAR] Key: genesis_plus_gx_sms_fm_channel_7_volume → Returned: null
[01:49:06.400] [GET_VAR] Key: genesis_plus_gx_sms_fm_channel_8_volume → Returned: null
[01:49:06.400] [GET_VAR] Key: genesis_plus_gx_show_advanced_audio_settings → Returned: null
[01:49:06.400] [CORE_DEBUG] Game Genie ROM should be located at: C:\Users\YiÄŸit\Desktop\SEGA Console EmulatÄ±or\system\ggenie.bin
[01:49:06.400] [CORE_DEBUG] Action Replay (Pro) ROM should be located at: C:\Users\YiÄŸit\Desktop\SEGA Console EmulatÄ±or\system\areplay.bin
[01:49:06.400] [CORE_DEBUG] Sonic & Knuckles (2 MB) ROM should be located at: C:\Users\YiÄŸit\Desktop\SEGA Console EmulatÄ±or\system\sk.bin
[01:49:06.400] [CORE_DEBUG] Sonic & Knuckles UPMEM (256 KB) ROM should be located at: C:\Users\YiÄŸit\Desktop\SEGA Console EmulatÄ±or\system\sk2chip.bin
[01:49:06.400] [CORE_DEBUG] Mega Drive TMSS BOOTROM should be located at: C:\Users\YiÄŸit\Desktop\SEGA Console EmulatÄ±or\system\bios_MD.bin
[01:49:06.400] [CORE_DEBUG] Game Gear TMSS BOOTROM should be located at: C:\Users\YiÄŸit\Desktop\SEGA Console EmulatÄ±or\system\bios.gg
[01:49:06.400] [CORE_DEBUG] Master System (PAL) BOOTROM should be located at: C:\Users\YiÄŸit\Desktop\SEGA Console EmulatÄ±or\system\bios_E.sms
[01:49:06.400] [CORE_DEBUG] Master System (NTSC-U) BOOTROM should be located at: C:\Users\YiÄŸit\Desktop\SEGA Console EmulatÄ±or\system\bios_U.sms
[01:49:06.400] [CORE_DEBUG] Master System (NTSC-J) BOOTROM should be located at: C:\Users\YiÄŸit\Desktop\SEGA Console EmulatÄ±or\system\bios_J.sms
[01:49:06.400] [CORE_DEBUG] Mega CD (PAL) BIOS should be located at: C:\Users\YiÄŸit\Desktop\SEGA Console EmulatÄ±or\system\bios_CD_E.bin
[01:49:06.400] [CORE_DEBUG] Sega CD (NTSC-U) BIOS should be located at: C:\Users\YiÄŸit\Desktop\SEGA Console EmulatÄ±or\system\bios_CD_U.bin
[01:49:06.400] [CORE_DEBUG] Mega CD (NTSC-J) BIOS should be located at: C:\Users\YiÄŸit\Desktop\SEGA Console EmulatÄ±or\system\bios_CD_J.bin
[01:49:06.400] [CORE_DEBUG] Mega CD (PAL) BRAM is located at: C:\Users\YiÄŸit\Desktop\SEGA Console EmulatÄ±or\saves\scd_E.brm
[01:49:06.400] [CORE_DEBUG] Sega CD (NTSC-U) BRAM is located at: C:\Users\YiÄŸit\Desktop\SEGA Console EmulatÄ±or\saves\scd_U.brm
[01:49:06.400] [CORE_DEBUG] Mega CD (NTSC-J) BRAM is located at: C:\Users\YiÄŸit\Desktop\SEGA Console EmulatÄ±or\saves\scd_J.brm
[01:49:06.400] [CORE_DEBUG] Sega/Mega CD RAM CART is located at: 
[01:49:06.400] [CORE_INFO] Loading 524288 bytes ...
[01:49:06.405] [CORE] AV Bilgisi — FPS: 59,92, SampleRate: 44100, Çözünürlük: 256x192, AspectRatio: 1,524
[01:49:06.409] [AUDIO] ══ Initialize başladı ══ sampleRate: 44100
[01:49:06.409] [AUDIO] WaveFormat: 44100Hz, 16bit, 2ch
[01:49:06.409] [AUDIO] BufferedWaveProvider oluşturuldu — BufferLength: 705600
[01:49:06.797] [AUDIO] ✓ WaveOutEvent başlatıldı (Sistem sesine dokunulmadı) — PlaybackState: Playing, Yazılımsal Volume: 0,3
[01:49:06.805] [CALLBACK] AudioBatch #1: frames=735, data=True, subscriberCount=1
[01:49:06.807] [AUDIO] WriteSamples #1: frames=735, samples=1470, nonZero=False, hex=00-00-00-00-00-00-00-00-00-00-00-00-00-00-00-00, playState=Playing, buffered=0
[01:49:06.817] [CALLBACK] AudioBatch #2: frames=736, data=True, subscriberCount=1
[01:49:06.817] [AUDIO] WriteSamples #2: frames=736, samples=1472, nonZero=False, hex=00-00-00-00-00-00-00-00-00-00-00-00-00-00-00-00, playState=Playing, buffered=2940
[01:49:06.833] [CALLBACK] AudioBatch #3: frames=736, data=True, subscriberCount=1
[01:49:06.833] [AUDIO] WriteSamples #3: frames=736, samples=1472, nonZero=False, hex=00-00-00-00-00-00-00-00-00-00-00-00-00-00-00-00, playState=Playing, buffered=5884
[01:49:06.849] [CALLBACK] AudioBatch #4: frames=736, data=True, subscriberCount=1
[01:49:06.850] [AUDIO] WriteSamples #4: frames=736, samples=1472, nonZero=False, hex=00-00-00-00-00-00-00-00-00-00-00-00-00-00-00-00, playState=Playing, buffered=8828
[01:49:06.866] [CALLBACK] AudioBatch #5: frames=736, data=True, subscriberCount=1
[01:49:06.866] [AUDIO] WriteSamples #5: frames=736, samples=1472, nonZero=False, hex=00-00-00-00-00-00-00-00-00-00-00-00-00-00-00-00, playState=Playing, buffered=7360
[01:49:06.883] [AUDIO] WriteSamples #6: frames=736, samples=1472, nonZero=False, hex=00-00-00-00-00-00-00-00-00-00-00-00-00-00-00-00, playState=Playing, buffered=5892
[01:49:06.900] [AUDIO] WriteSamples #7: frames=736, samples=1472, nonZero=False, hex=00-00-00-00-00-00-00-00-00-00-00-00-00-00-00-00, playState=Playing, buffered=8836
[01:49:06.916] [AUDIO] WriteSamples #8: frames=736, samples=1472, nonZero=False, hex=00-00-00-00-00-00-00-00-00-00-00-00-00-00-00-00, playState=Playing, buffered=7368
[01:49:06.933] [AUDIO] WriteSamples #9: frames=736, samples=1472, nonZero=False, hex=00-00-00-00-00-00-00-00-00-00-00-00-00-00-00-00, playState=Playing, buffered=10312
[01:49:06.953] [AUDIO] WriteSamples #10: frames=736, samples=1472, nonZero=False, hex=00-00-00-00-00-00-00-00-00-00-00-00-00-00-00-00, playState=Playing, buffered=8844
[01:49:07.784] [CALLBACK] AudioBatch #60: totalSingle=0, totalBatch=60
[01:49:07.784] [AUDIO] WriteSamples #60: totalFrames=43420, nonZeroRatio=0/60, buffered=6024, playState=Playing
[01:49:08.785] [CALLBACK] AudioBatch #120: totalSingle=0, totalBatch=120
[01:49:08.785] [AUDIO] WriteSamples #120: totalFrames=87577, nonZeroRatio=0/120, buffered=6172, playState=Playing
[01:49:09.787] [CALLBACK] AudioBatch #180: totalSingle=0, totalBatch=180
[01:49:09.787] [AUDIO] WriteSamples #180: totalFrames=131734, nonZeroRatio=0/180, buffered=6320, playState=Playing
[01:49:10.788] [CALLBACK] AudioBatch #240: totalSingle=0, totalBatch=240
[01:49:10.788] [AUDIO] WriteSamples #240: totalFrames=175891, nonZeroRatio=0/240, buffered=6468, playState=Playing
[01:49:11.789] [CALLBACK] AudioBatch #300: totalSingle=0, totalBatch=300
[01:49:11.789] [AUDIO] WriteSamples #300: totalFrames=220048, nonZeroRatio=0/300, buffered=6616, playState=Playing
[01:49:12.791] [CALLBACK] AudioBatch #360: totalSingle=0, totalBatch=360
[01:49:12.791] [AUDIO] WriteSamples #360: totalFrames=264205, nonZeroRatio=0/360, buffered=6764, playState=Playing
[01:49:13.792] [CALLBACK] AudioBatch #420: totalSingle=0, totalBatch=420
[01:49:13.792] [AUDIO] WriteSamples #420: totalFrames=308362, nonZeroRatio=0/420, buffered=6912, playState=Playing
[01:49:14.794] [CALLBACK] AudioBatch #480: totalSingle=0, totalBatch=480
[01:49:14.794] [AUDIO] WriteSamples #480: totalFrames=352518, nonZeroRatio=0/480, buffered=7056, playState=Playing
[01:49:15.795] [CALLBACK] AudioBatch #540: totalSingle=0, totalBatch=540
[01:49:15.795] [AUDIO] WriteSamples #540: totalFrames=396675, nonZeroRatio=0/540, buffered=7204, playState=Playing
[01:49:16.796] [CALLBACK] AudioBatch #600: totalSingle=0, totalBatch=600
[01:49:16.796] [AUDIO] WriteSamples #600: totalFrames=440832, nonZeroRatio=0/600, buffered=7352, playState=Playing
[01:49:17.798] [CALLBACK] AudioBatch #660: totalSingle=0, totalBatch=660
[01:49:17.798] [AUDIO] WriteSamples #660: totalFrames=484989, nonZeroRatio=0/660, buffered=7500, playState=Playing
[01:49:18.799] [CALLBACK] AudioBatch #720: totalSingle=0, totalBatch=720
[01:49:18.799] [AUDIO] WriteSamples #720: totalFrames=529146, nonZeroRatio=0/720, buffered=7648, playState=Playing
[01:49:19.800] [CALLBACK] AudioBatch #780: totalSingle=0, totalBatch=780
[01:49:19.800] [AUDIO] WriteSamples #780: totalFrames=573303, nonZeroRatio=0/780, buffered=7796, playState=Playing
[01:49:20.801] [CALLBACK] AudioBatch #840: totalSingle=0, totalBatch=840
[01:49:20.801] [AUDIO] WriteSamples #840: totalFrames=617460, nonZeroRatio=0/840, buffered=7944, playState=Playing
[01:49:21.802] [CALLBACK] AudioBatch #900: totalSingle=0, totalBatch=900
[01:49:21.802] [AUDIO] WriteSamples #900: totalFrames=661616, nonZeroRatio=0/900, buffered=8088, playState=Playing
[01:49:22.804] [CALLBACK] AudioBatch #960: totalSingle=0, totalBatch=960
[01:49:22.804] [AUDIO] WriteSamples #960: totalFrames=705773, nonZeroRatio=0/960, buffered=8236, playState=Playing
[01:49:23.805] [CALLBACK] AudioBatch #1020: totalSingle=0, totalBatch=1020
[01:49:23.805] [AUDIO] WriteSamples #1020: totalFrames=749930, nonZeroRatio=0/1020, buffered=8384, playState=Playing
[01:49:24.807] [CALLBACK] AudioBatch #1080: totalSingle=0, totalBatch=1080
[01:49:24.807] [AUDIO] WriteSamples #1080: totalFrames=794087, nonZeroRatio=0/1080, buffered=8532, playState=Playing
[01:49:25.807] [CALLBACK] AudioBatch #1140: totalSingle=0, totalBatch=1140
[01:49:25.808] [AUDIO] WriteSamples #1140: totalFrames=838244, nonZeroRatio=0/1140, buffered=8680, playState=Playing
[01:49:26.809] [CALLBACK] AudioBatch #1200: totalSingle=0, totalBatch=1200
[01:49:26.809] [AUDIO] WriteSamples #1200: totalFrames=882401, nonZeroRatio=0/1200, buffered=8828, playState=Playing
[01:49:27.810] [CALLBACK] AudioBatch #1260: totalSingle=0, totalBatch=1260
[01:49:27.810] [AUDIO] WriteSamples #1260: totalFrames=926558, nonZeroRatio=0/1260, buffered=8976, playState=Playing
[01:49:28.811] [CALLBACK] AudioBatch #1320: totalSingle=0, totalBatch=1320
[01:49:28.812] [AUDIO] WriteSamples #1320: totalFrames=970714, nonZeroRatio=0/1320, buffered=9120, playState=Playing
[01:49:29.813] [CALLBACK] AudioBatch #1380: totalSingle=0, totalBatch=1380
[01:49:29.813] [AUDIO] WriteSamples #1380: totalFrames=1014871, nonZeroRatio=0/1380, buffered=9268, playState=Playing
[01:49:30.816] [CALLBACK] AudioBatch #1440: totalSingle=0, totalBatch=1440
[01:49:30.816] [AUDIO] WriteSamples #1440: totalFrames=1059028, nonZeroRatio=0/1440, buffered=9416, playState=Playing
[01:49:31.815] [CALLBACK] AudioBatch #1500: totalSingle=0, totalBatch=1500
[01:49:31.815] [AUDIO] WriteSamples #1500: totalFrames=1103185, nonZeroRatio=0/1500, buffered=9564, playState=Playing
[01:49:32.816] [CALLBACK] AudioBatch #1560: totalSingle=0, totalBatch=1560
[01:49:32.817] [AUDIO] WriteSamples #1560: totalFrames=1147342, nonZeroRatio=0/1560, buffered=9712, playState=Playing
[01:49:33.818] [CALLBACK] AudioBatch #1620: totalSingle=0, totalBatch=1620
[01:49:33.818] [AUDIO] WriteSamples #1620: totalFrames=1191499, nonZeroRatio=0/1620, buffered=9860, playState=Playing
[01:49:34.819] [CALLBACK] AudioBatch #1680: totalSingle=0, totalBatch=1680
[01:49:34.819] [AUDIO] WriteSamples #1680: totalFrames=1235656, nonZeroRatio=0/1680, buffered=10008, playState=Playing
[01:49:35.820] [CALLBACK] AudioBatch #1740: totalSingle=0, totalBatch=1740
[01:49:35.820] [AUDIO] WriteSamples #1740: totalFrames=1279812, nonZeroRatio=0/1740, buffered=10152, playState=Playing
[01:49:36.822] [CALLBACK] AudioBatch #1800: totalSingle=0, totalBatch=1800
[01:49:36.822] [AUDIO] WriteSamples #1800: totalFrames=1323969, nonZeroRatio=0/1800, buffered=10300, playState=Playing
[01:49:37.824] [CALLBACK] AudioBatch #1860: totalSingle=0, totalBatch=1860
[01:49:37.824] [AUDIO] WriteSamples #1860: totalFrames=1368126, nonZeroRatio=0/1860, buffered=6036, playState=Playing
[01:49:38.825] [CALLBACK] AudioBatch #1920: totalSingle=0, totalBatch=1920
[01:49:38.825] [AUDIO] WriteSamples #1920: totalFrames=1412283, nonZeroRatio=0/1920, buffered=6184, playState=Playing
[01:49:39.826] [CALLBACK] AudioBatch #1980: totalSingle=0, totalBatch=1980
[01:49:39.826] [AUDIO] WriteSamples #1980: totalFrames=1456440, nonZeroRatio=0/1980, buffered=6332, playState=Playing
[01:49:40.827] [CALLBACK] AudioBatch #2040: totalSingle=0, totalBatch=2040
[01:49:40.827] [AUDIO] WriteSamples #2040: totalFrames=1500597, nonZeroRatio=0/2040, buffered=6480, playState=Playing
[01:49:41.828] [CALLBACK] AudioBatch #2100: totalSingle=0, totalBatch=2100
[01:49:41.828] [AUDIO] WriteSamples #2100: totalFrames=1544754, nonZeroRatio=0/2100, buffered=6628, playState=Playing
[01:49:42.831] [CALLBACK] AudioBatch #2160: totalSingle=0, totalBatch=2160
[01:49:42.831] [AUDIO] WriteSamples #2160: totalFrames=1588910, nonZeroRatio=0/2160, buffered=6772, playState=Playing
[01:49:43.831] [CALLBACK] AudioBatch #2220: totalSingle=0, totalBatch=2220
[01:49:43.831] [AUDIO] WriteSamples #2220: totalFrames=1633067, nonZeroRatio=0/2220, buffered=6920, playState=Playing
[01:49:44.832] [CALLBACK] AudioBatch #2280: totalSingle=0, totalBatch=2280
[01:49:44.832] [AUDIO] WriteSamples #2280: totalFrames=1677224, nonZeroRatio=0/2280, buffered=7068, playState=Playing
[01:49:45.833] [CALLBACK] AudioBatch #2340: totalSingle=0, totalBatch=2340
[01:49:45.833] [AUDIO] WriteSamples #2340: totalFrames=1721381, nonZeroRatio=0/2340, buffered=7216, playState=Playing
[01:49:46.835] [CALLBACK] AudioBatch #2400: totalSingle=0, totalBatch=2400
[01:49:46.835] [AUDIO] WriteSamples #2400: totalFrames=1765538, nonZeroRatio=0/2400, buffered=7364, playState=Playing
[01:49:47.837] [CALLBACK] AudioBatch #2460: totalSingle=0, totalBatch=2460
[01:49:47.837] [AUDIO] WriteSamples #2460: totalFrames=1809695, nonZeroRatio=0/2460, buffered=7512, playState=Playing
[01:49:48.837] [CALLBACK] AudioBatch #2520: totalSingle=0, totalBatch=2520
[01:49:48.837] [AUDIO] WriteSamples #2520: totalFrames=1853852, nonZeroRatio=0/2520, buffered=7660, playState=Playing
[01:49:49.839] [CALLBACK] AudioBatch #2580: totalSingle=0, totalBatch=2580
[01:49:49.839] [AUDIO] WriteSamples #2580: totalFrames=1898008, nonZeroRatio=0/2580, buffered=7804, playState=Playing
[01:49:50.840] [CALLBACK] AudioBatch #2640: totalSingle=0, totalBatch=2640
[01:49:50.840] [AUDIO] WriteSamples #2640: totalFrames=1942165, nonZeroRatio=0/2640, buffered=7952, playState=Playing
[01:49:51.841] [CALLBACK] AudioBatch #2700: totalSingle=0, totalBatch=2700
[01:49:51.841] [AUDIO] WriteSamples #2700: totalFrames=1986322, nonZeroRatio=0/2700, buffered=8100, playState=Playing
