[12:36:18.538] +00:00.003 [SYSTEM      ] ═══════════════════════════════════════
[12:36:18.539] +00:00.004 [SYSTEM      ] YDrive — Oturum Başladı
[12:36:18.539] +00:00.004 [SYSTEM      ] Zaman       : 2026-08-02 12:36:18
[12:36:18.539] +00:00.004 [SYSTEM      ] Log Dosyası : C:\Users\Yiğit\Desktop\YDrive first\bin\Debug\logs\diag_20260802_123618.log
[12:36:18.539] +00:00.004 [SYSTEM      ] OS          : Microsoft Windows NT 10.0.26200.0
[12:36:18.539] +00:00.004 [SYSTEM      ] 64-bit      : True
[12:36:18.539] +00:00.005 [SYSTEM      ] .NET Sürümü : 8.0.29
[12:36:18.539] +00:00.005 [SYSTEM      ] ═══════════════════════════════════════
[12:36:18.539] +00:00.005 [CORE        ] Callback'ler kaydedildi (Init öncesi) — Environment, Video, AudioSample, AudioBatch, Input
[12:36:18.539] +00:00.005 [ENV         ] GET_LOG_INTERFACE → log callback kaydedildi
[12:36:18.539] +00:00.005 [CORE        ] retro_init() tamamlandı
[12:36:18.540] +00:00.005 [CORE        ] Yüklendi: Genesis Plus GX vv1.7.4 ca93fec | NeedFullPath: True
[12:36:18.542] +00:00.008 [AUDIO       ] ══ Initialize sampleRate=44100 ══
[12:36:18.542] +00:00.008 [AUDIO       ] BufferedWaveProvider: 44100Hz 16bit 2ch, bufLen=352800
[12:36:19.025] +00:00.491 [AUDIO       ] ✓ WaveOutEvent başlatıldı, PlaybackState=Playing
[12:36:19.026] +00:00.492 [AUDIO       ] Volume başlangıç seviyesi: 1,000
[12:36:19.029] +00:00.494 [CORE        ] Kısa yol üretildi: C:\Users\YIIT~1\DOWNLO~1\SONICT~1\SONICT~1.MD
[12:36:19.029] +00:00.495 [CORE        ] Tüm callback'ler yeniden kaydedildi — Env=True, Video=True, AudioSample=True, AudioBatch=True, InputPoll=True, InputState=True
[12:36:19.029] +00:00.495 [CORE        ] retro_load_game çağrılıyor — NeedFullPath=True, Size=524288 bytes
[12:36:19.030] +00:00.495 [CORE_INFO   ] Frontend supports RGB565 - will use that instead of XRGB1555.
[12:36:19.030] +00:00.496 [GET_VAR     ] Key: genesis_plus_gx_system_bram → null
[12:36:19.030] +00:00.496 [GET_VAR     ] Key: genesis_plus_gx_cart_size → null
[12:36:19.030] +00:00.496 [GET_VAR     ] Key: genesis_plus_gx_cart_bram → null
[12:36:19.030] +00:00.496 [GET_VAR     ] Key: genesis_plus_gx_system_hw → auto
[12:36:19.030] +00:00.496 [GET_VAR     ] Key: genesis_plus_gx_bios → disabled
[12:36:19.030] +00:00.496 [GET_VAR     ] Key: genesis_plus_gx_region_detect → auto
[12:36:19.030] +00:00.496 [GET_VAR     ] Key: genesis_plus_gx_vdp_mode → null
[12:36:19.030] +00:00.496 [GET_VAR     ] Key: genesis_plus_gx_force_dtack → enabled
[12:36:19.030] +00:00.496 [GET_VAR     ] Key: genesis_plus_gx_addr_error → enabled
[12:36:19.030] +00:00.496 [GET_VAR     ] Key: genesis_plus_gx_cd_latency → null
[12:36:19.030] +00:00.496 [GET_VAR     ] Key: genesis_plus_gx_cd_precache → null
[12:36:19.030] +00:00.496 [GET_VAR     ] Key: genesis_plus_gx_add_on → null
[12:36:19.030] +00:00.496 [GET_VAR     ] Key: genesis_plus_gx_lock_on → null
[12:36:19.030] +00:00.496 [GET_VAR_AUDIO] KEY=genesis_plus_gx_ym2413 → VALUE=enabled
[12:36:19.030] +00:00.496 [GET_VAR_AUDIO] KEY=genesis_plus_gx_ym2413_core → VALUE=null (unhandled!)
[12:36:19.030] +00:00.496 [GET_VAR_AUDIO] KEY=genesis_plus_gx_sound_output → VALUE=stereo
[12:36:19.030] +00:00.496 [GET_VAR_AUDIO] KEY=genesis_plus_gx_psg_preamp → VALUE=150
[12:36:19.030] +00:00.496 [GET_VAR_AUDIO] KEY=genesis_plus_gx_fm_preamp → VALUE=150
[12:36:19.030] +00:00.496 [GET_VAR     ] Key: genesis_plus_gx_cdda_volume → 100
[12:36:19.030] +00:00.496 [GET_VAR     ] Key: genesis_plus_gx_pcm_volume → 100
[12:36:19.030] +00:00.496 [GET_VAR_AUDIO] KEY=genesis_plus_gx_audio_filter → VALUE=disabled
[12:36:19.030] +00:00.496 [GET_VAR     ] Key: genesis_plus_gx_lowpass_range → 60
[12:36:19.030] +00:00.496 [GET_VAR_AUDIO] KEY=genesis_plus_gx_audio_eq_low → VALUE=null (unhandled!)
[12:36:19.030] +00:00.496 [GET_VAR_AUDIO] KEY=genesis_plus_gx_audio_eq_mid → VALUE=null (unhandled!)
[12:36:19.030] +00:00.496 [GET_VAR_AUDIO] KEY=genesis_plus_gx_audio_eq_high → VALUE=null (unhandled!)
[12:36:19.030] +00:00.496 [GET_VAR_AUDIO] KEY=genesis_plus_gx_ym2612 → VALUE=nuked
[12:36:19.030] +00:00.496 [GET_VAR     ] Key: genesis_plus_gx_frameskip → disabled
[12:36:19.030] +00:00.496 [GET_VAR     ] Key: genesis_plus_gx_frameskip_threshold → null
[12:36:19.030] +00:00.496 [GET_VAR     ] Key: genesis_plus_gx_blargg_ntsc_filter → null
[12:36:19.030] +00:00.496 [GET_VAR     ] Key: genesis_plus_gx_lcd_filter → null
[12:36:19.030] +00:00.496 [GET_VAR     ] Key: genesis_plus_gx_overscan → disabled
[12:36:19.030] +00:00.496 [GET_VAR     ] Key: genesis_plus_gx_gg_extra → disabled
[12:36:19.030] +00:00.496 [GET_VAR     ] Key: genesis_plus_gx_aspect_ratio → null
[12:36:19.030] +00:00.496 [GET_VAR     ] Key: genesis_plus_gx_render → single field
[12:36:19.030] +00:00.496 [GET_VAR     ] Key: genesis_plus_gx_gun_cursor → no
[12:36:19.030] +00:00.496 [GET_VAR     ] Key: genesis_plus_gx_gun_input → null
[12:36:19.030] +00:00.496 [GET_VAR     ] Key: genesis_plus_gx_invert_mouse → no
[12:36:19.030] +00:00.496 [GET_VAR     ] Key: genesis_plus_gx_left_border → null
[12:36:19.030] +00:00.496 [GET_VAR     ] Key: genesis_plus_gx_overclock → 100%
[12:36:19.030] +00:00.496 [GET_VAR     ] Key: genesis_plus_gx_no_sprite_limit → disabled
[12:36:19.030] +00:00.496 [GET_VAR     ] Key: genesis_plus_gx_enhanced_vscroll → null
[12:36:19.030] +00:00.496 [GET_VAR     ] Key: genesis_plus_gx_enhanced_vscroll_limit → null
[12:36:19.030] +00:00.496 [GET_VAR_AUDIO] KEY=genesis_plus_gx_psg_channel_0_volume → VALUE=null (unhandled!)
[12:36:19.030] +00:00.496 [GET_VAR_AUDIO] KEY=genesis_plus_gx_psg_channel_1_volume → VALUE=null (unhandled!)
[12:36:19.030] +00:00.496 [GET_VAR_AUDIO] KEY=genesis_plus_gx_psg_channel_2_volume → VALUE=null (unhandled!)
[12:36:19.030] +00:00.496 [GET_VAR_AUDIO] KEY=genesis_plus_gx_psg_channel_3_volume → VALUE=null (unhandled!)
[12:36:19.030] +00:00.496 [GET_VAR     ] Key: genesis_plus_gx_md_channel_0_volume → null
[12:36:19.030] +00:00.496 [GET_VAR     ] Key: genesis_plus_gx_md_channel_1_volume → null
[12:36:19.030] +00:00.496 [GET_VAR     ] Key: genesis_plus_gx_md_channel_2_volume → null
[12:36:19.030] +00:00.496 [GET_VAR     ] Key: genesis_plus_gx_md_channel_3_volume → null
[12:36:19.030] +00:00.496 [GET_VAR     ] Key: genesis_plus_gx_md_channel_4_volume → null
[12:36:19.030] +00:00.496 [GET_VAR     ] Key: genesis_plus_gx_md_channel_5_volume → null
[12:36:19.030] +00:00.496 [GET_VAR     ] Key: genesis_plus_gx_sms_fm_channel_0_volume → null
[12:36:19.030] +00:00.496 [GET_VAR     ] Key: genesis_plus_gx_sms_fm_channel_1_volume → null
[12:36:19.030] +00:00.496 [GET_VAR     ] Key: genesis_plus_gx_sms_fm_channel_2_volume → null
[12:36:19.030] +00:00.496 [GET_VAR     ] Key: genesis_plus_gx_sms_fm_channel_3_volume → null
[12:36:19.030] +00:00.496 [GET_VAR     ] Key: genesis_plus_gx_sms_fm_channel_4_volume → null
[12:36:19.030] +00:00.496 [GET_VAR     ] Key: genesis_plus_gx_sms_fm_channel_5_volume → null
[12:36:19.030] +00:00.496 [GET_VAR     ] Key: genesis_plus_gx_sms_fm_channel_6_volume → null
[12:36:19.030] +00:00.496 [GET_VAR     ] Key: genesis_plus_gx_sms_fm_channel_7_volume → null
[12:36:19.030] +00:00.496 [GET_VAR     ] Key: genesis_plus_gx_sms_fm_channel_8_volume → null
[12:36:19.030] +00:00.496 [GET_VAR_AUDIO] KEY=genesis_plus_gx_show_advanced_audio_settings → VALUE=null (unhandled!)
[12:36:19.030] +00:00.496 [CORE_DEBUG  ] Game Genie ROM should be located at: C:\Users\YiÄŸit\Desktop\YDrive first\bin\system\ggenie.bin
[12:36:19.030] +00:00.496 [CORE_DEBUG  ] Action Replay (Pro) ROM should be located at: C:\Users\YiÄŸit\Desktop\YDrive first\bin\system\areplay.bin
[12:36:19.030] +00:00.496 [CORE_DEBUG  ] Sonic & Knuckles (2 MB) ROM should be located at: C:\Users\YiÄŸit\Desktop\YDrive first\bin\system\sk.bin
[12:36:19.030] +00:00.496 [CORE_DEBUG  ] Sonic & Knuckles UPMEM (256 KB) ROM should be located at: C:\Users\YiÄŸit\Desktop\YDrive first\bin\system\sk2chip.bin
[12:36:19.030] +00:00.496 [CORE_DEBUG  ] Mega Drive TMSS BOOTROM should be located at: C:\Users\YiÄŸit\Desktop\YDrive first\bin\system\bios_MD.bin
[12:36:19.030] +00:00.496 [CORE_DEBUG  ] Game Gear TMSS BOOTROM should be located at: C:\Users\YiÄŸit\Desktop\YDrive first\bin\system\bios.gg
[12:36:19.030] +00:00.496 [CORE_DEBUG  ] Master System (PAL) BOOTROM should be located at: C:\Users\YiÄŸit\Desktop\YDrive first\bin\system\bios_E.sms
[12:36:19.030] +00:00.496 [CORE_DEBUG  ] Master System (NTSC-U) BOOTROM should be located at: C:\Users\YiÄŸit\Desktop\YDrive first\bin\system\bios_U.sms
[12:36:19.030] +00:00.496 [CORE_DEBUG  ] Master System (NTSC-J) BOOTROM should be located at: C:\Users\YiÄŸit\Desktop\YDrive first\bin\system\bios_J.sms
[12:36:19.030] +00:00.496 [CORE_DEBUG  ] Mega CD (PAL) BIOS should be located at: C:\Users\YiÄŸit\Desktop\YDrive first\bin\system\bios_CD_E.bin
[12:36:19.030] +00:00.496 [CORE_DEBUG  ] Sega CD (NTSC-U) BIOS should be located at: C:\Users\YiÄŸit\Desktop\YDrive first\bin\system\bios_CD_U.bin
[12:36:19.030] +00:00.496 [CORE_DEBUG  ] Mega CD (NTSC-J) BIOS should be located at: C:\Users\YiÄŸit\Desktop\YDrive first\bin\system\bios_CD_J.bin
[12:36:19.030] +00:00.496 [CORE_DEBUG  ] Mega CD (PAL) BRAM is located at: C:\Users\YiÄŸit\Desktop\YDrive first\bin\saves\scd_E.brm
[12:36:19.030] +00:00.496 [CORE_DEBUG  ] Sega CD (NTSC-U) BRAM is located at: C:\Users\YiÄŸit\Desktop\YDrive first\bin\saves\scd_U.brm
[12:36:19.030] +00:00.496 [CORE_DEBUG  ] Mega CD (NTSC-J) BRAM is located at: C:\Users\YiÄŸit\Desktop\YDrive first\bin\saves\scd_J.brm
[12:36:19.030] +00:00.496 [CORE_DEBUG  ] Sega/Mega CD RAM CART is located at: 
[12:36:19.030] +00:00.496 [CORE_INFO   ] Loading 524288 bytes ...
[12:36:19.037] +00:00.503 [CORE        ] AV Bilgisi — FPS: 59,92, SampleRate: 44100, Çözünürlük: 256x192, AspectRatio: 1,524
[12:36:19.044] +00:00.509 [BATCH_RAW   ] #1: frames=735, rawNonZero=False, hex=00-00-00-00-00-00-00-00-00-00-00-00-00-00-00-00-00-00-00-00-00-00-00-00-00-00-00-00-00-00-00-00, ptr=0x7FFA544EDD40, subscribers=1
[12:36:19.045] +00:00.511 [AUDIO_RAW   ] WriteSamples #1: frames=735, rawNonZero=False, rawHex=00-00-00-00-00-00-00-00-00-00-00-00-00-00-00-00-00-00-00-00-00-00-00-00-00-00-00-00-00-00-00-00
[12:36:19.045] +00:00.511 [AUDIO       ] ⚡ WaveOut durmuştu → Play() çağrıldı
[12:36:19.046] +00:00.511 [AUDIO       ] WriteSamples #1: frames=735, sampleCount=1470, nonZero=False, hex=00-00-00-00-00-00-00-00-00-00-00-00-00-00-00-00, volume=1,00, buffered=2940, playState=Playing
[12:36:19.060] +00:00.526 [BATCH_RAW   ] #2: frames=736, rawNonZero=False, hex=00-00-00-00-00-00-00-00-00-00-00-00-00-00-00-00-00-00-00-00-00-00-00-00-00-00-00-00-00-00-00-00, ptr=0x7FFA544EDD40, subscribers=1
[12:36:19.060] +00:00.526 [AUDIO_RAW   ] WriteSamples #2: frames=736, rawNonZero=False, rawHex=00-00-00-00-00-00-00-00-00-00-00-00-00-00-00-00-00-00-00-00-00-00-00-00-00-00-00-00-00-00-00-00
[12:36:19.060] +00:00.526 [AUDIO       ] WriteSamples #2: frames=736, sampleCount=1472, nonZero=False, hex=00-00-00-00-00-00-00-00-00-00-00-00-00-00-00-00, volume=1,00, buffered=2944, playState=Playing
[12:36:19.078] +00:00.544 [BATCH_RAW   ] #3: frames=736, rawNonZero=False, hex=00-00-00-00-00-00-00-00-00-00-00-00-00-00-00-00-00-00-00-00-00-00-00-00-00-00-00-00-00-00-00-00, ptr=0x7FFA544EDD40, subscribers=1
[12:36:19.078] +00:00.544 [AUDIO_RAW   ] WriteSamples #3: frames=736, rawNonZero=False, rawHex=00-00-00-00-00-00-00-00-00-00-00-00-00-00-00-00-00-00-00-00-00-00-00-00-00-00-00-00-00-00-00-00
[12:36:19.078] +00:00.544 [AUDIO       ] WriteSamples #3: frames=736, sampleCount=1472, nonZero=False, hex=00-00-00-00-00-00-00-00-00-00-00-00-00-00-00-00, volume=1,00, buffered=5888, playState=Playing
[12:36:19.091] +00:00.557 [BATCH_RAW   ] #4: frames=736, rawNonZero=False, hex=00-00-00-00-00-00-00-00-00-00-00-00-00-00-00-00-00-00-00-00-00-00-00-00-00-00-00-00-00-00-00-00, ptr=0x7FFA544EDD40, subscribers=1
[12:36:19.091] +00:00.557 [AUDIO_RAW   ] WriteSamples #4: frames=736, rawNonZero=False, rawHex=00-00-00-00-00-00-00-00-00-00-00-00-00-00-00-00-00-00-00-00-00-00-00-00-00-00-00-00-00-00-00-00
[12:36:19.091] +00:00.557 [AUDIO       ] WriteSamples #4: frames=736, sampleCount=1472, nonZero=False, hex=00-00-00-00-00-00-00-00-00-00-00-00-00-00-00-00, volume=1,00, buffered=2944, playState=Playing
[12:36:19.107] +00:00.573 [BATCH_RAW   ] #5: frames=736, rawNonZero=False, hex=00-00-00-00-00-00-00-00-00-00-00-00-00-00-00-00-00-00-00-00-00-00-00-00-00-00-00-00-00-00-00-00, ptr=0x7FFA544EDD40, subscribers=1
[12:36:19.107] +00:00.573 [AUDIO_RAW   ] WriteSamples #5: frames=736, rawNonZero=False, rawHex=00-00-00-00-00-00-00-00-00-00-00-00-00-00-00-00-00-00-00-00-00-00-00-00-00-00-00-00-00-00-00-00
[12:36:19.107] +00:00.573 [AUDIO       ] WriteSamples #5: frames=736, sampleCount=1472, nonZero=False, hex=00-00-00-00-00-00-00-00-00-00-00-00-00-00-00-00, volume=1,00, buffered=5888, playState=Playing
[12:36:19.124] +00:00.590 [AUDIO_RAW   ] WriteSamples #6: frames=736, rawNonZero=False, rawHex=00-00-00-00-00-00-00-00-00-00-00-00-00-00-00-00-00-00-00-00-00-00-00-00-00-00-00-00-00-00-00-00
[12:36:19.124] +00:00.590 [AUDIO       ] WriteSamples #6: frames=736, sampleCount=1472, nonZero=False, hex=00-00-00-00-00-00-00-00-00-00-00-00-00-00-00-00, volume=1,00, buffered=8832, playState=Playing
[12:36:19.141] +00:00.607 [AUDIO_RAW   ] WriteSamples #7: frames=736, rawNonZero=False, rawHex=00-00-00-00-00-00-00-00-00-00-00-00-00-00-00-00-00-00-00-00-00-00-00-00-00-00-00-00-00-00-00-00
[12:36:19.141] +00:00.607 [AUDIO       ] WriteSamples #7: frames=736, sampleCount=1472, nonZero=False, hex=00-00-00-00-00-00-00-00-00-00-00-00-00-00-00-00, volume=1,00, buffered=2944, playState=Playing
[12:36:19.158] +00:00.623 [AUDIO_RAW   ] WriteSamples #8: frames=736, rawNonZero=False, rawHex=00-00-00-00-00-00-00-00-00-00-00-00-00-00-00-00-00-00-00-00-00-00-00-00-00-00-00-00-00-00-00-00
[12:36:19.158] +00:00.623 [AUDIO       ] WriteSamples #8: frames=736, sampleCount=1472, nonZero=False, hex=00-00-00-00-00-00-00-00-00-00-00-00-00-00-00-00, volume=1,00, buffered=5888, playState=Playing
[12:36:19.174] +00:00.640 [AUDIO_RAW   ] WriteSamples #9: frames=736, rawNonZero=False, rawHex=00-00-00-00-00-00-00-00-00-00-00-00-00-00-00-00-00-00-00-00-00-00-00-00-00-00-00-00-00-00-00-00
[12:36:19.174] +00:00.640 [AUDIO       ] WriteSamples #9: frames=736, sampleCount=1472, nonZero=False, hex=00-00-00-00-00-00-00-00-00-00-00-00-00-00-00-00, volume=1,00, buffered=4068, playState=Playing
[12:36:19.191] +00:00.657 [BATCH_RAW   ] #10: frames=736, rawNonZero=False, hex=00-00-00-00-00-00-00-00-00-00-00-00-00-00-00-00-00-00-00-00-00-00-00-00-00-00-00-00-00-00-00-00, ptr=0x7FFA544EDD40, subscribers=1
[12:36:19.191] +00:00.657 [AUDIO_RAW   ] WriteSamples #10: frames=736, rawNonZero=False, rawHex=00-00-00-00-00-00-00-00-00-00-00-00-00-00-00-00-00-00-00-00-00-00-00-00-00-00-00-00-00-00-00-00
[12:36:19.191] +00:00.657 [AUDIO       ] WriteSamples #10: frames=736, sampleCount=1472, nonZero=False, hex=00-00-00-00-00-00-00-00-00-00-00-00-00-00-00-00, volume=1,00, buffered=7012, playState=Playing
[12:36:19.274] +00:00.740 [BATCH_RAW   ] #15: frames=736, rawNonZero=False, hex=00-00-00-00-00-00-00-00-00-00-00-00-00-00-00-00-00-00-00-00-00-00-00-00-00-00-00-00-00-00-00-00, ptr=0x7FFA544EDD40, subscribers=1
[12:36:19.358] +00:00.823 [BATCH_RAW   ] #20: frames=735, rawNonZero=False, hex=00-00-00-00-00-00-00-00-00-00-00-00-00-00-00-00-00-00-00-00-00-00-00-00-00-00-00-00-00-00-00-00, ptr=0x7FFA544EDD40, subscribers=1
[12:36:19.441] +00:00.907 [BATCH_RAW   ] #25: frames=736, rawNonZero=False, hex=00-00-00-00-00-00-00-00-00-00-00-00-00-00-00-00-00-00-00-00-00-00-00-00-00-00-00-00-00-00-00-00, ptr=0x7FFA544EDD40, subscribers=1
[12:36:19.525] +00:00.990 [BATCH_RAW   ] #30: frames=736, rawNonZero=False, hex=00-00-00-00-00-00-00-00-00-00-00-00-00-00-00-00-00-00-00-00-00-00-00-00-00-00-00-00-00-00-00-00, ptr=0x7FFA544EDD40, subscribers=1
[12:36:20.025] +00:01.491 [CALLBACK    ] AudioBatch #60: totalSingle=0, totalBatch=60
[12:36:21.027] +00:02.493 [CALLBACK    ] AudioBatch #120: totalSingle=0, totalBatch=120
[12:36:22.028] +00:03.494 [CALLBACK    ] AudioBatch #180: totalSingle=0, totalBatch=180
[12:36:22.028] +00:03.494 [AUDIO       ] WriteSamples #180: totalFrames=132470, nonZero=14/180, buffered=4316, playState=Playing
[12:36:23.029] +00:04.495 [CALLBACK    ] AudioBatch #240: totalSingle=0, totalBatch=240
[12:36:24.031] +00:05.496 [CALLBACK    ] AudioBatch #300: totalSingle=0, totalBatch=300
[12:36:25.032] +00:06.498 [CALLBACK    ] AudioBatch #360: totalSingle=0, totalBatch=360
[12:36:25.032] +00:06.498 [AUDIO       ] WriteSamples #360: totalFrames=264941, nonZero=111/360, buffered=5688, playState=Playing
[12:36:26.033] +00:07.499 [CALLBACK    ] AudioBatch #420: totalSingle=0, totalBatch=420
[12:36:26.053] +00:07.519 [AUDIO       ] Dispose — calls=420, frames=309097, nonZero=111
[12:36:26.053] +00:07.519 [AUDIO       ] Shutdown, PlaybackState=Playing
[12:37:04.883] +00:46.349 [CORE        ] Callback'ler kaydedildi (Init öncesi) — Environment, Video, AudioSample, AudioBatch, Input
[12:37:04.883] +00:46.349 [ENV         ] GET_LOG_INTERFACE → log callback kaydedildi
[12:37:04.884] +00:46.349 [CORE        ] retro_init() tamamlandı
[12:37:04.884] +00:46.349 [CORE        ] Yüklendi: Genesis Plus GX vv1.7.4 ca93fec | NeedFullPath: True
[12:37:04.884] +00:46.349 [AUDIO       ] ══ Initialize sampleRate=44100 ══
[12:37:04.884] +00:46.349 [AUDIO       ] BufferedWaveProvider: 44100Hz 16bit 2ch, bufLen=352800
[12:37:05.299] +00:46.765 [AUDIO       ] ✓ WaveOutEvent başlatıldı, PlaybackState=Playing
[12:37:05.299] +00:46.765 [AUDIO       ] Volume başlangıç seviyesi: 1,000
[12:37:05.300] +00:46.765 [CORE        ] Kısa yol üretildi: C:\Users\YIIT~1\DOWNLO~1\SONICT~1\SONICT~1.MD
[12:37:05.300] +00:46.766 [CORE        ] Tüm callback'ler yeniden kaydedildi — Env=True, Video=True, AudioSample=True, AudioBatch=True, InputPoll=True, InputState=True
[12:37:05.300] +00:46.766 [CORE        ] retro_load_game çağrılıyor — NeedFullPath=True, Size=524288 bytes
[12:37:05.300] +00:46.766 [CORE_INFO   ] Frontend supports RGB565 - will use that instead of XRGB1555.
[12:37:05.300] +00:46.766 [GET_VAR     ] Key: genesis_plus_gx_system_bram → null
[12:37:05.300] +00:46.766 [GET_VAR     ] Key: genesis_plus_gx_cart_size → null
[12:37:05.300] +00:46.766 [GET_VAR     ] Key: genesis_plus_gx_cart_bram → null
[12:37:05.300] +00:46.766 [GET_VAR     ] Key: genesis_plus_gx_system_hw → auto
[12:37:05.300] +00:46.766 [GET_VAR     ] Key: genesis_plus_gx_bios → disabled
[12:37:05.300] +00:46.766 [GET_VAR     ] Key: genesis_plus_gx_region_detect → auto
[12:37:05.300] +00:46.766 [GET_VAR     ] Key: genesis_plus_gx_vdp_mode → null
[12:37:05.300] +00:46.766 [GET_VAR     ] Key: genesis_plus_gx_force_dtack → enabled
[12:37:05.300] +00:46.766 [GET_VAR     ] Key: genesis_plus_gx_addr_error → enabled
[12:37:05.300] +00:46.766 [GET_VAR     ] Key: genesis_plus_gx_cd_latency → null
[12:37:05.300] +00:46.766 [GET_VAR     ] Key: genesis_plus_gx_cd_precache → null
[12:37:05.300] +00:46.766 [GET_VAR     ] Key: genesis_plus_gx_add_on → null
[12:37:05.300] +00:46.766 [GET_VAR     ] Key: genesis_plus_gx_lock_on → null
[12:37:05.300] +00:46.766 [GET_VAR_AUDIO] KEY=genesis_plus_gx_ym2413 → VALUE=enabled
[12:37:05.300] +00:46.766 [GET_VAR_AUDIO] KEY=genesis_plus_gx_ym2413_core → VALUE=null (unhandled!)
[12:37:05.300] +00:46.766 [GET_VAR_AUDIO] KEY=genesis_plus_gx_sound_output → VALUE=stereo
[12:37:05.300] +00:46.766 [GET_VAR_AUDIO] KEY=genesis_plus_gx_psg_preamp → VALUE=150
[12:37:05.301] +00:46.766 [GET_VAR_AUDIO] KEY=genesis_plus_gx_fm_preamp → VALUE=150
[12:37:05.301] +00:46.766 [GET_VAR     ] Key: genesis_plus_gx_cdda_volume → 100
[12:37:05.301] +00:46.766 [GET_VAR     ] Key: genesis_plus_gx_pcm_volume → 100
[12:37:05.301] +00:46.766 [GET_VAR_AUDIO] KEY=genesis_plus_gx_audio_filter → VALUE=disabled
[12:37:05.301] +00:46.766 [GET_VAR     ] Key: genesis_plus_gx_lowpass_range → 60
[12:37:05.301] +00:46.766 [GET_VAR_AUDIO] KEY=genesis_plus_gx_audio_eq_low → VALUE=null (unhandled!)
[12:37:05.301] +00:46.766 [GET_VAR_AUDIO] KEY=genesis_plus_gx_audio_eq_mid → VALUE=null (unhandled!)
[12:37:05.301] +00:46.766 [GET_VAR_AUDIO] KEY=genesis_plus_gx_audio_eq_high → VALUE=null (unhandled!)
[12:37:05.301] +00:46.766 [GET_VAR_AUDIO] KEY=genesis_plus_gx_ym2612 → VALUE=nuked
[12:37:05.301] +00:46.766 [GET_VAR     ] Key: genesis_plus_gx_frameskip → disabled
[12:37:05.301] +00:46.766 [GET_VAR     ] Key: genesis_plus_gx_frameskip_threshold → null
[12:37:05.301] +00:46.766 [GET_VAR     ] Key: genesis_plus_gx_blargg_ntsc_filter → null
[12:37:05.301] +00:46.766 [GET_VAR     ] Key: genesis_plus_gx_lcd_filter → null
[12:37:05.301] +00:46.766 [GET_VAR     ] Key: genesis_plus_gx_overscan → disabled
[12:37:05.301] +00:46.766 [GET_VAR     ] Key: genesis_plus_gx_gg_extra → disabled
[12:37:05.301] +00:46.766 [GET_VAR     ] Key: genesis_plus_gx_aspect_ratio → null
[12:37:05.301] +00:46.766 [GET_VAR     ] Key: genesis_plus_gx_render → single field
[12:37:05.301] +00:46.766 [GET_VAR     ] Key: genesis_plus_gx_gun_cursor → no
[12:37:05.301] +00:46.766 [GET_VAR     ] Key: genesis_plus_gx_gun_input → null
[12:37:05.301] +00:46.766 [GET_VAR     ] Key: genesis_plus_gx_invert_mouse → no
[12:37:05.301] +00:46.766 [GET_VAR     ] Key: genesis_plus_gx_left_border → null
[12:37:05.301] +00:46.766 [GET_VAR     ] Key: genesis_plus_gx_overclock → 100%
[12:37:05.301] +00:46.766 [GET_VAR     ] Key: genesis_plus_gx_no_sprite_limit → disabled
[12:37:05.301] +00:46.766 [GET_VAR     ] Key: genesis_plus_gx_enhanced_vscroll → null
[12:37:05.301] +00:46.766 [GET_VAR     ] Key: genesis_plus_gx_enhanced_vscroll_limit → null
[12:37:05.301] +00:46.766 [GET_VAR_AUDIO] KEY=genesis_plus_gx_psg_channel_0_volume → VALUE=null (unhandled!)
[12:37:05.301] +00:46.766 [GET_VAR_AUDIO] KEY=genesis_plus_gx_psg_channel_1_volume → VALUE=null (unhandled!)
[12:37:05.301] +00:46.766 [GET_VAR_AUDIO] KEY=genesis_plus_gx_psg_channel_2_volume → VALUE=null (unhandled!)
[12:37:05.301] +00:46.766 [GET_VAR_AUDIO] KEY=genesis_plus_gx_psg_channel_3_volume → VALUE=null (unhandled!)
[12:37:05.301] +00:46.766 [GET_VAR     ] Key: genesis_plus_gx_md_channel_0_volume → null
[12:37:05.301] +00:46.766 [GET_VAR     ] Key: genesis_plus_gx_md_channel_1_volume → null
[12:37:05.301] +00:46.766 [GET_VAR     ] Key: genesis_plus_gx_md_channel_2_volume → null
[12:37:05.301] +00:46.766 [GET_VAR     ] Key: genesis_plus_gx_md_channel_3_volume → null
[12:37:05.301] +00:46.766 [GET_VAR     ] Key: genesis_plus_gx_md_channel_4_volume → null
[12:37:05.301] +00:46.766 [GET_VAR     ] Key: genesis_plus_gx_md_channel_5_volume → null
[12:37:05.301] +00:46.766 [GET_VAR     ] Key: genesis_plus_gx_sms_fm_channel_0_volume → null
[12:37:05.301] +00:46.766 [GET_VAR     ] Key: genesis_plus_gx_sms_fm_channel_1_volume → null
[12:37:05.301] +00:46.766 [GET_VAR     ] Key: genesis_plus_gx_sms_fm_channel_2_volume → null
[12:37:05.301] +00:46.766 [GET_VAR     ] Key: genesis_plus_gx_sms_fm_channel_3_volume → null
[12:37:05.301] +00:46.766 [GET_VAR     ] Key: genesis_plus_gx_sms_fm_channel_4_volume → null
[12:37:05.301] +00:46.766 [GET_VAR     ] Key: genesis_plus_gx_sms_fm_channel_5_volume → null
[12:37:05.301] +00:46.766 [GET_VAR     ] Key: genesis_plus_gx_sms_fm_channel_6_volume → null
[12:37:05.301] +00:46.766 [GET_VAR     ] Key: genesis_plus_gx_sms_fm_channel_7_volume → null
[12:37:05.301] +00:46.766 [GET_VAR     ] Key: genesis_plus_gx_sms_fm_channel_8_volume → null
[12:37:05.301] +00:46.766 [GET_VAR_AUDIO] KEY=genesis_plus_gx_show_advanced_audio_settings → VALUE=null (unhandled!)
[12:37:05.301] +00:46.766 [CORE_DEBUG  ] Game Genie ROM should be located at: C:\Users\YiÄŸit\Desktop\YDrive first\bin\system\ggenie.bin
[12:37:05.301] +00:46.766 [CORE_DEBUG  ] Action Replay (Pro) ROM should be located at: C:\Users\YiÄŸit\Desktop\YDrive first\bin\system\areplay.bin
[12:37:05.301] +00:46.766 [CORE_DEBUG  ] Sonic & Knuckles (2 MB) ROM should be located at: C:\Users\YiÄŸit\Desktop\YDrive first\bin\system\sk.bin
[12:37:05.301] +00:46.766 [CORE_DEBUG  ] Sonic & Knuckles UPMEM (256 KB) ROM should be located at: C:\Users\YiÄŸit\Desktop\YDrive first\bin\system\sk2chip.bin
[12:37:05.301] +00:46.766 [CORE_DEBUG  ] Mega Drive TMSS BOOTROM should be located at: C:\Users\YiÄŸit\Desktop\YDrive first\bin\system\bios_MD.bin
[12:37:05.301] +00:46.766 [CORE_DEBUG  ] Game Gear TMSS BOOTROM should be located at: C:\Users\YiÄŸit\Desktop\YDrive first\bin\system\bios.gg
[12:37:05.301] +00:46.766 [CORE_DEBUG  ] Master System (PAL) BOOTROM should be located at: C:\Users\YiÄŸit\Desktop\YDrive first\bin\system\bios_E.sms
[12:37:05.301] +00:46.766 [CORE_DEBUG  ] Master System (NTSC-U) BOOTROM should be located at: C:\Users\YiÄŸit\Desktop\YDrive first\bin\system\bios_U.sms
[12:37:05.301] +00:46.766 [CORE_DEBUG  ] Master System (NTSC-J) BOOTROM should be located at: C:\Users\YiÄŸit\Desktop\YDrive first\bin\system\bios_J.sms
[12:37:05.301] +00:46.766 [CORE_DEBUG  ] Mega CD (PAL) BIOS should be located at: C:\Users\YiÄŸit\Desktop\YDrive first\bin\system\bios_CD_E.bin
[12:37:05.301] +00:46.766 [CORE_DEBUG  ] Sega CD (NTSC-U) BIOS should be located at: C:\Users\YiÄŸit\Desktop\YDrive first\bin\system\bios_CD_U.bin
[12:37:05.301] +00:46.766 [CORE_DEBUG  ] Mega CD (NTSC-J) BIOS should be located at: C:\Users\YiÄŸit\Desktop\YDrive first\bin\system\bios_CD_J.bin
[12:37:05.301] +00:46.766 [CORE_DEBUG  ] Mega CD (PAL) BRAM is located at: C:\Users\YiÄŸit\Desktop\YDrive first\bin\saves\scd_E.brm
[12:37:05.301] +00:46.766 [CORE_DEBUG  ] Sega CD (NTSC-U) BRAM is located at: C:\Users\YiÄŸit\Desktop\YDrive first\bin\saves\scd_U.brm
[12:37:05.301] +00:46.766 [CORE_DEBUG  ] Mega CD (NTSC-J) BRAM is located at: C:\Users\YiÄŸit\Desktop\YDrive first\bin\saves\scd_J.brm
[12:37:05.301] +00:46.766 [CORE_DEBUG  ] Sega/Mega CD RAM CART is located at: 
[12:37:05.301] +00:46.767 [CORE_INFO   ] Loading 524288 bytes ...
[12:37:05.305] +00:46.771 [CORE        ] AV Bilgisi — FPS: 59,92, SampleRate: 44100, Çözünürlük: 256x192, AspectRatio: 1,524
[12:37:05.306] +00:46.772 [BATCH_RAW   ] #1: frames=735, rawNonZero=False, hex=00-00-00-00-00-00-00-00-00-00-00-00-00-00-00-00-00-00-00-00-00-00-00-00-00-00-00-00-00-00-00-00, ptr=0x7FFA544EDD40, subscribers=1
[12:37:05.306] +00:46.772 [AUDIO_RAW   ] WriteSamples #1: frames=735, rawNonZero=False, rawHex=00-00-00-00-00-00-00-00-00-00-00-00-00-00-00-00-00-00-00-00-00-00-00-00-00-00-00-00-00-00-00-00
[12:37:05.306] +00:46.772 [AUDIO       ] ⚡ WaveOut durmuştu → Play() çağrıldı
[12:37:05.306] +00:46.772 [AUDIO       ] WriteSamples #1: frames=735, sampleCount=1470, nonZero=False, hex=00-00-00-00-00-00-00-00-00-00-00-00-00-00-00-00, volume=1,00, buffered=0, playState=Playing
[12:37:05.330] +00:46.796 [BATCH_RAW   ] #2: frames=736, rawNonZero=False, hex=00-00-00-00-00-00-00-00-00-00-00-00-00-00-00-00-00-00-00-00-00-00-00-00-00-00-00-00-00-00-00-00, ptr=0x7FFA544EDD40, subscribers=1
[12:37:05.330] +00:46.796 [AUDIO_RAW   ] WriteSamples #2: frames=736, rawNonZero=False, rawHex=00-00-00-00-00-00-00-00-00-00-00-00-00-00-00-00-00-00-00-00-00-00-00-00-00-00-00-00-00-00-00-00
[12:37:05.330] +00:46.796 [AUDIO       ] WriteSamples #2: frames=736, sampleCount=1472, nonZero=False, hex=00-00-00-00-00-00-00-00-00-00-00-00-00-00-00-00, volume=1,00, buffered=2944, playState=Playing
[12:37:05.339] +00:46.805 [BATCH_RAW   ] #3: frames=736, rawNonZero=False, hex=00-00-00-00-00-00-00-00-00-00-00-00-00-00-00-00-00-00-00-00-00-00-00-00-00-00-00-00-00-00-00-00, ptr=0x7FFA544EDD40, subscribers=1
[12:37:05.339] +00:46.805 [AUDIO_RAW   ] WriteSamples #3: frames=736, rawNonZero=False, rawHex=00-00-00-00-00-00-00-00-00-00-00-00-00-00-00-00-00-00-00-00-00-00-00-00-00-00-00-00-00-00-00-00
[12:37:05.339] +00:46.805 [AUDIO       ] WriteSamples #3: frames=736, sampleCount=1472, nonZero=False, hex=00-00-00-00-00-00-00-00-00-00-00-00-00-00-00-00, volume=1,00, buffered=2944, playState=Playing
[12:37:05.359] +00:46.825 [BATCH_RAW   ] #4: frames=736, rawNonZero=False, hex=00-00-00-00-00-00-00-00-00-00-00-00-00-00-00-00-00-00-00-00-00-00-00-00-00-00-00-00-00-00-00-00, ptr=0x7FFA544EDD40, subscribers=1
[12:37:05.359] +00:46.825 [AUDIO_RAW   ] WriteSamples #4: frames=736, rawNonZero=False, rawHex=00-00-00-00-00-00-00-00-00-00-00-00-00-00-00-00-00-00-00-00-00-00-00-00-00-00-00-00-00-00-00-00
[12:37:05.359] +00:46.825 [AUDIO       ] WriteSamples #4: frames=736, sampleCount=1472, nonZero=False, hex=00-00-00-00-00-00-00-00-00-00-00-00-00-00-00-00, volume=1,00, buffered=5888, playState=Playing
[12:37:05.373] +00:46.838 [BATCH_RAW   ] #5: frames=736, rawNonZero=False, hex=00-00-00-00-00-00-00-00-00-00-00-00-00-00-00-00-00-00-00-00-00-00-00-00-00-00-00-00-00-00-00-00, ptr=0x7FFA544EDD40, subscribers=1
[12:37:05.373] +00:46.838 [AUDIO_RAW   ] WriteSamples #5: frames=736, rawNonZero=False, rawHex=00-00-00-00-00-00-00-00-00-00-00-00-00-00-00-00-00-00-00-00-00-00-00-00-00-00-00-00-00-00-00-00
[12:37:05.373] +00:46.838 [AUDIO       ] WriteSamples #5: frames=736, sampleCount=1472, nonZero=False, hex=00-00-00-00-00-00-00-00-00-00-00-00-00-00-00-00, volume=1,00, buffered=8832, playState=Playing
[12:37:05.389] +00:46.855 [AUDIO_RAW   ] WriteSamples #6: frames=736, rawNonZero=False, rawHex=00-00-00-00-00-00-00-00-00-00-00-00-00-00-00-00-00-00-00-00-00-00-00-00-00-00-00-00-00-00-00-00
[12:37:05.389] +00:46.855 [AUDIO       ] WriteSamples #6: frames=736, sampleCount=1472, nonZero=False, hex=00-00-00-00-00-00-00-00-00-00-00-00-00-00-00-00, volume=1,00, buffered=2944, playState=Playing
[12:37:05.406] +00:46.871 [AUDIO_RAW   ] WriteSamples #7: frames=736, rawNonZero=False, rawHex=00-00-00-00-00-00-00-00-00-00-00-00-00-00-00-00-00-00-00-00-00-00-00-00-00-00-00-00-00-00-00-00
[12:37:05.406] +00:46.871 [AUDIO       ] WriteSamples #7: frames=736, sampleCount=1472, nonZero=False, hex=00-00-00-00-00-00-00-00-00-00-00-00-00-00-00-00, volume=1,00, buffered=5888, playState=Playing
[12:37:05.422] +00:46.888 [AUDIO_RAW   ] WriteSamples #8: frames=736, rawNonZero=False, rawHex=00-00-00-00-00-00-00-00-00-00-00-00-00-00-00-00-00-00-00-00-00-00-00-00-00-00-00-00-00-00-00-00
[12:37:05.423] +00:46.888 [AUDIO       ] WriteSamples #8: frames=736, sampleCount=1472, nonZero=False, hex=00-00-00-00-00-00-00-00-00-00-00-00-00-00-00-00, volume=1,00, buffered=8832, playState=Playing
[12:37:05.439] +00:46.905 [AUDIO_RAW   ] WriteSamples #9: frames=736, rawNonZero=False, rawHex=00-00-00-00-00-00-00-00-00-00-00-00-00-00-00-00-00-00-00-00-00-00-00-00-00-00-00-00-00-00-00-00
[12:37:05.439] +00:46.905 [AUDIO       ] WriteSamples #9: frames=736, sampleCount=1472, nonZero=False, hex=00-00-00-00-00-00-00-00-00-00-00-00-00-00-00-00, volume=1,00, buffered=2944, playState=Playing
[12:37:05.456] +00:46.922 [BATCH_RAW   ] #10: frames=736, rawNonZero=False, hex=00-00-00-00-00-00-00-00-00-00-00-00-00-00-00-00-00-00-00-00-00-00-00-00-00-00-00-00-00-00-00-00, ptr=0x7FFA544EDD40, subscribers=1
[12:37:05.456] +00:46.922 [AUDIO_RAW   ] WriteSamples #10: frames=736, rawNonZero=False, rawHex=00-00-00-00-00-00-00-00-00-00-00-00-00-00-00-00-00-00-00-00-00-00-00-00-00-00-00-00-00-00-00-00
[12:37:05.456] +00:46.922 [AUDIO       ] WriteSamples #10: frames=736, sampleCount=1472, nonZero=False, hex=00-00-00-00-00-00-00-00-00-00-00-00-00-00-00-00, volume=1,00, buffered=2944, playState=Playing
[12:37:05.539] +00:47.005 [BATCH_RAW   ] #15: frames=736, rawNonZero=False, hex=00-00-00-00-00-00-00-00-00-00-00-00-00-00-00-00-00-00-00-00-00-00-00-00-00-00-00-00-00-00-00-00, ptr=0x7FFA544EDD40, subscribers=1
[12:37:05.623] +00:47.089 [BATCH_RAW   ] #20: frames=735, rawNonZero=False, hex=00-00-00-00-00-00-00-00-00-00-00-00-00-00-00-00-00-00-00-00-00-00-00-00-00-00-00-00-00-00-00-00, ptr=0x7FFA544EDD40, subscribers=1
[12:37:05.706] +00:47.172 [BATCH_RAW   ] #25: frames=736, rawNonZero=False, hex=00-00-00-00-00-00-00-00-00-00-00-00-00-00-00-00-00-00-00-00-00-00-00-00-00-00-00-00-00-00-00-00, ptr=0x7FFA544EDD40, subscribers=1
[12:37:05.790] +00:47.256 [BATCH_RAW   ] #30: frames=736, rawNonZero=False, hex=00-00-00-00-00-00-00-00-00-00-00-00-00-00-00-00-00-00-00-00-00-00-00-00-00-00-00-00-00-00-00-00, ptr=0x7FFA544EDD40, subscribers=1
[12:37:06.290] +00:47.756 [CALLBACK    ] AudioBatch #60: totalSingle=0, totalBatch=60
[12:37:07.292] +00:48.758 [CALLBACK    ] AudioBatch #120: totalSingle=0, totalBatch=120
[12:37:08.293] +00:49.759 [CALLBACK    ] AudioBatch #180: totalSingle=0, totalBatch=180
[12:37:08.293] +00:49.759 [AUDIO       ] WriteSamples #180: totalFrames=132470, nonZero=14/180, buffered=4268, playState=Playing
[12:37:09.295] +00:50.760 [CALLBACK    ] AudioBatch #240: totalSingle=0, totalBatch=240
[12:37:10.296] +00:51.761 [CALLBACK    ] AudioBatch #300: totalSingle=0, totalBatch=300
[12:37:11.297] +00:52.763 [CALLBACK    ] AudioBatch #360: totalSingle=0, totalBatch=360
[12:37:11.297] +00:52.763 [AUDIO       ] WriteSamples #360: totalFrames=264941, nonZero=111/360, buffered=5348, playState=Playing
[12:37:12.299] +00:53.764 [CALLBACK    ] AudioBatch #420: totalSingle=0, totalBatch=420
[12:37:13.300] +00:54.766 [CALLBACK    ] AudioBatch #480: totalSingle=0, totalBatch=480
[12:37:14.301] +00:55.767 [CALLBACK    ] AudioBatch #540: totalSingle=0, totalBatch=540
[12:37:14.302] +00:55.768 [AUDIO       ] WriteSamples #540: totalFrames=397411, nonZero=129/540, buffered=6424, playState=Playing
[12:37:15.302] +00:56.768 [CALLBACK    ] AudioBatch #600: totalSingle=0, totalBatch=600
[12:37:16.304] +00:57.769 [CALLBACK    ] AudioBatch #660: totalSingle=0, totalBatch=660
[12:37:17.305] +00:58.771 [CALLBACK    ] AudioBatch #720: totalSingle=0, totalBatch=720
[12:37:17.305] +00:58.771 [AUDIO       ] WriteSamples #720: totalFrames=529882, nonZero=307/720, buffered=7504, playState=Playing
[12:37:18.306] +00:59.772 [CALLBACK    ] AudioBatch #780: totalSingle=0, totalBatch=780
[12:37:19.308] +01:00.774 [CALLBACK    ] AudioBatch #840: totalSingle=0, totalBatch=840
[12:37:20.309] +01:01.775 [CALLBACK    ] AudioBatch #900: totalSingle=0, totalBatch=900
[12:37:20.309] +01:01.775 [AUDIO       ] WriteSamples #900: totalFrames=662352, nonZero=487/900, buffered=3816, playState=Playing
[12:37:21.310] +01:02.776 [CALLBACK    ] AudioBatch #960: totalSingle=0, totalBatch=960
[12:37:22.311] +01:03.777 [CALLBACK    ] AudioBatch #1020: totalSingle=0, totalBatch=1020
[12:37:23.313] +01:04.778 [CALLBACK    ] AudioBatch #1080: totalSingle=0, totalBatch=1080
[12:37:23.313] +01:04.779 [AUDIO       ] WriteSamples #1080: totalFrames=794823, nonZero=667/1080, buffered=4896, playState=Playing
[12:37:24.314] +01:05.780 [CALLBACK    ] AudioBatch #1140: totalSingle=0, totalBatch=1140
[12:37:25.315] +01:06.781 [CALLBACK    ] AudioBatch #1200: totalSingle=0, totalBatch=1200
[12:37:26.317] +01:07.782 [CALLBACK    ] AudioBatch #1260: totalSingle=0, totalBatch=1260
[12:37:26.317] +01:07.782 [AUDIO       ] WriteSamples #1260: totalFrames=927293, nonZero=847/1260, buffered=5972, playState=Playing
[12:37:27.318] +01:08.784 [CALLBACK    ] AudioBatch #1320: totalSingle=0, totalBatch=1320
[12:37:28.319] +01:09.785 [CALLBACK    ] AudioBatch #1380: totalSingle=0, totalBatch=1380
[12:37:29.320] +01:10.786 [CALLBACK    ] AudioBatch #1440: totalSingle=0, totalBatch=1440
[12:37:29.321] +01:10.786 [AUDIO       ] WriteSamples #1440: totalFrames=1059764, nonZero=1027/1440, buffered=7100, playState=Playing
[12:37:30.322] +01:11.788 [CALLBACK    ] AudioBatch #1500: totalSingle=0, totalBatch=1500
[12:37:31.323] +01:12.789 [CALLBACK    ] AudioBatch #1560: totalSingle=0, totalBatch=1560
[12:37:32.325] +01:13.791 [CALLBACK    ] AudioBatch #1620: totalSingle=0, totalBatch=1620
[12:37:32.325] +01:13.791 [AUDIO       ] WriteSamples #1620: totalFrames=1192235, nonZero=1207/1620, buffered=8180, playState=Playing
[12:37:33.326] +01:14.792 [CALLBACK    ] AudioBatch #1680: totalSingle=0, totalBatch=1680
[12:37:34.327] +01:15.793 [CALLBACK    ] AudioBatch #1740: totalSingle=0, totalBatch=1740
[12:37:35.328] +01:16.794 [CALLBACK    ] AudioBatch #1800: totalSingle=0, totalBatch=1800
[12:37:35.328] +01:16.794 [AUDIO       ] WriteSamples #1800: totalFrames=1324705, nonZero=1387/1800, buffered=4492, playState=Playing
[12:37:36.330] +01:17.795 [CALLBACK    ] AudioBatch #1860: totalSingle=0, totalBatch=1860
[12:37:37.331] +01:18.797 [CALLBACK    ] AudioBatch #1920: totalSingle=0, totalBatch=1920
[12:37:38.332] +01:19.798 [CALLBACK    ] AudioBatch #1980: totalSingle=0, totalBatch=1980
[12:37:38.332] +01:19.798 [AUDIO       ] WriteSamples #1980: totalFrames=1457176, nonZero=1567/1980, buffered=5572, playState=Playing
[12:37:39.333] +01:20.799 [CALLBACK    ] AudioBatch #2040: totalSingle=0, totalBatch=2040
[12:37:40.335] +01:21.800 [CALLBACK    ] AudioBatch #2100: totalSingle=0, totalBatch=2100
[12:37:41.336] +01:22.802 [CALLBACK    ] AudioBatch #2160: totalSingle=0, totalBatch=2160
[12:37:41.336] +01:22.802 [AUDIO       ] WriteSamples #2160: totalFrames=1589646, nonZero=1747/2160, buffered=6648, playState=Playing
[12:37:42.337] +01:23.803 [CALLBACK    ] AudioBatch #2220: totalSingle=0, totalBatch=2220
[12:37:43.339] +01:24.805 [CALLBACK    ] AudioBatch #2280: totalSingle=0, totalBatch=2280
[12:37:44.340] +01:25.806 [CALLBACK    ] AudioBatch #2340: totalSingle=0, totalBatch=2340
[12:37:44.340] +01:25.806 [AUDIO       ] WriteSamples #2340: totalFrames=1722117, nonZero=1927/2340, buffered=7728, playState=Playing
[12:37:44.859] +01:26.325 [AUDIO       ] Dispose — calls=2370, frames=1744195, nonZero=1957
[12:37:44.859] +01:26.325 [AUDIO       ] Shutdown, PlaybackState=Playing
[13:23:47.394] +47:28.860 [CORE        ] Callback'ler kaydedildi (Init öncesi) — Environment, Video, AudioSample, AudioBatch, Input
[13:23:47.394] +47:28.860 [ENV         ] GET_LOG_INTERFACE → log callback kaydedildi
[13:23:47.394] +47:28.860 [CORE        ] retro_init() tamamlandı
[13:23:47.394] +47:28.860 [CORE        ] Yüklendi: Genesis Plus GX vv1.7.4 ca93fec | NeedFullPath: True
[13:23:47.395] +47:28.860 [AUDIO       ] ══ Initialize sampleRate=44100 ══
[13:23:47.395] +47:28.860 [AUDIO       ] BufferedWaveProvider: 44100Hz 16bit 2ch, bufLen=352800
[13:23:47.809] +47:29.275 [AUDIO       ] ✓ WaveOutEvent başlatıldı, PlaybackState=Playing
[13:23:47.809] +47:29.275 [AUDIO       ] Volume başlangıç seviyesi: 1,000
[13:23:47.810] +47:29.276 [CORE        ] Kısa yol üretildi: C:\Users\YIIT~1\DOWNLO~1\SONICT~1\SONICT~1.MD
[13:23:47.810] +47:29.276 [CORE        ] Tüm callback'ler yeniden kaydedildi — Env=True, Video=True, AudioSample=True, AudioBatch=True, InputPoll=True, InputState=True
[13:23:47.810] +47:29.276 [CORE        ] retro_load_game çağrılıyor — NeedFullPath=True, Size=524288 bytes
[13:23:47.810] +47:29.276 [CORE_INFO   ] Frontend supports RGB565 - will use that instead of XRGB1555.
[13:23:47.811] +47:29.276 [GET_VAR     ] Key: genesis_plus_gx_system_bram → null
[13:23:47.811] +47:29.276 [GET_VAR     ] Key: genesis_plus_gx_cart_size → null
[13:23:47.811] +47:29.276 [GET_VAR     ] Key: genesis_plus_gx_cart_bram → null
[13:23:47.811] +47:29.276 [GET_VAR     ] Key: genesis_plus_gx_system_hw → auto
[13:23:47.811] +47:29.276 [GET_VAR     ] Key: genesis_plus_gx_bios → disabled
[13:23:47.811] +47:29.276 [GET_VAR     ] Key: genesis_plus_gx_region_detect → auto
[13:23:47.811] +47:29.276 [GET_VAR     ] Key: genesis_plus_gx_vdp_mode → null
[13:23:47.811] +47:29.276 [GET_VAR     ] Key: genesis_plus_gx_force_dtack → enabled
[13:23:47.811] +47:29.276 [GET_VAR     ] Key: genesis_plus_gx_addr_error → enabled
[13:23:47.811] +47:29.276 [GET_VAR     ] Key: genesis_plus_gx_cd_latency → null
[13:23:47.811] +47:29.276 [GET_VAR     ] Key: genesis_plus_gx_cd_precache → null
[13:23:47.811] +47:29.276 [GET_VAR     ] Key: genesis_plus_gx_add_on → null
[13:23:47.811] +47:29.276 [GET_VAR     ] Key: genesis_plus_gx_lock_on → null
[13:23:47.811] +47:29.276 [GET_VAR_AUDIO] KEY=genesis_plus_gx_ym2413 → VALUE=enabled
[13:23:47.811] +47:29.276 [GET_VAR_AUDIO] KEY=genesis_plus_gx_ym2413_core → VALUE=null (unhandled!)
[13:23:47.811] +47:29.276 [GET_VAR_AUDIO] KEY=genesis_plus_gx_sound_output → VALUE=stereo
[13:23:47.811] +47:29.276 [GET_VAR_AUDIO] KEY=genesis_plus_gx_psg_preamp → VALUE=150
[13:23:47.811] +47:29.276 [GET_VAR_AUDIO] KEY=genesis_plus_gx_fm_preamp → VALUE=150
[13:23:47.811] +47:29.276 [GET_VAR     ] Key: genesis_plus_gx_cdda_volume → 100
[13:23:47.811] +47:29.276 [GET_VAR     ] Key: genesis_plus_gx_pcm_volume → 100
[13:23:47.811] +47:29.276 [GET_VAR_AUDIO] KEY=genesis_plus_gx_audio_filter → VALUE=disabled
[13:23:47.811] +47:29.276 [GET_VAR     ] Key: genesis_plus_gx_lowpass_range → 60
[13:23:47.811] +47:29.276 [GET_VAR_AUDIO] KEY=genesis_plus_gx_audio_eq_low → VALUE=null (unhandled!)
[13:23:47.811] +47:29.276 [GET_VAR_AUDIO] KEY=genesis_plus_gx_audio_eq_mid → VALUE=null (unhandled!)
[13:23:47.811] +47:29.276 [GET_VAR_AUDIO] KEY=genesis_plus_gx_audio_eq_high → VALUE=null (unhandled!)
[13:23:47.811] +47:29.276 [GET_VAR_AUDIO] KEY=genesis_plus_gx_ym2612 → VALUE=nuked
[13:23:47.811] +47:29.276 [GET_VAR     ] Key: genesis_plus_gx_frameskip → disabled
[13:23:47.811] +47:29.276 [GET_VAR     ] Key: genesis_plus_gx_frameskip_threshold → null
[13:23:47.811] +47:29.276 [GET_VAR     ] Key: genesis_plus_gx_blargg_ntsc_filter → null
[13:23:47.811] +47:29.276 [GET_VAR     ] Key: genesis_plus_gx_lcd_filter → null
[13:23:47.811] +47:29.276 [GET_VAR     ] Key: genesis_plus_gx_overscan → disabled
[13:23:47.811] +47:29.276 [GET_VAR     ] Key: genesis_plus_gx_gg_extra → disabled
[13:23:47.811] +47:29.276 [GET_VAR     ] Key: genesis_plus_gx_aspect_ratio → null
[13:23:47.811] +47:29.276 [GET_VAR     ] Key: genesis_plus_gx_render → single field
[13:23:47.811] +47:29.276 [GET_VAR     ] Key: genesis_plus_gx_gun_cursor → no
[13:23:47.811] +47:29.276 [GET_VAR     ] Key: genesis_plus_gx_gun_input → null
[13:23:47.811] +47:29.276 [GET_VAR     ] Key: genesis_plus_gx_invert_mouse → no
[13:23:47.811] +47:29.276 [GET_VAR     ] Key: genesis_plus_gx_left_border → null
[13:23:47.811] +47:29.276 [GET_VAR     ] Key: genesis_plus_gx_overclock → 100%
[13:23:47.811] +47:29.276 [GET_VAR     ] Key: genesis_plus_gx_no_sprite_limit → disabled
[13:23:47.811] +47:29.276 [GET_VAR     ] Key: genesis_plus_gx_enhanced_vscroll → null
[13:23:47.811] +47:29.276 [GET_VAR     ] Key: genesis_plus_gx_enhanced_vscroll_limit → null
[13:23:47.811] +47:29.276 [GET_VAR_AUDIO] KEY=genesis_plus_gx_psg_channel_0_volume → VALUE=null (unhandled!)
[13:23:47.811] +47:29.276 [GET_VAR_AUDIO] KEY=genesis_plus_gx_psg_channel_1_volume → VALUE=null (unhandled!)
[13:23:47.811] +47:29.276 [GET_VAR_AUDIO] KEY=genesis_plus_gx_psg_channel_2_volume → VALUE=null (unhandled!)
[13:23:47.811] +47:29.276 [GET_VAR_AUDIO] KEY=genesis_plus_gx_psg_channel_3_volume → VALUE=null (unhandled!)
[13:23:47.811] +47:29.276 [GET_VAR     ] Key: genesis_plus_gx_md_channel_0_volume → null
[13:23:47.811] +47:29.276 [GET_VAR     ] Key: genesis_plus_gx_md_channel_1_volume → null
[13:23:47.811] +47:29.276 [GET_VAR     ] Key: genesis_plus_gx_md_channel_2_volume → null
[13:23:47.811] +47:29.276 [GET_VAR     ] Key: genesis_plus_gx_md_channel_3_volume → null
[13:23:47.811] +47:29.276 [GET_VAR     ] Key: genesis_plus_gx_md_channel_4_volume → null
[13:23:47.811] +47:29.276 [GET_VAR     ] Key: genesis_plus_gx_md_channel_5_volume → null
[13:23:47.811] +47:29.276 [GET_VAR     ] Key: genesis_plus_gx_sms_fm_channel_0_volume → null
[13:23:47.811] +47:29.276 [GET_VAR     ] Key: genesis_plus_gx_sms_fm_channel_1_volume → null
[13:23:47.811] +47:29.276 [GET_VAR     ] Key: genesis_plus_gx_sms_fm_channel_2_volume → null
[13:23:47.811] +47:29.276 [GET_VAR     ] Key: genesis_plus_gx_sms_fm_channel_3_volume → null
[13:23:47.811] +47:29.276 [GET_VAR     ] Key: genesis_plus_gx_sms_fm_channel_4_volume → null
[13:23:47.811] +47:29.276 [GET_VAR     ] Key: genesis_plus_gx_sms_fm_channel_5_volume → null
[13:23:47.811] +47:29.276 [GET_VAR     ] Key: genesis_plus_gx_sms_fm_channel_6_volume → null
[13:23:47.811] +47:29.276 [GET_VAR     ] Key: genesis_plus_gx_sms_fm_channel_7_volume → null
[13:23:47.811] +47:29.276 [GET_VAR     ] Key: genesis_plus_gx_sms_fm_channel_8_volume → null
[13:23:47.811] +47:29.276 [GET_VAR_AUDIO] KEY=genesis_plus_gx_show_advanced_audio_settings → VALUE=null (unhandled!)
[13:23:47.811] +47:29.276 [CORE_DEBUG  ] Game Genie ROM should be located at: C:\Users\YiÄŸit\Desktop\YDrive first\bin\system\ggenie.bin
[13:23:47.811] +47:29.276 [CORE_DEBUG  ] Action Replay (Pro) ROM should be located at: C:\Users\YiÄŸit\Desktop\YDrive first\bin\system\areplay.bin
[13:23:47.811] +47:29.276 [CORE_DEBUG  ] Sonic & Knuckles (2 MB) ROM should be located at: C:\Users\YiÄŸit\Desktop\YDrive first\bin\system\sk.bin
[13:23:47.811] +47:29.276 [CORE_DEBUG  ] Sonic & Knuckles UPMEM (256 KB) ROM should be located at: C:\Users\YiÄŸit\Desktop\YDrive first\bin\system\sk2chip.bin
[13:23:47.811] +47:29.276 [CORE_DEBUG  ] Mega Drive TMSS BOOTROM should be located at: C:\Users\YiÄŸit\Desktop\YDrive first\bin\system\bios_MD.bin
[13:23:47.811] +47:29.276 [CORE_DEBUG  ] Game Gear TMSS BOOTROM should be located at: C:\Users\YiÄŸit\Desktop\YDrive first\bin\system\bios.gg
[13:23:47.811] +47:29.276 [CORE_DEBUG  ] Master System (PAL) BOOTROM should be located at: C:\Users\YiÄŸit\Desktop\YDrive first\bin\system\bios_E.sms
[13:23:47.811] +47:29.276 [CORE_DEBUG  ] Master System (NTSC-U) BOOTROM should be located at: C:\Users\YiÄŸit\Desktop\YDrive first\bin\system\bios_U.sms
[13:23:47.811] +47:29.276 [CORE_DEBUG  ] Master System (NTSC-J) BOOTROM should be located at: C:\Users\YiÄŸit\Desktop\YDrive first\bin\system\bios_J.sms
[13:23:47.811] +47:29.276 [CORE_DEBUG  ] Mega CD (PAL) BIOS should be located at: C:\Users\YiÄŸit\Desktop\YDrive first\bin\system\bios_CD_E.bin
[13:23:47.811] +47:29.276 [CORE_DEBUG  ] Sega CD (NTSC-U) BIOS should be located at: C:\Users\YiÄŸit\Desktop\YDrive first\bin\system\bios_CD_U.bin
[13:23:47.811] +47:29.276 [CORE_DEBUG  ] Mega CD (NTSC-J) BIOS should be located at: C:\Users\YiÄŸit\Desktop\YDrive first\bin\system\bios_CD_J.bin
[13:23:47.811] +47:29.276 [CORE_DEBUG  ] Mega CD (PAL) BRAM is located at: C:\Users\YiÄŸit\Desktop\YDrive first\bin\saves\scd_E.brm
[13:23:47.811] +47:29.276 [CORE_DEBUG  ] Sega CD (NTSC-U) BRAM is located at: C:\Users\YiÄŸit\Desktop\YDrive first\bin\saves\scd_U.brm
[13:23:47.811] +47:29.276 [CORE_DEBUG  ] Mega CD (NTSC-J) BRAM is located at: C:\Users\YiÄŸit\Desktop\YDrive first\bin\saves\scd_J.brm
[13:23:47.811] +47:29.276 [CORE_DEBUG  ] Sega/Mega CD RAM CART is located at: 
[13:23:47.811] +47:29.277 [CORE_INFO   ] Loading 524288 bytes ...
[13:23:47.815] +47:29.281 [CORE        ] AV Bilgisi — FPS: 59,92, SampleRate: 44100, Çözünürlük: 256x192, AspectRatio: 1,524
[13:23:47.816] +47:29.281 [BATCH_RAW   ] #1: frames=735, rawNonZero=False, hex=00-00-00-00-00-00-00-00-00-00-00-00-00-00-00-00-00-00-00-00-00-00-00-00-00-00-00-00-00-00-00-00, ptr=0x7FFA56A1DD40, subscribers=1
[13:23:47.816] +47:29.281 [AUDIO_RAW   ] WriteSamples #1: frames=735, rawNonZero=False, rawHex=00-00-00-00-00-00-00-00-00-00-00-00-00-00-00-00-00-00-00-00-00-00-00-00-00-00-00-00-00-00-00-00
[13:23:47.816] +47:29.281 [AUDIO       ] ⚡ WaveOut durmuştu → Play() çağrıldı
[13:23:47.816] +47:29.282 [AUDIO       ] WriteSamples #1: frames=735, sampleCount=1470, nonZero=False, hex=00-00-00-00-00-00-00-00-00-00-00-00-00-00-00-00, volume=1,00, buffered=2940, playState=Playing
[13:23:47.833] +47:29.298 [BATCH_RAW   ] #2: frames=736, rawNonZero=False, hex=00-00-00-00-00-00-00-00-00-00-00-00-00-00-00-00-00-00-00-00-00-00-00-00-00-00-00-00-00-00-00-00, ptr=0x7FFA56A1DD40, subscribers=1
[13:23:47.833] +47:29.298 [AUDIO_RAW   ] WriteSamples #2: frames=736, rawNonZero=False, rawHex=00-00-00-00-00-00-00-00-00-00-00-00-00-00-00-00-00-00-00-00-00-00-00-00-00-00-00-00-00-00-00-00
[13:23:47.833] +47:29.298 [AUDIO       ] WriteSamples #2: frames=736, sampleCount=1472, nonZero=False, hex=00-00-00-00-00-00-00-00-00-00-00-00-00-00-00-00, volume=1,00, buffered=2944, playState=Playing
[13:23:47.850] +47:29.316 [BATCH_RAW   ] #3: frames=736, rawNonZero=False, hex=00-00-00-00-00-00-00-00-00-00-00-00-00-00-00-00-00-00-00-00-00-00-00-00-00-00-00-00-00-00-00-00, ptr=0x7FFA56A1DD40, subscribers=1
[13:23:47.850] +47:29.316 [AUDIO_RAW   ] WriteSamples #3: frames=736, rawNonZero=False, rawHex=00-00-00-00-00-00-00-00-00-00-00-00-00-00-00-00-00-00-00-00-00-00-00-00-00-00-00-00-00-00-00-00
[13:23:47.850] +47:29.316 [AUDIO       ] WriteSamples #3: frames=736, sampleCount=1472, nonZero=False, hex=00-00-00-00-00-00-00-00-00-00-00-00-00-00-00-00, volume=1,00, buffered=2944, playState=Playing
[13:23:47.866] +47:29.332 [BATCH_RAW   ] #4: frames=736, rawNonZero=False, hex=00-00-00-00-00-00-00-00-00-00-00-00-00-00-00-00-00-00-00-00-00-00-00-00-00-00-00-00-00-00-00-00, ptr=0x7FFA56A1DD40, subscribers=1
[13:23:47.866] +47:29.332 [AUDIO_RAW   ] WriteSamples #4: frames=736, rawNonZero=False, rawHex=00-00-00-00-00-00-00-00-00-00-00-00-00-00-00-00-00-00-00-00-00-00-00-00-00-00-00-00-00-00-00-00
[13:23:47.866] +47:29.332 [AUDIO       ] WriteSamples #4: frames=736, sampleCount=1472, nonZero=False, hex=00-00-00-00-00-00-00-00-00-00-00-00-00-00-00-00, volume=1,00, buffered=5888, playState=Playing
[13:23:47.883] +47:29.348 [BATCH_RAW   ] #5: frames=736, rawNonZero=False, hex=00-00-00-00-00-00-00-00-00-00-00-00-00-00-00-00-00-00-00-00-00-00-00-00-00-00-00-00-00-00-00-00, ptr=0x7FFA56A1DD40, subscribers=1
[13:23:47.883] +47:29.348 [AUDIO_RAW   ] WriteSamples #5: frames=736, rawNonZero=False, rawHex=00-00-00-00-00-00-00-00-00-00-00-00-00-00-00-00-00-00-00-00-00-00-00-00-00-00-00-00-00-00-00-00
[13:23:47.883] +47:29.348 [AUDIO       ] WriteSamples #5: frames=736, sampleCount=1472, nonZero=False, hex=00-00-00-00-00-00-00-00-00-00-00-00-00-00-00-00, volume=1,00, buffered=8832, playState=Playing
[13:23:47.899] +47:29.365 [AUDIO_RAW   ] WriteSamples #6: frames=736, rawNonZero=False, rawHex=00-00-00-00-00-00-00-00-00-00-00-00-00-00-00-00-00-00-00-00-00-00-00-00-00-00-00-00-00-00-00-00
[13:23:47.899] +47:29.365 [AUDIO       ] WriteSamples #6: frames=736, sampleCount=1472, nonZero=False, hex=00-00-00-00-00-00-00-00-00-00-00-00-00-00-00-00, volume=1,00, buffered=2944, playState=Playing
[13:23:47.916] +47:29.382 [AUDIO_RAW   ] WriteSamples #7: frames=736, rawNonZero=False, rawHex=00-00-00-00-00-00-00-00-00-00-00-00-00-00-00-00-00-00-00-00-00-00-00-00-00-00-00-00-00-00-00-00
[13:23:47.916] +47:29.382 [AUDIO       ] WriteSamples #7: frames=736, sampleCount=1472, nonZero=False, hex=00-00-00-00-00-00-00-00-00-00-00-00-00-00-00-00, volume=1,00, buffered=5888, playState=Playing
[13:23:47.933] +47:29.399 [AUDIO_RAW   ] WriteSamples #8: frames=736, rawNonZero=False, rawHex=00-00-00-00-00-00-00-00-00-00-00-00-00-00-00-00-00-00-00-00-00-00-00-00-00-00-00-00-00-00-00-00
[13:23:47.933] +47:29.399 [AUDIO       ] WriteSamples #8: frames=736, sampleCount=1472, nonZero=False, hex=00-00-00-00-00-00-00-00-00-00-00-00-00-00-00-00, volume=1,00, buffered=8832, playState=Playing
[13:23:47.949] +47:29.415 [AUDIO_RAW   ] WriteSamples #9: frames=736, rawNonZero=False, rawHex=00-00-00-00-00-00-00-00-00-00-00-00-00-00-00-00-00-00-00-00-00-00-00-00-00-00-00-00-00-00-00-00
[13:23:47.950] +47:29.415 [AUDIO       ] WriteSamples #9: frames=736, sampleCount=1472, nonZero=False, hex=00-00-00-00-00-00-00-00-00-00-00-00-00-00-00-00, volume=1,00, buffered=2944, playState=Playing
[13:23:47.966] +47:29.432 [BATCH_RAW   ] #10: frames=736, rawNonZero=False, hex=00-00-00-00-00-00-00-00-00-00-00-00-00-00-00-00-00-00-00-00-00-00-00-00-00-00-00-00-00-00-00-00, ptr=0x7FFA56A1DD40, subscribers=1
[13:23:47.966] +47:29.432 [AUDIO_RAW   ] WriteSamples #10: frames=736, rawNonZero=False, rawHex=00-00-00-00-00-00-00-00-00-00-00-00-00-00-00-00-00-00-00-00-00-00-00-00-00-00-00-00-00-00-00-00
[13:23:47.966] +47:29.432 [AUDIO       ] WriteSamples #10: frames=736, sampleCount=1472, nonZero=False, hex=00-00-00-00-00-00-00-00-00-00-00-00-00-00-00-00, volume=1,00, buffered=2944, playState=Playing
[13:23:48.049] +47:29.515 [BATCH_RAW   ] #15: frames=736, rawNonZero=False, hex=00-00-00-00-00-00-00-00-00-00-00-00-00-00-00-00-00-00-00-00-00-00-00-00-00-00-00-00-00-00-00-00, ptr=0x7FFA56A1DD40, subscribers=1
[13:23:48.133] +47:29.599 [BATCH_RAW   ] #20: frames=735, rawNonZero=False, hex=00-00-00-00-00-00-00-00-00-00-00-00-00-00-00-00-00-00-00-00-00-00-00-00-00-00-00-00-00-00-00-00, ptr=0x7FFA56A1DD40, subscribers=1
[13:23:48.216] +47:29.682 [BATCH_RAW   ] #25: frames=736, rawNonZero=False, hex=00-00-00-00-00-00-00-00-00-00-00-00-00-00-00-00-00-00-00-00-00-00-00-00-00-00-00-00-00-00-00-00, ptr=0x7FFA56A1DD40, subscribers=1
[13:23:48.300] +47:29.766 [BATCH_RAW   ] #30: frames=736, rawNonZero=False, hex=00-00-00-00-00-00-00-00-00-00-00-00-00-00-00-00-00-00-00-00-00-00-00-00-00-00-00-00-00-00-00-00, ptr=0x7FFA56A1DD40, subscribers=1
[13:23:48.800] +47:30.266 [CALLBACK    ] AudioBatch #60: totalSingle=0, totalBatch=60
[13:23:49.802] +47:31.268 [CALLBACK    ] AudioBatch #120: totalSingle=0, totalBatch=120
[13:23:50.803] +47:32.269 [CALLBACK    ] AudioBatch #180: totalSingle=0, totalBatch=180
[13:23:50.803] +47:32.269 [AUDIO       ] WriteSamples #180: totalFrames=132470, nonZero=14/180, buffered=4268, playState=Playing
[13:23:51.804] +47:33.270 [CALLBACK    ] AudioBatch #240: totalSingle=0, totalBatch=240
[13:23:52.640] +47:34.106 [AUDIO       ] Dispose — calls=289, frames=212688, nonZero=106
[13:23:52.640] +47:34.106 [AUDIO       ] Shutdown, PlaybackState=Playing
[13:23:54.053] +47:35.519 [CORE        ] Callback'ler kaydedildi (Init öncesi) — Environment, Video, AudioSample, AudioBatch, Input
[13:23:54.053] +47:35.519 [ENV         ] GET_LOG_INTERFACE → log callback kaydedildi
[13:23:54.053] +47:35.519 [CORE        ] retro_init() tamamlandı
[13:23:54.053] +47:35.519 [CORE        ] Yüklendi: Genesis Plus GX vv1.7.4 ca93fec | NeedFullPath: True
[13:23:54.053] +47:35.519 [AUDIO       ] ══ Initialize sampleRate=44100 ══
[13:23:54.053] +47:35.519 [AUDIO       ] BufferedWaveProvider: 44100Hz 16bit 2ch, bufLen=352800
[13:23:54.191] +47:35.657 [AUDIO       ] ✓ WaveOutEvent başlatıldı, PlaybackState=Playing
[13:23:54.191] +47:35.657 [AUDIO       ] Volume başlangıç seviyesi: 1,000
[13:23:54.192] +47:35.657 [CORE        ] Kısa yol üretildi: C:\Users\YIIT~1\DOWNLO~1\SONICT~1\SONICT~1.MD
[13:23:54.192] +47:35.657 [CORE        ] Tüm callback'ler yeniden kaydedildi — Env=True, Video=True, AudioSample=True, AudioBatch=True, InputPoll=True, InputState=True
[13:23:54.192] +47:35.657 [CORE        ] retro_load_game çağrılıyor — NeedFullPath=True, Size=524288 bytes
[13:23:54.192] +47:35.657 [CORE_INFO   ] Frontend supports RGB565 - will use that instead of XRGB1555.
[13:23:54.192] +47:35.658 [GET_VAR     ] Key: genesis_plus_gx_system_bram → null
[13:23:54.192] +47:35.658 [GET_VAR     ] Key: genesis_plus_gx_cart_size → null
[13:23:54.192] +47:35.658 [GET_VAR     ] Key: genesis_plus_gx_cart_bram → null
[13:23:54.192] +47:35.658 [GET_VAR     ] Key: genesis_plus_gx_system_hw → auto
[13:23:54.192] +47:35.658 [GET_VAR     ] Key: genesis_plus_gx_bios → disabled
[13:23:54.192] +47:35.658 [GET_VAR     ] Key: genesis_plus_gx_region_detect → auto
[13:23:54.192] +47:35.658 [GET_VAR     ] Key: genesis_plus_gx_vdp_mode → null
[13:23:54.192] +47:35.658 [GET_VAR     ] Key: genesis_plus_gx_force_dtack → enabled
[13:23:54.192] +47:35.658 [GET_VAR     ] Key: genesis_plus_gx_addr_error → enabled
[13:23:54.192] +47:35.658 [GET_VAR     ] Key: genesis_plus_gx_cd_latency → null
[13:23:54.192] +47:35.658 [GET_VAR     ] Key: genesis_plus_gx_cd_precache → null
[13:23:54.192] +47:35.658 [GET_VAR     ] Key: genesis_plus_gx_add_on → null
[13:23:54.192] +47:35.658 [GET_VAR     ] Key: genesis_plus_gx_lock_on → null
[13:23:54.192] +47:35.658 [GET_VAR_AUDIO] KEY=genesis_plus_gx_ym2413 → VALUE=enabled
[13:23:54.192] +47:35.658 [GET_VAR_AUDIO] KEY=genesis_plus_gx_ym2413_core → VALUE=null (unhandled!)
[13:23:54.192] +47:35.658 [GET_VAR_AUDIO] KEY=genesis_plus_gx_sound_output → VALUE=stereo
[13:23:54.192] +47:35.658 [GET_VAR_AUDIO] KEY=genesis_plus_gx_psg_preamp → VALUE=150
[13:23:54.192] +47:35.658 [GET_VAR_AUDIO] KEY=genesis_plus_gx_fm_preamp → VALUE=150
[13:23:54.192] +47:35.658 [GET_VAR     ] Key: genesis_plus_gx_cdda_volume → 100
[13:23:54.192] +47:35.658 [GET_VAR     ] Key: genesis_plus_gx_pcm_volume → 100
[13:23:54.192] +47:35.658 [GET_VAR_AUDIO] KEY=genesis_plus_gx_audio_filter → VALUE=disabled
[13:23:54.192] +47:35.658 [GET_VAR     ] Key: genesis_plus_gx_lowpass_range → 60
[13:23:54.192] +47:35.658 [GET_VAR_AUDIO] KEY=genesis_plus_gx_audio_eq_low → VALUE=null (unhandled!)
[13:23:54.192] +47:35.658 [GET_VAR_AUDIO] KEY=genesis_plus_gx_audio_eq_mid → VALUE=null (unhandled!)
[13:23:54.192] +47:35.658 [GET_VAR_AUDIO] KEY=genesis_plus_gx_audio_eq_high → VALUE=null (unhandled!)
[13:23:54.192] +47:35.658 [GET_VAR_AUDIO] KEY=genesis_plus_gx_ym2612 → VALUE=nuked
[13:23:54.192] +47:35.658 [GET_VAR     ] Key: genesis_plus_gx_frameskip → disabled
[13:23:54.192] +47:35.658 [GET_VAR     ] Key: genesis_plus_gx_frameskip_threshold → null
[13:23:54.192] +47:35.658 [GET_VAR     ] Key: genesis_plus_gx_blargg_ntsc_filter → null
[13:23:54.192] +47:35.658 [GET_VAR     ] Key: genesis_plus_gx_lcd_filter → null
[13:23:54.192] +47:35.658 [GET_VAR     ] Key: genesis_plus_gx_overscan → disabled
[13:23:54.192] +47:35.658 [GET_VAR     ] Key: genesis_plus_gx_gg_extra → disabled
[13:23:54.192] +47:35.658 [GET_VAR     ] Key: genesis_plus_gx_aspect_ratio → null
[13:23:54.192] +47:35.658 [GET_VAR     ] Key: genesis_plus_gx_render → single field
[13:23:54.192] +47:35.658 [GET_VAR     ] Key: genesis_plus_gx_gun_cursor → no
[13:23:54.192] +47:35.658 [GET_VAR     ] Key: genesis_plus_gx_gun_input → null
[13:23:54.192] +47:35.658 [GET_VAR     ] Key: genesis_plus_gx_invert_mouse → no
[13:23:54.192] +47:35.658 [GET_VAR     ] Key: genesis_plus_gx_left_border → null
[13:23:54.192] +47:35.658 [GET_VAR     ] Key: genesis_plus_gx_overclock → 100%
[13:23:54.192] +47:35.658 [GET_VAR     ] Key: genesis_plus_gx_no_sprite_limit → disabled
[13:23:54.192] +47:35.658 [GET_VAR     ] Key: genesis_plus_gx_enhanced_vscroll → null
[13:23:54.192] +47:35.658 [GET_VAR     ] Key: genesis_plus_gx_enhanced_vscroll_limit → null
[13:23:54.192] +47:35.658 [GET_VAR_AUDIO] KEY=genesis_plus_gx_psg_channel_0_volume → VALUE=null (unhandled!)
[13:23:54.192] +47:35.658 [GET_VAR_AUDIO] KEY=genesis_plus_gx_psg_channel_1_volume → VALUE=null (unhandled!)
[13:23:54.192] +47:35.658 [GET_VAR_AUDIO] KEY=genesis_plus_gx_psg_channel_2_volume → VALUE=null (unhandled!)
[13:23:54.192] +47:35.658 [GET_VAR_AUDIO] KEY=genesis_plus_gx_psg_channel_3_volume → VALUE=null (unhandled!)
[13:23:54.192] +47:35.658 [GET_VAR     ] Key: genesis_plus_gx_md_channel_0_volume → null
[13:23:54.192] +47:35.658 [GET_VAR     ] Key: genesis_plus_gx_md_channel_1_volume → null
[13:23:54.192] +47:35.658 [GET_VAR     ] Key: genesis_plus_gx_md_channel_2_volume → null
[13:23:54.192] +47:35.658 [GET_VAR     ] Key: genesis_plus_gx_md_channel_3_volume → null
[13:23:54.192] +47:35.658 [GET_VAR     ] Key: genesis_plus_gx_md_channel_4_volume → null
[13:23:54.192] +47:35.658 [GET_VAR     ] Key: genesis_plus_gx_md_channel_5_volume → null
[13:23:54.192] +47:35.658 [GET_VAR     ] Key: genesis_plus_gx_sms_fm_channel_0_volume → null
[13:23:54.192] +47:35.658 [GET_VAR     ] Key: genesis_plus_gx_sms_fm_channel_1_volume → null
[13:23:54.192] +47:35.658 [GET_VAR     ] Key: genesis_plus_gx_sms_fm_channel_2_volume → null
[13:23:54.192] +47:35.658 [GET_VAR     ] Key: genesis_plus_gx_sms_fm_channel_3_volume → null
[13:23:54.192] +47:35.658 [GET_VAR     ] Key: genesis_plus_gx_sms_fm_channel_4_volume → null
[13:23:54.192] +47:35.658 [GET_VAR     ] Key: genesis_plus_gx_sms_fm_channel_5_volume → null
[13:23:54.192] +47:35.658 [GET_VAR     ] Key: genesis_plus_gx_sms_fm_channel_6_volume → null
[13:23:54.192] +47:35.658 [GET_VAR     ] Key: genesis_plus_gx_sms_fm_channel_7_volume → null
[13:23:54.192] +47:35.658 [GET_VAR     ] Key: genesis_plus_gx_sms_fm_channel_8_volume → null
[13:23:54.192] +47:35.658 [GET_VAR_AUDIO] KEY=genesis_plus_gx_show_advanced_audio_settings → VALUE=null (unhandled!)
[13:23:54.192] +47:35.658 [CORE_DEBUG  ] Game Genie ROM should be located at: C:\Users\YiÄŸit\Desktop\YDrive first\bin\system\ggenie.bin
[13:23:54.192] +47:35.658 [CORE_DEBUG  ] Action Replay (Pro) ROM should be located at: C:\Users\YiÄŸit\Desktop\YDrive first\bin\system\areplay.bin
[13:23:54.192] +47:35.658 [CORE_DEBUG  ] Sonic & Knuckles (2 MB) ROM should be located at: C:\Users\YiÄŸit\Desktop\YDrive first\bin\system\sk.bin
[13:23:54.192] +47:35.658 [CORE_DEBUG  ] Sonic & Knuckles UPMEM (256 KB) ROM should be located at: C:\Users\YiÄŸit\Desktop\YDrive first\bin\system\sk2chip.bin
[13:23:54.192] +47:35.658 [CORE_DEBUG  ] Mega Drive TMSS BOOTROM should be located at: C:\Users\YiÄŸit\Desktop\YDrive first\bin\system\bios_MD.bin
[13:23:54.192] +47:35.658 [CORE_DEBUG  ] Game Gear TMSS BOOTROM should be located at: C:\Users\YiÄŸit\Desktop\YDrive first\bin\system\bios.gg
[13:23:54.192] +47:35.658 [CORE_DEBUG  ] Master System (PAL) BOOTROM should be located at: C:\Users\YiÄŸit\Desktop\YDrive first\bin\system\bios_E.sms
[13:23:54.192] +47:35.658 [CORE_DEBUG  ] Master System (NTSC-U) BOOTROM should be located at: C:\Users\YiÄŸit\Desktop\YDrive first\bin\system\bios_U.sms
[13:23:54.192] +47:35.658 [CORE_DEBUG  ] Master System (NTSC-J) BOOTROM should be located at: C:\Users\YiÄŸit\Desktop\YDrive first\bin\system\bios_J.sms
[13:23:54.192] +47:35.658 [CORE_DEBUG  ] Mega CD (PAL) BIOS should be located at: C:\Users\YiÄŸit\Desktop\YDrive first\bin\system\bios_CD_E.bin
[13:23:54.192] +47:35.658 [CORE_DEBUG  ] Sega CD (NTSC-U) BIOS should be located at: C:\Users\YiÄŸit\Desktop\YDrive first\bin\system\bios_CD_U.bin
[13:23:54.192] +47:35.658 [CORE_DEBUG  ] Mega CD (NTSC-J) BIOS should be located at: C:\Users\YiÄŸit\Desktop\YDrive first\bin\system\bios_CD_J.bin
[13:23:54.192] +47:35.658 [CORE_DEBUG  ] Mega CD (PAL) BRAM is located at: C:\Users\YiÄŸit\Desktop\YDrive first\bin\saves\scd_E.brm
[13:23:54.192] +47:35.658 [CORE_DEBUG  ] Sega CD (NTSC-U) BRAM is located at: C:\Users\YiÄŸit\Desktop\YDrive first\bin\saves\scd_U.brm
[13:23:54.192] +47:35.658 [CORE_DEBUG  ] Mega CD (NTSC-J) BRAM is located at: C:\Users\YiÄŸit\Desktop\YDrive first\bin\saves\scd_J.brm
[13:23:54.192] +47:35.658 [CORE_DEBUG  ] Sega/Mega CD RAM CART is located at: 
[13:23:54.192] +47:35.658 [CORE_INFO   ] Loading 524288 bytes ...
[13:23:54.196] +47:35.662 [CORE        ] AV Bilgisi — FPS: 59,92, SampleRate: 44100, Çözünürlük: 256x192, AspectRatio: 1,524
[13:23:54.197] +47:35.663 [BATCH_RAW   ] #1: frames=735, rawNonZero=False, hex=00-00-00-00-00-00-00-00-00-00-00-00-00-00-00-00-00-00-00-00-00-00-00-00-00-00-00-00-00-00-00-00, ptr=0x7FFA56A1DD40, subscribers=1
[13:23:54.197] +47:35.663 [AUDIO_RAW   ] WriteSamples #1: frames=735, rawNonZero=False, rawHex=00-00-00-00-00-00-00-00-00-00-00-00-00-00-00-00-00-00-00-00-00-00-00-00-00-00-00-00-00-00-00-00
[13:23:54.197] +47:35.663 [AUDIO       ] ⚡ WaveOut durmuştu → Play() çağrıldı
[13:23:54.197] +47:35.663 [AUDIO       ] WriteSamples #1: frames=735, sampleCount=1470, nonZero=False, hex=00-00-00-00-00-00-00-00-00-00-00-00-00-00-00-00, volume=1,00, buffered=2940, playState=Playing
[13:23:54.214] +47:35.680 [BATCH_RAW   ] #2: frames=736, rawNonZero=False, hex=00-00-00-00-00-00-00-00-00-00-00-00-00-00-00-00-00-00-00-00-00-00-00-00-00-00-00-00-00-00-00-00, ptr=0x7FFA56A1DD40, subscribers=1
[13:23:54.214] +47:35.680 [AUDIO_RAW   ] WriteSamples #2: frames=736, rawNonZero=False, rawHex=00-00-00-00-00-00-00-00-00-00-00-00-00-00-00-00-00-00-00-00-00-00-00-00-00-00-00-00-00-00-00-00
[13:23:54.214] +47:35.680 [AUDIO       ] WriteSamples #2: frames=736, sampleCount=1472, nonZero=False, hex=00-00-00-00-00-00-00-00-00-00-00-00-00-00-00-00, volume=1,00, buffered=2944, playState=Playing
[13:23:54.234] +47:35.699 [BATCH_RAW   ] #3: frames=736, rawNonZero=False, hex=00-00-00-00-00-00-00-00-00-00-00-00-00-00-00-00-00-00-00-00-00-00-00-00-00-00-00-00-00-00-00-00, ptr=0x7FFA56A1DD40, subscribers=1
[13:23:54.234] +47:35.699 [AUDIO_RAW   ] WriteSamples #3: frames=736, rawNonZero=False, rawHex=00-00-00-00-00-00-00-00-00-00-00-00-00-00-00-00-00-00-00-00-00-00-00-00-00-00-00-00-00-00-00-00
[13:23:54.234] +47:35.699 [AUDIO       ] WriteSamples #3: frames=736, sampleCount=1472, nonZero=False, hex=00-00-00-00-00-00-00-00-00-00-00-00-00-00-00-00, volume=1,00, buffered=2944, playState=Playing
[13:23:54.247] +47:35.713 [BATCH_RAW   ] #4: frames=736, rawNonZero=False, hex=00-00-00-00-00-00-00-00-00-00-00-00-00-00-00-00-00-00-00-00-00-00-00-00-00-00-00-00-00-00-00-00, ptr=0x7FFA56A1DD40, subscribers=1
[13:23:54.247] +47:35.713 [AUDIO_RAW   ] WriteSamples #4: frames=736, rawNonZero=False, rawHex=00-00-00-00-00-00-00-00-00-00-00-00-00-00-00-00-00-00-00-00-00-00-00-00-00-00-00-00-00-00-00-00
[13:23:54.247] +47:35.713 [AUDIO       ] WriteSamples #4: frames=736, sampleCount=1472, nonZero=False, hex=00-00-00-00-00-00-00-00-00-00-00-00-00-00-00-00, volume=1,00, buffered=2944, playState=Playing
[13:23:54.264] +47:35.729 [BATCH_RAW   ] #5: frames=736, rawNonZero=False, hex=00-00-00-00-00-00-00-00-00-00-00-00-00-00-00-00-00-00-00-00-00-00-00-00-00-00-00-00-00-00-00-00, ptr=0x7FFA56A1DD40, subscribers=1
[13:23:54.264] +47:35.729 [AUDIO_RAW   ] WriteSamples #5: frames=736, rawNonZero=False, rawHex=00-00-00-00-00-00-00-00-00-00-00-00-00-00-00-00-00-00-00-00-00-00-00-00-00-00-00-00-00-00-00-00
[13:23:54.264] +47:35.729 [AUDIO       ] WriteSamples #5: frames=736, sampleCount=1472, nonZero=False, hex=00-00-00-00-00-00-00-00-00-00-00-00-00-00-00-00, volume=1,00, buffered=5888, playState=Playing
[13:23:54.280] +47:35.746 [AUDIO_RAW   ] WriteSamples #6: frames=736, rawNonZero=False, rawHex=00-00-00-00-00-00-00-00-00-00-00-00-00-00-00-00-00-00-00-00-00-00-00-00-00-00-00-00-00-00-00-00
[13:23:54.280] +47:35.746 [AUDIO       ] WriteSamples #6: frames=736, sampleCount=1472, nonZero=False, hex=00-00-00-00-00-00-00-00-00-00-00-00-00-00-00-00, volume=1,00, buffered=2944, playState=Playing
[13:23:54.297] +47:35.763 [AUDIO_RAW   ] WriteSamples #7: frames=736, rawNonZero=False, rawHex=00-00-00-00-00-00-00-00-00-00-00-00-00-00-00-00-00-00-00-00-00-00-00-00-00-00-00-00-00-00-00-00
[13:23:54.297] +47:35.763 [AUDIO       ] WriteSamples #7: frames=736, sampleCount=1472, nonZero=False, hex=00-00-00-00-00-00-00-00-00-00-00-00-00-00-00-00, volume=1,00, buffered=5888, playState=Playing
[13:23:54.314] +47:35.780 [AUDIO_RAW   ] WriteSamples #8: frames=736, rawNonZero=False, rawHex=00-00-00-00-00-00-00-00-00-00-00-00-00-00-00-00-00-00-00-00-00-00-00-00-00-00-00-00-00-00-00-00
[13:23:54.314] +47:35.780 [AUDIO       ] WriteSamples #8: frames=736, sampleCount=1472, nonZero=False, hex=00-00-00-00-00-00-00-00-00-00-00-00-00-00-00-00, volume=1,00, buffered=4068, playState=Playing
[13:23:54.330] +47:35.796 [AUDIO_RAW   ] WriteSamples #9: frames=736, rawNonZero=False, rawHex=00-00-00-00-00-00-00-00-00-00-00-00-00-00-00-00-00-00-00-00-00-00-00-00-00-00-00-00-00-00-00-00
[13:23:54.330] +47:35.796 [AUDIO       ] WriteSamples #9: frames=736, sampleCount=1472, nonZero=False, hex=00-00-00-00-00-00-00-00-00-00-00-00-00-00-00-00, volume=1,00, buffered=7012, playState=Playing
[13:23:54.347] +47:35.813 [BATCH_RAW   ] #10: frames=736, rawNonZero=False, hex=00-00-00-00-00-00-00-00-00-00-00-00-00-00-00-00-00-00-00-00-00-00-00-00-00-00-00-00-00-00-00-00, ptr=0x7FFA56A1DD40, subscribers=1
[13:23:54.347] +47:35.813 [AUDIO_RAW   ] WriteSamples #10: frames=736, rawNonZero=False, rawHex=00-00-00-00-00-00-00-00-00-00-00-00-00-00-00-00-00-00-00-00-00-00-00-00-00-00-00-00-00-00-00-00
[13:23:54.347] +47:35.813 [AUDIO       ] WriteSamples #10: frames=736, sampleCount=1472, nonZero=False, hex=00-00-00-00-00-00-00-00-00-00-00-00-00-00-00-00, volume=1,00, buffered=5192, playState=Playing
[13:23:54.431] +47:35.896 [BATCH_RAW   ] #15: frames=736, rawNonZero=False, hex=00-00-00-00-00-00-00-00-00-00-00-00-00-00-00-00-00-00-00-00-00-00-00-00-00-00-00-00-00-00-00-00, ptr=0x7FFA56A1DD40, subscribers=1
[13:23:54.514] +47:35.980 [BATCH_RAW   ] #20: frames=735, rawNonZero=False, hex=00-00-00-00-00-00-00-00-00-00-00-00-00-00-00-00-00-00-00-00-00-00-00-00-00-00-00-00-00-00-00-00, ptr=0x7FFA56A1DD40, subscribers=1
[13:23:54.597] +47:36.063 [BATCH_RAW   ] #25: frames=736, rawNonZero=False, hex=00-00-00-00-00-00-00-00-00-00-00-00-00-00-00-00-00-00-00-00-00-00-00-00-00-00-00-00-00-00-00-00, ptr=0x7FFA56A1DD40, subscribers=1
[13:23:54.681] +47:36.147 [BATCH_RAW   ] #30: frames=736, rawNonZero=False, hex=00-00-00-00-00-00-00-00-00-00-00-00-00-00-00-00-00-00-00-00-00-00-00-00-00-00-00-00-00-00-00-00, ptr=0x7FFA56A1DD40, subscribers=1
[13:23:55.182] +47:36.647 [CALLBACK    ] AudioBatch #60: totalSingle=0, totalBatch=60
[13:23:56.084] +47:37.550 [AUDIO       ] Dispose — calls=113, frames=83162, nonZero=0
[13:23:56.084] +47:37.550 [AUDIO       ] Shutdown, PlaybackState=Playing
[13:24:15.882] +47:57.348 [SYSTEM      ] ═══════════════════════════════════════
[13:24:15.882] +47:57.348 [SYSTEM      ] Oturum Sonu — Toplam Süre: 00:47:57.348
[13:24:15.882] +47:57.348 [SYSTEM      ] Exit Code: 0
[13:24:15.882] +47:57.348 [SYSTEM      ] ═══════════════════════════════════════
