[11:39:19.746] +00:00.004 [SYSTEM      ] ═══════════════════════════════════════
[11:39:19.747] +00:00.005 [SYSTEM      ] YDrive — Oturum Başladı
[11:39:19.747] +00:00.005 [SYSTEM      ] Zaman       : 2026-08-02 11:39:19
[11:39:19.747] +00:00.005 [SYSTEM      ] Log Dosyası : C:\Users\Yiğit\Desktop\YDrive first\bin\Debug\logs\diag_20260802_113919.log
[11:39:19.747] +00:00.005 [SYSTEM      ] OS          : Microsoft Windows NT 10.0.26200.0
[11:39:19.747] +00:00.005 [SYSTEM      ] 64-bit      : True
[11:39:19.747] +00:00.005 [SYSTEM      ] .NET Sürümü : 8.0.29
[11:39:19.747] +00:00.005 [SYSTEM      ] ═══════════════════════════════════════
[11:39:19.747] +00:00.005 [CORE        ] Callback'ler kaydedildi (Init öncesi) — Environment, Video, AudioSample, AudioBatch, Input
[11:39:19.747] +00:00.005 [ENV         ] GET_LOG_INTERFACE → log callback kaydedildi
[11:39:19.747] +00:00.005 [CORE        ] retro_init() tamamlandı
[11:39:19.748] +00:00.006 [CORE        ] Yüklendi: Genesis Plus GX vv1.7.4 ca93fec | NeedFullPath: True
[11:39:19.750] +00:00.008 [AUDIO       ] ══ Initialize sampleRate=44100 ══
[11:39:19.750] +00:00.008 [AUDIO       ] BufferedWaveProvider: 44100Hz 16bit 2ch, bufLen=352800
[11:39:20.178] +00:00.436 [AUDIO       ] ✓ WaveOutEvent başlatıldı, PlaybackState=Playing
[11:39:20.179] +00:00.437 [AUDIO       ] Volume başlangıç seviyesi: 1,000
[11:39:20.181] +00:00.439 [CORE        ] Kısa yol üretildi: C:\Users\Public\SONICT~1\SONICT~1.MD
[11:39:20.181] +00:00.440 [CORE        ] Tüm callback'ler yeniden kaydedildi — Env=True, Video=True, AudioSample=True, AudioBatch=True, InputPoll=True, InputState=True
[11:39:20.181] +00:00.440 [CORE        ] retro_load_game çağrılıyor — NeedFullPath=True, Size=524288 bytes
[11:39:20.182] +00:00.440 [CORE_INFO   ] Frontend supports RGB565 - will use that instead of XRGB1555.
[11:39:20.182] +00:00.440 [GET_VAR     ] Key: genesis_plus_gx_system_bram → null
[11:39:20.182] +00:00.440 [GET_VAR     ] Key: genesis_plus_gx_cart_size → null
[11:39:20.182] +00:00.440 [GET_VAR     ] Key: genesis_plus_gx_cart_bram → null
[11:39:20.182] +00:00.440 [GET_VAR     ] Key: genesis_plus_gx_system_hw → auto
[11:39:20.182] +00:00.440 [GET_VAR     ] Key: genesis_plus_gx_bios → disabled
[11:39:20.182] +00:00.440 [GET_VAR     ] Key: genesis_plus_gx_region_detect → auto
[11:39:20.182] +00:00.440 [GET_VAR     ] Key: genesis_plus_gx_vdp_mode → null
[11:39:20.182] +00:00.440 [GET_VAR     ] Key: genesis_plus_gx_force_dtack → enabled
[11:39:20.182] +00:00.440 [GET_VAR     ] Key: genesis_plus_gx_addr_error → enabled
[11:39:20.182] +00:00.440 [GET_VAR     ] Key: genesis_plus_gx_cd_latency → null
[11:39:20.182] +00:00.440 [GET_VAR     ] Key: genesis_plus_gx_cd_precache → null
[11:39:20.217] +00:00.440 [GET_VAR     ] Key: genesis_plus_gx_add_on → null
[11:39:20.217] +00:00.475 [GET_VAR     ] Key: genesis_plus_gx_lock_on → null
[11:39:20.217] +00:00.475 [GET_VAR_AUDIO] KEY=genesis_plus_gx_ym2413 → VALUE=enabled
[11:39:20.217] +00:00.475 [GET_VAR_AUDIO] KEY=genesis_plus_gx_ym2413_core → VALUE=null (unhandled!)
[11:39:20.217] +00:00.475 [GET_VAR_AUDIO] KEY=genesis_plus_gx_sound_output → VALUE=stereo
[11:39:20.217] +00:00.475 [GET_VAR_AUDIO] KEY=genesis_plus_gx_psg_preamp → VALUE=150
[11:39:20.217] +00:00.475 [GET_VAR_AUDIO] KEY=genesis_plus_gx_fm_preamp → VALUE=150
[11:39:20.217] +00:00.475 [GET_VAR     ] Key: genesis_plus_gx_cdda_volume → 100
[11:39:20.217] +00:00.475 [GET_VAR     ] Key: genesis_plus_gx_pcm_volume → 100
[11:39:20.217] +00:00.475 [GET_VAR_AUDIO] KEY=genesis_plus_gx_audio_filter → VALUE=disabled
[11:39:20.217] +00:00.475 [GET_VAR     ] Key: genesis_plus_gx_lowpass_range → 60
[11:39:20.217] +00:00.475 [GET_VAR_AUDIO] KEY=genesis_plus_gx_audio_eq_low → VALUE=null (unhandled!)
[11:39:20.217] +00:00.475 [GET_VAR_AUDIO] KEY=genesis_plus_gx_audio_eq_mid → VALUE=null (unhandled!)
[11:39:20.217] +00:00.475 [GET_VAR_AUDIO] KEY=genesis_plus_gx_audio_eq_high → VALUE=null (unhandled!)
[11:39:20.217] +00:00.475 [GET_VAR_AUDIO] KEY=genesis_plus_gx_ym2612 → VALUE=nuked
[11:39:20.217] +00:00.475 [GET_VAR     ] Key: genesis_plus_gx_frameskip → disabled
[11:39:20.217] +00:00.475 [GET_VAR     ] Key: genesis_plus_gx_frameskip_threshold → null
[11:39:20.217] +00:00.475 [GET_VAR     ] Key: genesis_plus_gx_blargg_ntsc_filter → null
[11:39:20.217] +00:00.475 [GET_VAR     ] Key: genesis_plus_gx_lcd_filter → null
[11:39:20.217] +00:00.475 [GET_VAR     ] Key: genesis_plus_gx_overscan → disabled
[11:39:20.217] +00:00.475 [GET_VAR     ] Key: genesis_plus_gx_gg_extra → disabled
[11:39:20.217] +00:00.475 [GET_VAR     ] Key: genesis_plus_gx_aspect_ratio → null
[11:39:20.217] +00:00.475 [GET_VAR     ] Key: genesis_plus_gx_render → single field
[11:39:20.217] +00:00.475 [GET_VAR     ] Key: genesis_plus_gx_gun_cursor → no
[11:39:20.217] +00:00.475 [GET_VAR     ] Key: genesis_plus_gx_gun_input → null
[11:39:20.217] +00:00.475 [GET_VAR     ] Key: genesis_plus_gx_invert_mouse → no
[11:39:20.217] +00:00.475 [GET_VAR     ] Key: genesis_plus_gx_left_border → null
[11:39:20.217] +00:00.475 [GET_VAR     ] Key: genesis_plus_gx_overclock → 100%
[11:39:20.217] +00:00.475 [GET_VAR     ] Key: genesis_plus_gx_no_sprite_limit → disabled
[11:39:20.217] +00:00.475 [GET_VAR     ] Key: genesis_plus_gx_enhanced_vscroll → null
[11:39:20.217] +00:00.475 [GET_VAR     ] Key: genesis_plus_gx_enhanced_vscroll_limit → null
[11:39:20.217] +00:00.475 [GET_VAR_AUDIO] KEY=genesis_plus_gx_psg_channel_0_volume → VALUE=null (unhandled!)
[11:39:20.217] +00:00.475 [GET_VAR_AUDIO] KEY=genesis_plus_gx_psg_channel_1_volume → VALUE=null (unhandled!)
[11:39:20.217] +00:00.475 [GET_VAR_AUDIO] KEY=genesis_plus_gx_psg_channel_2_volume → VALUE=null (unhandled!)
[11:39:20.217] +00:00.475 [GET_VAR_AUDIO] KEY=genesis_plus_gx_psg_channel_3_volume → VALUE=null (unhandled!)
[11:39:20.217] +00:00.475 [GET_VAR     ] Key: genesis_plus_gx_md_channel_0_volume → null
[11:39:20.217] +00:00.475 [GET_VAR     ] Key: genesis_plus_gx_md_channel_1_volume → null
[11:39:20.217] +00:00.475 [GET_VAR     ] Key: genesis_plus_gx_md_channel_2_volume → null
[11:39:20.217] +00:00.475 [GET_VAR     ] Key: genesis_plus_gx_md_channel_3_volume → null
[11:39:20.217] +00:00.475 [GET_VAR     ] Key: genesis_plus_gx_md_channel_4_volume → null
[11:39:20.217] +00:00.475 [GET_VAR     ] Key: genesis_plus_gx_md_channel_5_volume → null
[11:39:20.217] +00:00.475 [GET_VAR     ] Key: genesis_plus_gx_sms_fm_channel_0_volume → null
[11:39:20.217] +00:00.475 [GET_VAR     ] Key: genesis_plus_gx_sms_fm_channel_1_volume → null
[11:39:20.217] +00:00.475 [GET_VAR     ] Key: genesis_plus_gx_sms_fm_channel_2_volume → null
[11:39:20.217] +00:00.475 [GET_VAR     ] Key: genesis_plus_gx_sms_fm_channel_3_volume → null
[11:39:20.217] +00:00.475 [GET_VAR     ] Key: genesis_plus_gx_sms_fm_channel_4_volume → null
[11:39:20.217] +00:00.475 [GET_VAR     ] Key: genesis_plus_gx_sms_fm_channel_5_volume → null
[11:39:20.217] +00:00.475 [GET_VAR     ] Key: genesis_plus_gx_sms_fm_channel_6_volume → null
[11:39:20.217] +00:00.475 [GET_VAR     ] Key: genesis_plus_gx_sms_fm_channel_7_volume → null
[11:39:20.217] +00:00.475 [GET_VAR     ] Key: genesis_plus_gx_sms_fm_channel_8_volume → null
[11:39:20.217] +00:00.475 [GET_VAR_AUDIO] KEY=genesis_plus_gx_show_advanced_audio_settings → VALUE=null (unhandled!)
[11:39:20.217] +00:00.475 [CORE_DEBUG  ] Game Genie ROM should be located at: C:\Users\YiÄŸit\Desktop\YDrive first\bin\system\ggenie.bin
[11:39:20.217] +00:00.475 [CORE_DEBUG  ] Action Replay (Pro) ROM should be located at: C:\Users\YiÄŸit\Desktop\YDrive first\bin\system\areplay.bin
[11:39:20.217] +00:00.475 [CORE_DEBUG  ] Sonic & Knuckles (2 MB) ROM should be located at: C:\Users\YiÄŸit\Desktop\YDrive first\bin\system\sk.bin
[11:39:20.217] +00:00.476 [CORE_DEBUG  ] Sonic & Knuckles UPMEM (256 KB) ROM should be located at: C:\Users\YiÄŸit\Desktop\YDrive first\bin\system\sk2chip.bin
[11:39:20.217] +00:00.476 [CORE_DEBUG  ] Mega Drive TMSS BOOTROM should be located at: C:\Users\YiÄŸit\Desktop\YDrive first\bin\system\bios_MD.bin
[11:39:20.217] +00:00.476 [CORE_DEBUG  ] Game Gear TMSS BOOTROM should be located at: C:\Users\YiÄŸit\Desktop\YDrive first\bin\system\bios.gg
[11:39:20.217] +00:00.476 [CORE_DEBUG  ] Master System (PAL) BOOTROM should be located at: C:\Users\YiÄŸit\Desktop\YDrive first\bin\system\bios_E.sms
[11:39:20.217] +00:00.476 [CORE_DEBUG  ] Master System (NTSC-U) BOOTROM should be located at: C:\Users\YiÄŸit\Desktop\YDrive first\bin\system\bios_U.sms
[11:39:20.217] +00:00.476 [CORE_DEBUG  ] Master System (NTSC-J) BOOTROM should be located at: C:\Users\YiÄŸit\Desktop\YDrive first\bin\system\bios_J.sms
[11:39:20.217] +00:00.476 [CORE_DEBUG  ] Mega CD (PAL) BIOS should be located at: C:\Users\YiÄŸit\Desktop\YDrive first\bin\system\bios_CD_E.bin
[11:39:20.217] +00:00.476 [CORE_DEBUG  ] Sega CD (NTSC-U) BIOS should be located at: C:\Users\YiÄŸit\Desktop\YDrive first\bin\system\bios_CD_U.bin
[11:39:20.217] +00:00.476 [CORE_DEBUG  ] Mega CD (NTSC-J) BIOS should be located at: C:\Users\YiÄŸit\Desktop\YDrive first\bin\system\bios_CD_J.bin
[11:39:20.217] +00:00.476 [CORE_DEBUG  ] Mega CD (PAL) BRAM is located at: C:\Users\YiÄŸit\Desktop\YDrive first\bin\saves\scd_E.brm
[11:39:20.217] +00:00.476 [CORE_DEBUG  ] Sega CD (NTSC-U) BRAM is located at: C:\Users\YiÄŸit\Desktop\YDrive first\bin\saves\scd_U.brm
[11:39:20.217] +00:00.476 [CORE_DEBUG  ] Mega CD (NTSC-J) BRAM is located at: C:\Users\YiÄŸit\Desktop\YDrive first\bin\saves\scd_J.brm
[11:39:20.217] +00:00.476 [CORE_DEBUG  ] Sega/Mega CD RAM CART is located at: 
[11:39:20.218] +00:00.477 [CORE_INFO   ] Loading 524288 bytes ...
[11:39:20.223] +00:00.481 [CORE        ] AV Bilgisi — FPS: 59,92, SampleRate: 44100, Çözünürlük: 256x192, AspectRatio: 1,524
[11:39:20.230] +00:00.489 [BATCH_RAW   ] #1: frames=735, rawNonZero=False, hex=00-00-00-00-00-00-00-00-00-00-00-00-00-00-00-00-00-00-00-00-00-00-00-00-00-00-00-00-00-00-00-00, ptr=0x7FFA57FFDD40, subscribers=1
[11:39:20.231] +00:00.489 [AUDIO_RAW   ] WriteSamples #1: frames=735, rawNonZero=False, rawHex=00-00-00-00-00-00-00-00-00-00-00-00-00-00-00-00-00-00-00-00-00-00-00-00-00-00-00-00-00-00-00-00
[11:39:20.231] +00:00.489 [AUDIO       ] ⚡ WaveOut durmuştu → Play() çağrıldı
[11:39:20.232] +00:00.490 [AUDIO       ] WriteSamples #1: frames=735, sampleCount=1470, nonZero=False, hex=00-00-00-00-00-00-00-00-00-00-00-00-00-00-00-00, volume=1,00, buffered=2940, playState=Playing
[11:39:20.244] +00:00.502 [BATCH_RAW   ] #2: frames=736, rawNonZero=False, hex=00-00-00-00-00-00-00-00-00-00-00-00-00-00-00-00-00-00-00-00-00-00-00-00-00-00-00-00-00-00-00-00, ptr=0x7FFA57FFDD40, subscribers=1
[11:39:20.244] +00:00.502 [AUDIO_RAW   ] WriteSamples #2: frames=736, rawNonZero=False, rawHex=00-00-00-00-00-00-00-00-00-00-00-00-00-00-00-00-00-00-00-00-00-00-00-00-00-00-00-00-00-00-00-00
[11:39:20.244] +00:00.502 [AUDIO       ] WriteSamples #2: frames=736, sampleCount=1472, nonZero=False, hex=00-00-00-00-00-00-00-00-00-00-00-00-00-00-00-00, volume=1,00, buffered=2944, playState=Playing
[11:39:20.260] +00:00.518 [BATCH_RAW   ] #3: frames=736, rawNonZero=False, hex=00-00-00-00-00-00-00-00-00-00-00-00-00-00-00-00-00-00-00-00-00-00-00-00-00-00-00-00-00-00-00-00, ptr=0x7FFA57FFDD40, subscribers=1
[11:39:20.260] +00:00.518 [AUDIO_RAW   ] WriteSamples #3: frames=736, rawNonZero=False, rawHex=00-00-00-00-00-00-00-00-00-00-00-00-00-00-00-00-00-00-00-00-00-00-00-00-00-00-00-00-00-00-00-00
[11:39:20.260] +00:00.518 [AUDIO       ] WriteSamples #3: frames=736, sampleCount=1472, nonZero=False, hex=00-00-00-00-00-00-00-00-00-00-00-00-00-00-00-00, volume=1,00, buffered=5888, playState=Playing
[11:39:20.278] +00:00.536 [BATCH_RAW   ] #4: frames=736, rawNonZero=False, hex=00-00-00-00-00-00-00-00-00-00-00-00-00-00-00-00-00-00-00-00-00-00-00-00-00-00-00-00-00-00-00-00, ptr=0x7FFA57FFDD40, subscribers=1
[11:39:20.278] +00:00.536 [AUDIO_RAW   ] WriteSamples #4: frames=736, rawNonZero=False, rawHex=00-00-00-00-00-00-00-00-00-00-00-00-00-00-00-00-00-00-00-00-00-00-00-00-00-00-00-00-00-00-00-00
[11:39:20.278] +00:00.536 [AUDIO       ] WriteSamples #4: frames=736, sampleCount=1472, nonZero=False, hex=00-00-00-00-00-00-00-00-00-00-00-00-00-00-00-00, volume=1,00, buffered=2944, playState=Playing
[11:39:20.300] +00:00.556 [BATCH_RAW   ] #5: frames=736, rawNonZero=False, hex=00-00-00-00-00-00-00-00-00-00-00-00-00-00-00-00-00-00-00-00-00-00-00-00-00-00-00-00-00-00-00-00, ptr=0x7FFA57FFDD40, subscribers=1
[11:39:20.300] +00:00.558 [AUDIO_RAW   ] WriteSamples #5: frames=736, rawNonZero=False, rawHex=00-00-00-00-00-00-00-00-00-00-00-00-00-00-00-00-00-00-00-00-00-00-00-00-00-00-00-00-00-00-00-00
[11:39:20.300] +00:00.558 [AUDIO       ] WriteSamples #5: frames=736, sampleCount=1472, nonZero=False, hex=00-00-00-00-00-00-00-00-00-00-00-00-00-00-00-00, volume=1,00, buffered=5888, playState=Playing
[11:39:20.310] +00:00.568 [AUDIO_RAW   ] WriteSamples #6: frames=736, rawNonZero=False, rawHex=00-00-00-00-00-00-00-00-00-00-00-00-00-00-00-00-00-00-00-00-00-00-00-00-00-00-00-00-00-00-00-00
[11:39:20.310] +00:00.568 [AUDIO       ] WriteSamples #6: frames=736, sampleCount=1472, nonZero=False, hex=00-00-00-00-00-00-00-00-00-00-00-00-00-00-00-00, volume=1,00, buffered=8832, playState=Playing
[11:39:20.327] +00:00.585 [AUDIO_RAW   ] WriteSamples #7: frames=736, rawNonZero=False, rawHex=00-00-00-00-00-00-00-00-00-00-00-00-00-00-00-00-00-00-00-00-00-00-00-00-00-00-00-00-00-00-00-00
[11:39:20.327] +00:00.585 [AUDIO       ] WriteSamples #7: frames=736, sampleCount=1472, nonZero=False, hex=00-00-00-00-00-00-00-00-00-00-00-00-00-00-00-00, volume=1,00, buffered=2944, playState=Playing
[11:39:20.344] +00:00.602 [AUDIO_RAW   ] WriteSamples #8: frames=736, rawNonZero=False, rawHex=00-00-00-00-00-00-00-00-00-00-00-00-00-00-00-00-00-00-00-00-00-00-00-00-00-00-00-00-00-00-00-00
[11:39:20.344] +00:00.602 [AUDIO       ] WriteSamples #8: frames=736, sampleCount=1472, nonZero=False, hex=00-00-00-00-00-00-00-00-00-00-00-00-00-00-00-00, volume=1,00, buffered=2944, playState=Playing
[11:39:20.360] +00:00.618 [AUDIO_RAW   ] WriteSamples #9: frames=736, rawNonZero=False, rawHex=00-00-00-00-00-00-00-00-00-00-00-00-00-00-00-00-00-00-00-00-00-00-00-00-00-00-00-00-00-00-00-00
[11:39:20.360] +00:00.619 [AUDIO       ] WriteSamples #9: frames=736, sampleCount=1472, nonZero=False, hex=00-00-00-00-00-00-00-00-00-00-00-00-00-00-00-00, volume=1,00, buffered=5888, playState=Playing
[11:39:20.377] +00:00.635 [BATCH_RAW   ] #10: frames=736, rawNonZero=False, hex=00-00-00-00-00-00-00-00-00-00-00-00-00-00-00-00-00-00-00-00-00-00-00-00-00-00-00-00-00-00-00-00, ptr=0x7FFA57FFDD40, subscribers=1
[11:39:20.377] +00:00.635 [AUDIO_RAW   ] WriteSamples #10: frames=736, rawNonZero=False, rawHex=00-00-00-00-00-00-00-00-00-00-00-00-00-00-00-00-00-00-00-00-00-00-00-00-00-00-00-00-00-00-00-00
[11:39:20.377] +00:00.635 [AUDIO       ] WriteSamples #10: frames=736, sampleCount=1472, nonZero=False, hex=00-00-00-00-00-00-00-00-00-00-00-00-00-00-00-00, volume=1,00, buffered=4068, playState=Playing
[11:39:20.461] +00:00.719 [BATCH_RAW   ] #15: frames=736, rawNonZero=False, hex=00-00-00-00-00-00-00-00-00-00-00-00-00-00-00-00-00-00-00-00-00-00-00-00-00-00-00-00-00-00-00-00, ptr=0x7FFA57FFDD40, subscribers=1
[11:39:20.544] +00:00.802 [BATCH_RAW   ] #20: frames=735, rawNonZero=False, hex=00-00-00-00-00-00-00-00-00-00-00-00-00-00-00-00-00-00-00-00-00-00-00-00-00-00-00-00-00-00-00-00, ptr=0x7FFA57FFDD40, subscribers=1
[11:39:20.627] +00:00.885 [BATCH_RAW   ] #25: frames=736, rawNonZero=False, hex=00-00-00-00-00-00-00-00-00-00-00-00-00-00-00-00-00-00-00-00-00-00-00-00-00-00-00-00-00-00-00-00, ptr=0x7FFA57FFDD40, subscribers=1
[11:39:20.711] +00:00.969 [BATCH_RAW   ] #30: frames=736, rawNonZero=False, hex=00-00-00-00-00-00-00-00-00-00-00-00-00-00-00-00-00-00-00-00-00-00-00-00-00-00-00-00-00-00-00-00, ptr=0x7FFA57FFDD40, subscribers=1
[11:39:21.211] +00:01.470 [CALLBACK    ] AudioBatch #60: totalSingle=0, totalBatch=60
[11:39:22.213] +00:02.471 [CALLBACK    ] AudioBatch #120: totalSingle=0, totalBatch=120
[11:39:23.215] +00:03.473 [CALLBACK    ] AudioBatch #180: totalSingle=0, totalBatch=180
[11:39:23.215] +00:03.473 [AUDIO       ] WriteSamples #180: totalFrames=132470, nonZero=14/180, buffered=5212, playState=Playing
[11:39:24.215] +00:04.473 [CALLBACK    ] AudioBatch #240: totalSingle=0, totalBatch=240
[11:39:25.217] +00:05.475 [CALLBACK    ] AudioBatch #300: totalSingle=0, totalBatch=300
[11:39:26.218] +00:06.476 [CALLBACK    ] AudioBatch #360: totalSingle=0, totalBatch=360
[11:39:26.218] +00:06.477 [AUDIO       ] WriteSamples #360: totalFrames=264941, nonZero=111/360, buffered=6404, playState=Playing
[11:39:27.219] +00:07.478 [CALLBACK    ] AudioBatch #420: totalSingle=0, totalBatch=420
[11:39:28.221] +00:08.479 [CALLBACK    ] AudioBatch #480: totalSingle=0, totalBatch=480
[11:39:29.222] +00:09.480 [CALLBACK    ] AudioBatch #540: totalSingle=0, totalBatch=540
[11:39:29.222] +00:09.480 [AUDIO       ] WriteSamples #540: totalFrames=397411, nonZero=129/540, buffered=7528, playState=Playing
[11:39:30.224] +00:10.482 [CALLBACK    ] AudioBatch #600: totalSingle=0, totalBatch=600
[11:39:31.225] +00:11.483 [CALLBACK    ] AudioBatch #660: totalSingle=0, totalBatch=660
[11:39:32.226] +00:12.484 [CALLBACK    ] AudioBatch #720: totalSingle=0, totalBatch=720
[11:39:32.226] +00:12.484 [AUDIO       ] WriteSamples #720: totalFrames=529882, nonZero=300/720, buffered=3844, playState=Playing
[11:39:33.227] +00:13.486 [CALLBACK    ] AudioBatch #780: totalSingle=0, totalBatch=780
[11:39:34.229] +00:14.487 [CALLBACK    ] AudioBatch #840: totalSingle=0, totalBatch=840
[11:39:35.230] +00:15.488 [CALLBACK    ] AudioBatch #900: totalSingle=0, totalBatch=900
[11:39:35.230] +00:15.488 [AUDIO       ] WriteSamples #900: totalFrames=662352, nonZero=480/900, buffered=4920, playState=Playing
